Component: ARM Compiler 5.06 update 4 (build 422) Tool: armlink [4d35d2]

==============================================================================

Section Cross References

    main.o(.text) refers to usart.o(.text) for uart_init
    main.o(.text) refers to delay.o(.text) for delay_init
    main.o(.text) refers to oled.o(.text) for OLED_Init
    main.o(.text) refers to adc.o(.text) for ADC3_Init
    main.o(.text) refers to led.o(.text) for LED_Init
    main.o(.text) refers to key.o(.text) for KEY_Init
    main.o(.text) refers to pwm.o(.text) for TIM3_Timer_Init
    main.o(.text) refers to misc.o(.text) for NVIC_PriorityGroupConfig
    system_stm32f4xx.o(.text) refers to system_stm32f4xx.o(.data) for SystemCoreClock
    startup_stm32f40_41xxx.o(STACK) refers (Special) to heapauxi.o(.text) for __use_two_region_memory
    startup_stm32f40_41xxx.o(HEAP) refers (Special) to heapauxi.o(.text) for __use_two_region_memory
    startup_stm32f40_41xxx.o(RESET) refers (Special) to heapauxi.o(.text) for __use_two_region_memory
    startup_stm32f40_41xxx.o(RESET) refers to startup_stm32f40_41xxx.o(STACK) for __initial_sp
    startup_stm32f40_41xxx.o(RESET) refers to startup_stm32f40_41xxx.o(.text) for Reset_Handler
    startup_stm32f40_41xxx.o(RESET) refers to stm32f4xx_it.o(.text) for NMI_Handler
    startup_stm32f40_41xxx.o(RESET) refers to exti.o(.text) for EXTI9_5_IRQHandler
    startup_stm32f40_41xxx.o(RESET) refers to pwm.o(.text) for TIM3_IRQHandler
    startup_stm32f40_41xxx.o(RESET) refers to usart.o(.text) for USART1_IRQHandler
    startup_stm32f40_41xxx.o(.text) refers (Special) to heapauxi.o(.text) for __use_two_region_memory
    startup_stm32f40_41xxx.o(.text) refers to system_stm32f4xx.o(.text) for SystemInit
    startup_stm32f40_41xxx.o(.text) refers to __main.o(!!!main) for __main
    startup_stm32f40_41xxx.o(.text) refers to startup_stm32f40_41xxx.o(HEAP) for Heap_Mem
    startup_stm32f40_41xxx.o(.text) refers to startup_stm32f40_41xxx.o(STACK) for Stack_Mem
    stm32f4xx_adc.o(.text) refers to stm32f4xx_rcc.o(.text) for RCC_APB2PeriphResetCmd
    stm32f4xx_can.o(.text) refers to stm32f4xx_rcc.o(.text) for RCC_APB1PeriphResetCmd
    stm32f4xx_cryp.o(.text) refers to stm32f4xx_rcc.o(.text) for RCC_AHB2PeriphResetCmd
    stm32f4xx_cryp_aes.o(.text) refers to stm32f4xx_cryp.o(.text) for CRYP_KeyStructInit
    stm32f4xx_cryp_des.o(.text) refers to stm32f4xx_cryp.o(.text) for CRYP_KeyStructInit
    stm32f4xx_cryp_tdes.o(.text) refers to stm32f4xx_cryp.o(.text) for CRYP_KeyStructInit
    stm32f4xx_dac.o(.text) refers to stm32f4xx_rcc.o(.text) for RCC_APB1PeriphResetCmd
    stm32f4xx_dma2d.o(.text) refers to stm32f4xx_rcc.o(.text) for RCC_AHB1PeriphResetCmd
    stm32f4xx_fsmc.o(.text) refers to stm32f4xx_fsmc.o(.constdata) for FSMC_DefaultTimingStruct
    stm32f4xx_gpio.o(.text) refers to stm32f4xx_rcc.o(.text) for RCC_AHB1PeriphResetCmd
    stm32f4xx_hash.o(.text) refers to stm32f4xx_rcc.o(.text) for RCC_AHB2PeriphResetCmd
    stm32f4xx_hash_md5.o(.text) refers to stm32f4xx_hash.o(.text) for HASH_DeInit
    stm32f4xx_hash_sha1.o(.text) refers to stm32f4xx_hash.o(.text) for HASH_DeInit
    stm32f4xx_i2c.o(.text) refers to stm32f4xx_rcc.o(.text) for RCC_APB1PeriphResetCmd
    stm32f4xx_ltdc.o(.text) refers to stm32f4xx_rcc.o(.text) for RCC_APB2PeriphResetCmd
    stm32f4xx_pwr.o(.text) refers to stm32f4xx_rcc.o(.text) for RCC_APB1PeriphResetCmd
    stm32f4xx_rcc.o(.text) refers to stm32f4xx_rcc.o(.data) for APBAHBPrescTable
    stm32f4xx_rng.o(.text) refers to stm32f4xx_rcc.o(.text) for RCC_AHB2PeriphResetCmd
    stm32f4xx_sai.o(.text) refers to stm32f4xx_rcc.o(.text) for RCC_APB2PeriphResetCmd
    stm32f4xx_sdio.o(.text) refers to stm32f4xx_rcc.o(.text) for RCC_APB2PeriphResetCmd
    stm32f4xx_spi.o(.text) refers to stm32f4xx_rcc.o(.text) for RCC_APB2PeriphResetCmd
    stm32f4xx_syscfg.o(.text) refers to stm32f4xx_rcc.o(.text) for RCC_APB2PeriphResetCmd
    stm32f4xx_tim.o(.text) refers to stm32f4xx_rcc.o(.text) for RCC_APB2PeriphResetCmd
    stm32f4xx_usart.o(.text) refers to stm32f4xx_rcc.o(.text) for RCC_APB2PeriphResetCmd
    stm32f4xx_wwdg.o(.text) refers to stm32f4xx_rcc.o(.text) for RCC_APB1PeriphResetCmd
    delay.o(.text) refers to misc.o(.text) for SysTick_CLKSourceConfig
    delay.o(.text) refers to delay.o(.data) for fac_us
    usart.o(.rev16_text) refers (Special) to use_no_semi_2.o(.text) for __use_no_semihosting
    usart.o(.revsh_text) refers (Special) to use_no_semi_2.o(.text) for __use_no_semihosting
    usart.o(.text) refers (Special) to use_no_semi_2.o(.text) for __use_no_semihosting
    usart.o(.text) refers to stm32f4xx_rcc.o(.text) for RCC_AHB1PeriphClockCmd
    usart.o(.text) refers to stm32f4xx_gpio.o(.text) for GPIO_PinAFConfig
    usart.o(.text) refers to stm32f4xx_usart.o(.text) for USART_Init
    usart.o(.text) refers to misc.o(.text) for NVIC_Init
    usart.o(.text) refers to usart.o(.data) for USART_RX_STA
    usart.o(.text) refers to usart.o(.bss) for USART_RX_BUF
[...]
    ..\\FWLIB\\src\\stm32f4xx_rcc.c          0x00000000   Number         0  stm32f4xx_rcc.o ABSOLUTE
    ..\\FWLIB\\src\\stm32f4xx_rng.c          0x00000000   Number         0  stm32f4xx_rng.o ABSOLUTE
    ..\\FWLIB\\src\\stm32f4xx_rtc.c          0x00000000   Number         0  stm32f4xx_rtc.o ABSOLUTE
    ..\\FWLIB\\src\\stm32f4xx_sai.c          0x00000000   Number         0  stm32f4xx_sai.o ABSOLUTE
    ..\\FWLIB\\src\\stm32f4xx_sdio.c         0x00000000   Number         0  stm32f4xx_sdio.o ABSOLUTE
    ..\\FWLIB\\src\\stm32f4xx_spi.c          0x00000000   Number         0  stm32f4xx_spi.o ABSOLUTE
    ..\\FWLIB\\src\\stm32f4xx_syscfg.c       0x00000000   Number         0  stm32f4xx_syscfg.o ABSOLUTE
    ..\\FWLIB\\src\\stm32f4xx_tim.c          0x00000000   Number         0  stm32f4xx_tim.o ABSOLUTE
    ..\\FWLIB\\src\\stm32f4xx_usart.c        0x00000000   Number         0  stm32f4xx_usart.o ABSOLUTE
    ..\\FWLIB\\src\\stm32f4xx_wwdg.c         0x00000000   Number         0  stm32f4xx_wwdg.o ABSOLUTE
    ..\\HARDWARE\\GY30\\bh1750.c             0x00000000   Number         0  bh1750.o ABSOLUTE
    ..\\HARDWARE\\LightControl\\led.c        0x00000000   Number         0  led.o ABSOLUTE
    ..\\INTERFACE\\adc.c                     0x00000000   Number         0  adc.o ABSOLUTE
    ..\\INTERFACE\\dac.c                     0x00000000   Number         0  dac.o ABSOLUTE
    ..\\INTERFACE\\exti.c                    0x00000000   Number         0  exti.o ABSOLUTE
    ..\\INTERFACE\\key.c                     0x00000000   Number         0  key.o ABSOLUTE
    ..\\INTERFACE\\myiic.c                   0x00000000   Number         0  myiic.o ABSOLUTE
    ..\\INTERFACE\\oled.c                    0x00000000   Number         0  oled.o ABSOLUTE
    ..\\INTERFACE\\pwm.c                     0x00000000   Number         0  pwm.o ABSOLUTE
    ..\\SYSTEM\\delay\\delay.c               0x00000000   Number         0  delay.o ABSOLUTE
    ..\\SYSTEM\\sys\\sys.c                   0x00000000   Number         0  sys.o ABSOLUTE
    ..\\SYSTEM\\usart\\usart.c               0x00000000   Number         0  usart.o ABSOLUTE
    PositionCalc.c                           0x00000000   Number         0  positioncalc.o ABSOLUTE
    PositionCalc.c                           0x00000000   Number         0  positioncalc.o ABSOLUTE
    dc.s                                     0x00000000   Number         0  dc.o ABSOLUTE
    main.c                                   0x00000000   Number         0  main.o ABSOLUTE
    main.c                                   0x00000000   Number         0  main.o ABSOLUTE
    stm32f4xx_it.c                           0x00000000   Number         0  stm32f4xx_it.o ABSOLUTE
    stm32f4xx_it.c                           0x00000000   Number         0  stm32f4xx_it.o ABSOLUTE
    system_stm32f4xx.c                       0x00000000   Number         0  system_stm32f4xx.o ABSOLUTE
    system_stm32f4xx.c                       0x00000000   Number         0  system_stm32f4xx.o ABSOLUTE
    RESET                                    0x08000000   Section      392  startup_stm32f40_41xxx.o(RESET)
    !!!main                                  0x08000188   Section        8  __main.o(!!!main)
    !!!scatter                               0x08000190   Section       52  __scatter.o(!!!scatter)
    !!handler_copy                           0x080001c4   Section       26  __scatter_copy.o(!!handler_copy)
    !!handler_zi                             0x080001e0   Section       28  __scatter_zi.o(!!handler_zi)
    .ARM.Collect$$_printf_percent$$00000000  0x080001fc   Section        0  _printf_percent.o(.ARM.Collect$$_printf_percent$$00000000)
    .ARM.Collect$$_printf_percent$$00000003  0x080001fc   Section        6  _printf_f.o(.ARM.Collect$$_printf_percent$$00000003)
    .ARM.Collect$$_printf_percent$$00000017  0x08000202   Section        4  _printf_percent_end.o(.ARM.Collect$$_printf_percent$$00000017)
    .ARM.Collect$$libinit$$00000000          0x08000206   Section        2  libinit.o(.ARM.Collect$$libinit$$00000000)
    .ARM.Collect$$libinit$$00000001          0x08000208   Section        4  libinit2.o(.ARM.Collect$$libinit$$00000001)
    .ARM.Collect$$libinit$$00000004          0x0800020c   Section        0  libinit2.o(.ARM.Collect$$libinit$$00000004)
    .ARM.Collect$$libinit$$0000000A          0x0800020c   Section        0  libinit2.o(.ARM.Collect$$libinit$$0000000A)
    .ARM.Collect$$libinit$$0000000C          0x0800020c   Section        0  libinit2.o(.ARM.Collect$$libinit$$0000000C)
    .ARM.Collect$$libinit$$0000000E          0x0800020c   Section        0  libinit2.o(.ARM.Collect$$libinit$$0000000E)
    .ARM.Collect$$libinit$$0000000F          0x0800020c   Section        6  libinit2.o(.ARM.Collect$$libinit$$0000000F)
    .ARM.Collect$$libinit$$00000011          0x08000212   Section        0  libinit2.o(.ARM.Collect$$libinit$$00000011)
    .ARM.Collect$$libinit$$00000013          0x08000212   Section        0  libinit2.o(.ARM.Collect$$libinit$$00000013)
    .ARM.Collect$$libinit$$00000015          0x08000212   Section        0  libinit2.o(.ARM.Collect$$libinit$$00000015)
    .ARM.Collect$$libinit$$00000016          0x08000212   Section       10  libinit2.o(.ARM.Collect$$libinit$$00000016)
    .ARM.Collect$$libinit$$00000017          0x0800021c   Section        0  libinit2.o(.ARM.Collect$$libinit$$00000017)
    .ARM.Collect$$libinit$$00000019          0x0800021c   Section        0  libinit2.o(.ARM.Collect$$libinit$$00000019)
    .ARM.Collect$$libinit$$0000001B          0x0800021c   Section        0  libinit2.o(.ARM.Collect$$libinit$$0000001B)
    .ARM.Collect$$libinit$$0000001D          0x0800021c   Section        0  libinit2.o(.ARM.Collect$$libinit$$0000001D)
    .ARM.Collect$$libinit$$0000001F          0x0800021c   Section        0  libinit2.o(.ARM.Collect$$libinit$$0000001F)
    .ARM.Collect$$libinit$$00000021          0x0800021c   Section        0  libinit2.o(.ARM.Collect$$libinit$$00000021)
    .ARM.Collect$$libinit$$00000023          0x0800021c   Section        0  libinit2.o(.ARM.Collect$$libinit$$00000023)
    .ARM.Collect$$libinit$$00000025          0x0800021c   Section        0  libinit2.o(.ARM.Collect$$libinit$$00000025)
    .ARM.Collect$$libinit$$0000002C          0x0800021c   Section        0  libinit2.o(.ARM.Collect$$libinit$$0000002C)
    .ARM.Collect$$libinit$$0000002E          0x0800021c   Section        0  libinit2.o(.ARM.Collect$$libinit$$0000002E)
    .ARM.Collect$$libinit$$00000030          0x0800021c   Section        0  libinit2.o(.ARM.Collect$$libinit$$00000030)
    .ARM.Collect$$libinit$$00000032          0x0800021c   Section        0  libinit2.o(.ARM.Collect$$libinit$$00000032)
    .ARM.Collect$$libinit$$00000033          0x0800021c   Section        2  libinit2.o(.ARM.Collect$$libinit$$00000033)
    .ARM.Collect$$libshutdown$$00000000      0x0800021e   Section        2  libshutdown.o(.ARM.Collect$$libshutdown$$00000000)
    .ARM.Collect$$libshutdown$$00000002      0x08000220   Section        0  libshutdown2.o(.ARM.Collect$$libshutdown$$00000002)
    .ARM.Collect$$libshutdown$$00000004      0x08000220   Section        0  libshutdown2.o(.ARM.Collect$$libshutdown$$00000004)
    .ARM.Collect$$libshutdown$$00000007      0x08000220   Section        0  libshutdown2.o(.ARM.Collect$$libshutdown$$00000007)
    .ARM.Collect$$libshutdown$$0000000A      0x08000220   Section        0  libshutdown2.o(.ARM.Collect$$libshutdown$$0000000A)
    .ARM.Collect$$libshutdown$$0000000C      0x08000220   Section        0  libshutdown2.o(.ARM.Collect$$libshutdown$$0000000C)
    .ARM.Collect$$libshutdown$$0000000F      0x08000220   Section        0  libshutdown2.o(.ARM.Collect$$libshutdown$$0000000F)
    .ARM.Collect$$libshutdown$$00000010      0x08000220   Section        2  libshutdown2.o(.ARM.Collect$$libshutdown$$00000010)
    .ARM.Collect$$rtentry$$00000000          0x08000222   Section        0  __rtentry.o(.ARM.Collect$$rtentry$$00000000)
    .ARM.Collect$$rtentry$$00000002          0x08000222   Section        0  __rtentry2.o(.ARM.Collect$$rtentry$$00000002)
    .ARM.Collect$$rtentry$$00000004          0x08000222   Section        6  __rtentry4.o(.ARM.Collect$$rtentry$$00000004)
    .ARM.Collect$$rtentry$$00000009          0x08000228   Section        0  __rtentry2.o(.ARM.Collect$$rtentry$$00000009)
    .ARM.Collect$$rtentry$$0000000A          0x08000228   Section        4  __rtentry2.o(.ARM.Collect$$rtentry$$0000000A)
    .ARM.Collect$$rtentry$$0000000C          0x0800022c   Section        0  __rtentry2.o(.ARM.Collect$$rtentry$$0000000C)
    .ARM.Collect$$rtentry$$0000000D          0x0800022c   Section        8  __rtentry2.o(.ARM.Collect$$rtentry$$0000000D)
    .ARM.Collect$$rtexit$$00000000           0x08000234   Section        2  rtexit.o(.ARM.Collect$$rtexit$$00000000)
    .ARM.Collect$$rtexit$$00000002           0x08000236   Section        0  rtexit2.o(.ARM.Collect$$rtexit$$00000002)
    .ARM.Collect$$rtexit$$00000003           0x08000236   Section        4  rtexit2.o(.ARM.Collect$$rtexit$$00000003)
    .ARM.Collect$$rtexit$$00000004           0x0800023a   Section        6  rtexit2.o(.ARM.Collect$$rtexit$$00000004)
    .text                                    0x08000240   Section        0  main.o(.text)
    .text                                    0x0800028c   Section        0  stm32f4xx_it.o(.text)
    .text                                    0x080002a8   Section        0  system_stm32f4xx.o(.text)
    SetSysClock                              0x080002a9   Thumb Code   220  system_stm32f4xx.o(.text)
    .text                                    0x080004b8   Section       64  startup_stm32f40_41xxx.o(.text)
    $v0                                      0x080004b8   Number         0  startup_stm32f40_41xxx.o(.text)
    .text                                    0x080004f8   Section        0  misc.o(.text)
    .text                                    0x080005d8   Section        0  stm32f4xx_adc.o(.text)
    .text                                    0x08000a3c   Section        0  stm32f4xx_exti.o(.text)
    .text                                    0x08000b4c   Section        0  stm32f4xx_gpio.o(.text)
    .text                                    0x08000de0   Section        0  stm32f4xx_rcc.o(.text)
    .text                                    0x0800143c   Section        0  stm32f4xx_syscfg.o(.text)
    .text                                    0x080014d0   Section        0  stm32f4xx_tim.o(.text)
    TI4_Config                               0x08001c6f   Thumb Code    80  stm32f4xx_tim.o(.text)
    TI3_Config                               0x08001cd1   Thumb Code    72  stm32f4xx_tim.o(.text)
    TI2_Config                               0x08001d33   Thumb Code    90  stm32f4xx_tim.o(.text)
    TI1_Config                               0x08001d9f   Thumb Code    58  stm32f4xx_tim.o(.text)
    .text                                    0x08002174   Section        0  stm32f4xx_usart.o(.text)
    .text                                    0x080025c8   Section        0  delay.o(.text)
    .text                                    0x080026cc   Section        0  usart.o(.text)
    .text                                    0x08002814   Section        0  key.o(.text)
    .text                                    0x08002978   Section        0  oled.o(.text)
    .text                                    0x08002e64   Section        0  pwm.o(.text)
    .text                                    0x080031cc   Section        0  exti.o(.text)
    .text                                    0x08003274   Section        0  adc.o(.text)
    .text                                    0x080036f0   Section        0  led.o(.text)
    .text                                    0x0800389c   Section        2  use_no_semi_2.o(.text)
    .text                                    0x080038a0   Section        0  noretval__2sprintf.o(.text)
    .text                                    0x080038c8   Section        0  __printf_wp.o(.text)
    .text                                    0x080039d6   Section        0  heapauxi.o(.text)
    .text                                    0x080039dc   Section        2  use_no_semi.o(.text)
    .text                                    0x080039de   Section        0  _printf_fp_dec.o(.text)
    _fp_digits                               0x080039e1   Thumb Code   428  _printf_fp_dec.o(.text)
    .text                                    0x08003df8   Section        0  _printf_char_common.o(.text)
    _printf_input_char                       0x08003df9   Thumb Code    10  _printf_char_common.o(.text)
    .text                                    0x08003e28   Section        0  _sputc.o(.text)
    .text                                    0x08003e34   Section        8  rt_locale_intlibspace.o(.text)
    .text                                    0x08003e3c   Section      138  lludiv10.o(.text)
    .text                                    0x08003ec8   Section        0  _printf_fp_infnan.o(.text)
    .text                                    0x08003f48   Section        0  bigflt0.o(.text)
    .text                                    0x08004024   Section        8  libspace.o(.text)
    .text                                    0x0800402c   Section       74  sys_stackheap_outer.o(.text)
    .text                                    0x08004076   Section        0  exit.o(.text)
    .text                                    0x08004088   Section      128  strcmpv7m.o(.text)
    CL$$btod_d2e                             0x08004108   Section       62  btod.o(CL$$btod_d2e)
    CL$$btod_d2e_denorm_low                  0x08004146   Section       70  btod.o(CL$$btod_d2e_denorm_low)
    CL$$btod_d2e_norm_op1                    0x0800418c   Section       96  btod.o(CL$$btod_d2e_norm_op1)
    CL$$btod_div_common                      0x080041ec   Section      824  btod.o(CL$$btod_div_common)
    CL$$btod_e2e                             0x08004524   Section      198  btod.o(CL$$btod_e2e)
    CL$$btod_ediv                            0x080045ea   Section       40  btod.o(CL$$btod_ediv)
    CL$$btod_emul                            0x08004612   Section       40  btod.o(CL$$btod_emul)
    CL$$btod_mult_common                     0x0800463a   Section      580  btod.o(CL$$btod_mult_common)
    i.__ARM_fpclassify                       0x0800487e   Section        0  fpclassify.o(i.__ARM_fpclassify)
    i._is_digit                              0x080048ae   Section        0  __printf_wp.o(i._is_digit)
    locale$$code                             0x080048bc   Section       44  lc_numeric_c.o(locale$$code)
    x$fpl$d2f                                0x080048e8   Section       98  d2f.o(x$fpl$d2f)
    $v0                                      0x080048e8   Number         0  d2f.o(x$fpl$d2f)
    x$fpl$dmul                               0x0800494c   Section      340  dmul.o(x$fpl$dmul)
    $v0                                      0x0800494c   Number         0  dmul.o(x$fpl$dmul)
    x$fpl$dnaninf                            0x08004aa0   Section      156  dnaninf.o(x$fpl$dnaninf)
    $v0                                      0x08004aa0   Number         0  dnaninf.o(x$fpl$dnaninf)
    x$fpl$dretinf                            0x08004b3c   Section       12  dretinf.o(x$fpl$dretinf)
    $v0                                      0x08004b3c   Number         0  dretinf.o(x$fpl$dretinf)
    x$fpl$f2d                                0x08004b48   Section       86  f2d.o(x$fpl$f2d)
    $v0                                      0x08004b48   Number         0  f2d.o(x$fpl$f2d)
    x$fpl$fnaninf                            0x08004b9e   Section      140  fnaninf.o(x$fpl$fnaninf)
    $v0                                      0x08004b9e   Number         0  fnaninf.o(x$fpl$fnaninf)
    x$fpl$fpinit                             0x08004c2a   Section       10  fpinit.o(x$fpl$fpinit)
    $v0                                      0x08004c2a   Number         0  fpinit.o(x$fpl$fpinit)
    x$fpl$fretinf                            0x08004c34   Section       10  fretinf.o(x$fpl$fretinf)
    $v0                                      0x08004c34   Number         0  fretinf.o(x$fpl$fretinf)
    x$fpl$printf1                            0x08004c3e   Section        4  printf1.o(x$fpl$printf1)
    $v0                                      0x08004c3e   Number         0  printf1.o(x$fpl$printf1)
    .constdata                               0x08004c42   Section     2072  oled.o(.constdata)
    x$fpl$usenofp                            0x08004c42   Section        0  usenofp.o(x$fpl$usenofp)
    .constdata                               0x0800545c   Section      148  bigflt0.o(.constdata)
    tenpwrs_x                                0x0800545c   Data          60  bigflt0.o(.constdata)
    tenpwrs_i                                0x08005498   Data          64  bigflt0.o(.constdata)
    locale$$data                             0x08005510   Section       28  lc_numeric_c.o(locale$$data)
    __lcnum_c_name                           0x08005514   Data           2  lc_numeric_c.o(locale$$data)
    __lcnum_c_start                          0x0800551c   Data           0  lc_numeric_c.o(locale$$data)
    __lcnum_c_point                          0x08005528   Data           0  lc_numeric_c.o(locale$$data)
    __lcnum_c_thousands                      0x0800552a   Data           0  lc_numeric_c.o(locale$$data)
    __lcnum_c_grouping                       0x0800552b   Data           0  lc_numeric_c.o(locale$$data)
    __lcnum_c_end                            0x0800552c   Data           0  lc_numeric_c.o(locale$$data)
    .data                                    0x20000000   Section       20  system_stm32f4xx.o(.data)
    .data                                    0x20000014   Section       16  stm32f4xx_rcc.o(.data)
    APBAHBPrescTable                         0x20000014   Data          16  stm32f4xx_rcc.o(.data)
    .data                                    0x20000024   Section        4  delay.o(.data)
    fac_us                                   0x20000024   Data           1  delay.o(.data)
    fac_ms                                   0x20000026   Data           2  delay.o(.data)
    .data                                    0x20000028   Section        6  usart.o(.data)
    .data                                    0x2000002e   Section        1  key.o(.data)
    key_up                                   0x2000002e   Data           1  key.o(.data)
    .data                                    0x2000002f   Section      128  oled.o(.data)
    .data                                    0x200000b0   Section        4  pwm.o(.data)
    .data                                    0x200000b4   Section       36  adc.o(.data)
    .bss                                     0x200000d8   Section      200  usart.o(.bss)
    .bss                                     0x200001a0   Section      180  adc.o(.bss)
    .bss                                     0x20000254   Section       96  libspace.o(.bss)
    HEAP                                     0x200002b8   Section      512  startup_stm32f40_41xxx.o(HEAP)
    Heap_Mem                                 0x200002b8   Data         512  startup_stm32f40_41xxx.o(HEAP)
    STACK                                    0x200004b8   Section     1024  startup_stm32f40_41xxx.o(STACK)
    Stack_Mem                                0x200004b8   Data        1024  startup_stm32f40_41xxx.o(STACK)
    __initial_sp                             0x200008b8   Data           0  startup_stm32f40_41xxx.o(STACK)

    Global Symbols

    Symbol Name                              Value     Ov Type        Size  Object(Section)

    BuildAttributes$$THM_ISAv4$E$P$D$K$B$S$7EM$VFPi3$EXTD16$VFPS$VFMA$PE$A:L22UL41UL21$X:L11$S22US41US21$IEEE1$IW$USESV6$~STKCKD$USESV7$~SHL$OTIME$ROPI$IEEEJ$EBA8$UX$STANDARDLIB$REQ8$PRES8$EABIv2 0x00000000   Number         0  anon$$obj.o ABSOLUTE
    __ARM_use_no_argv                        0x00000000   Number         0  main.o ABSOLUTE
    _printf_flags                            0x00000000   Number         0  printf_stubs.o ABSOLUTE
    _printf_return_value                     0x00000000   Number         0  printf_stubs.o ABSOLUTE
    _printf_sizespec                         0x00000000   Number         0  printf_stubs.o ABSOLUTE
    _printf_widthprec                        0x00000000   Number         0  printf_stubs.o ABSOLUTE
    __ARM_exceptions_init                     - Undefined Weak Reference
    __alloca_initialize                       - Undefined Weak Reference
    __arm_preinit_                            - Undefined Weak Reference
    __cpp_initialize__aeabi_                  - Undefined Weak Reference
    __cxa_finalize                            - Undefined Weak Reference
    __sigvec_lookup                           - Undefined Weak Reference
    _atexit_init                              - Undefined Weak Reference
    _call_atexit_fns                          - Undefined Weak Reference
    _clock_init                               - Undefined Weak Reference
    _fp_trap_init                             - Undefined Weak Reference
    _fp_trap_shutdown                         - Undefined Weak Reference
    _get_lc_collate                           - Undefined Weak Reference
    _get_lc_ctype                             - Undefined Weak Reference
    _get_lc_monetary                          - Undefined Weak Reference
    _get_lc_time                              - Undefined Weak Reference
    _getenv_init                              - Undefined Weak Reference
    _handle_redirection                       - Undefined Weak Reference
    _init_alloc                               - Undefined Weak Reference
    _init_user_alloc                          - Undefined Weak Reference
    _initio                                   - Undefined Weak Reference
    _printf_post_padding                      - Undefined Weak Reference
    _printf_pre_padding                       - Undefined Weak Reference
    _rand_init                                - Undefined Weak Reference
    _signal_finish                            - Undefined Weak Reference
    _signal_init                              - Undefined Weak Reference
    _terminate_alloc                          - Undefined Weak Reference
    _terminate_user_alloc                     - Undefined Weak Reference
    _terminateio                              - Undefined Weak Reference
    __Vectors_Size                           0x00000188   Number         0  startup_stm32f40_41xxx.o ABSOLUTE
    __Vectors                                0x08000000   Data           4  startup_stm32f40_41xxx.o(RESET)
    __Vectors_End                            0x08000188   Data           0  startup_stm32f40_41xxx.o(RESET)
    __main                                   0x08000189   Thumb Code     8  __main.o(!!!main)
    __scatterload                            0x08000191   Thumb Code     0  __scatter.o(!!!scatter)
    __scatterload_rt2                        0x08000191   Thumb Code    44  __scatter.o(!!!scatter)
    __scatterload_rt2_thumb_only             0x08000191   Thumb Code     0  __scatter.o(!!!scatter)
    __scatterload_null                       0x0800019f   Thumb Code     0  __scatter.o(!!!scatter)
    __scatterload_copy                       0x080001c5   Thumb Code    26  __scatter_copy.o(!!handler_copy)
    __scatterload_zeroinit                   0x080001e1   Thumb Code    28  __scatter_zi.o(!!handler_zi)
    _printf_f                                0x080001fd   Thumb Code     0  _printf_f.o(.ARM.Collect$$_printf_percent$$00000003)
    _printf_percent                          0x080001fd   Thumb Code     0  _printf_percent.o(.ARM.Collect$$_printf_percent$$00000000)
    _printf_percent_end                      0x08000203   Thumb Code     0  _printf_percent_end.o(.ARM.Collect$$_printf_percent$$00000017)
    __rt_lib_init                            0x08000207   Thumb Code     0  libinit.o(.ARM.Collect$$libinit$$00000000)
    __rt_lib_init_fp_1                       0x08000209   Thumb Code     0  libinit2.o(.ARM.Collect$$libinit$$00000001)
    __rt_lib_init_heap_1                     0x0800020d   Thumb Code     0  libinit2.o(.ARM.Collect$$libinit$$0000000A)
    __rt_lib_init_lc_common                  0x0800020d   Thumb Code     0  libinit2.o(.ARM.Collect$$libinit$$0000000F)
    __rt_lib_init_preinit_1                  0x0800020d   Thumb Code     0  libinit2.o(.ARM.Collect$$libinit$$00000004)
    __rt_lib_init_rand_1                     0x0800020d   Thumb Code     0  libinit2.o(.ARM.Collect$$libinit$$0000000E)
    __rt_lib_init_user_alloc_1               0x0800020d   Thumb Code     0  libinit2.o(.ARM.Collect$$libinit$$0000000C)
    __rt_lib_init_lc_collate_1               0x08000213   Thumb Code     0  libinit2.o(.ARM.Collect$$libinit$$00000011)
    __rt_lib_init_lc_ctype_1                 0x08000213   Thumb Code     0  libinit2.o(.ARM.Collect$$libinit$$00000013)
    __rt_lib_init_lc_monetary_1              0x08000213   Thumb Code     0  libinit2.o(.ARM.Collect$$libinit$$00000015)
    __rt_lib_init_lc_numeric_2               0x08000213   Thumb Code     0  libinit2.o(.ARM.Collect$$libinit$$00000016)
    __rt_lib_init_alloca_1                   0x0800021d   Thumb Code     0  libinit2.o(.ARM.Collect$$libinit$$0000002E)
    __rt_lib_init_argv_1                     0x0800021d   Thumb Code     0  libinit2.o(.ARM.Collect$$libinit$$0000002C)
    __rt_lib_init_atexit_1                   0x0800021d   Thumb Code     0  libinit2.o(.ARM.Collect$$libinit$$0000001B)
    __rt_lib_init_clock_1                    0x0800021d   Thumb Code     0  libinit2.o(.ARM.Collect$$libinit$$00000021)
    __rt_lib_init_cpp_1                      0x0800021d   Thumb Code     0  libinit2.o(.ARM.Collect$$libinit$$00000032)
    __rt_lib_init_exceptions_1               0x0800021d   Thumb Code     0  libinit2.o(.ARM.Collect$$libinit$$00000030)
    __rt_lib_init_fp_trap_1                  0x0800021d   Thumb Code     0  libinit2.o(.ARM.Collect$$libinit$$0000001F)
    __rt_lib_init_getenv_1                   0x0800021d   Thumb Code     0  libinit2.o(.ARM.Collect$$libinit$$00000023)
    __rt_lib_init_lc_numeric_1               0x0800021d   Thumb Code     0  libinit2.o(.ARM.Collect$$libinit$$00000017)
    __rt_lib_init_lc_time_1                  0x0800021d   Thumb Code     0  libinit2.o(.ARM.Collect$$libinit$$00000019)
    __rt_lib_init_return                     0x0800021d   Thumb Code     0  libinit2.o(.ARM.Collect$$libinit$$00000033)
    __rt_lib_init_signal_1                   0x0800021d   Thumb Code     0  libinit2.o(.ARM.Collect$$libinit$$0000001D)
    __rt_lib_init_stdio_1                    0x0800021d   Thumb Code     0  libinit2.o(.ARM.Collect$$libinit$$00000025)
    __rt_lib_shutdown                        0x0800021f   Thumb Code     0  libshutdown.o(.ARM.Collect$$libshutdown$$00000000)
    __rt_lib_shutdown_cpp_1                  0x08000221   Thumb Code     0  libshutdown2.o(.ARM.Collect$$libshutdown$$00000002)
    __rt_lib_shutdown_fp_trap_1              0x08000221   Thumb Code     0  libshutdown2.o(.ARM.Collect$$libshutdown$$00000007)
    __rt_lib_shutdown_heap_1                 0x08000221   Thumb Code     0  libshutdown2.o(.ARM.Collect$$libshutdown$$0000000F)
    __rt_lib_shutdown_return                 0x08000221   Thumb Code     0  libshutdown2.o(.ARM.Collect$$libshutdown$$00000010)
    __rt_lib_shutdown_signal_1               0x08000221   Thumb Code     0  libshutdown2.o(.ARM.Collect$$libshutdown$$0000000A)
    __rt_lib_shutdown_stdio_1                0x08000221   Thumb Code     0  libshutdown2.o(.ARM.Collect$$libshutdown$$00000004)
    __rt_lib_shutdown_user_alloc_1           0x08000221   Thumb Code     0  libshutdown2.o(.ARM.Collect$$libshutdown$$0000000C)
    __rt_entry                               0x08000223   Thumb Code     0  __rtentry.o(.ARM.Collect$$rtentry$$00000000)
    __rt_entry_presh_1                       0x08000223   Thumb Code     0  __rtentry2.o(.ARM.Collect$$rtentry$$00000002)
    __rt_entry_sh                            0x08000223   Thumb Code     0  __rtentry4.o(.ARM.Collect$$rtentry$$00000004)
    __rt_entry_li                            0x08000229   Thumb Code     0  __rtentry2.o(.ARM.Collect$$rtentry$$0000000A)
    __rt_entry_postsh_1                      0x08000229   Thumb Code     0  __rtentry2.o(.ARM.Collect$$rtentry$$00000009)
    __rt_entry_main                          0x0800022d   Thumb Code     0  __rtentry2.o(.ARM.Collect$$rtentry$$0000000D)
    __rt_entry_postli_1                      0x0800022d   Thumb Code     0  __rtentry2.o(.ARM.Collect$$rtentry$$0000000C)
    __rt_exit                                0x08000235   Thumb Code     0  rtexit.o(.ARM.Collect$$rtexit$$00000000)
    __rt_exit_ls                             0x08000237   Thumb Code     0  rtexit2.o(.ARM.Collect$$rtexit$$00000003)
    __rt_exit_prels_1                        0x08000237   Thumb Code     0  rtexit2.o(.ARM.Collect$$rtexit$$00000002)
    __rt_exit_exit                           0x0800023b   Thumb Code     0  rtexit2.o(.ARM.Collect$$rtexit$$00000004)
    main                                     0x08000241   Thumb Code    64  main.o(.text)
    NMI_Handler                              0x0800028d   Thumb Code     2  stm32f4xx_it.o(.text)
    HardFault_Handler                        0x0800028f   Thumb Code     4  stm32f4xx_it.o(.text)
    MemManage_Handler                        0x08000293   Thumb Code     4  stm32f4xx_it.o(.text)
    BusFault_Handler                         0x08000297   Thumb Code     4  stm32f4xx_it.o(.text)
    UsageFault_Handler                       0x0800029b   Thumb Code     4  stm32f4xx_it.o(.text)
    SVC_Handler                              0x0800029f   Thumb Code     2  stm32f4xx_it.o(.text)
    DebugMon_Handler                         0x080002a1   Thumb Code     2  stm32f4xx_it.o(.text)
    PendSV_Handler                           0x080002a3   Thumb Code     2  stm32f4xx_it.o(.text)
    SysTick_Handler                          0x080002a5   Thumb Code     2  stm32f4xx_it.o(.text)
    SystemInit                               0x08000385   Thumb Code    88  system_stm32f4xx.o(.text)
    SystemCoreClockUpdate                    0x080003dd   Thumb Code   174  system_stm32f4xx.o(.text)
    Reset_Handler                            0x080004b9   Thumb Code     8  startup_stm32f40_41xxx.o(.text)
    ADC_IRQHandler                           0x080004d3   Thumb Code     0  startup_stm32f40_41xxx.o(.text)
    CAN1_RX0_IRQHandler                      0x080004d3   Thumb Code     0  startup_stm32f40_41xxx.o(.text)
    CAN1_RX1_IRQHandler                      0x080004d3   Thumb Code     0  startup_stm32f40_41xxx.o(.text)
    CAN1_SCE_IRQHandler                      0x080004d3   Thumb Code     0  startup_stm32f40_41xxx.o(.text)
    CAN1_TX_IRQHandler                       0x080004d3   Thumb Code     0  startup_stm32f40_41xxx.o(.text)
    CAN2_RX0_IRQHandler                      0x080004d3   Thumb Code     0  startup_stm32f40_41xxx.o(.text)
    CAN2_RX1_IRQHandler                      0x080004d3   Thumb Code     0  startup_stm32f40_41xxx.o(.text)
    CAN2_SCE_IRQHandler                      0x080004d3   Thumb Code     0  startup_stm32f40_41xxx.o(.text)
    CAN2_TX_IRQHandler                       0x080004d3   Thumb Code     0  startup_stm32f40_41xxx.o(.text)
    CRYP_IRQHandler                          0x080004d3   Thumb Code     0  startup_stm32f40_41xxx.o(.text)
    DCMI_IRQHandler                          0x080004d3   Thumb Code     0  startup_stm32f40_41xxx.o(.text)
    DMA1_Stream0_IRQHandler                  0x080004d3   Thumb Code     0  startup_stm32f40_41xxx.o(.text)
    DMA1_Stream1_IRQHandler                  0x080004d3   Thumb Code     0  startup_stm32f40_41xxx.o(.text)
    DMA1_Stream2_IRQHandler                  0x080004d3   Thumb Code     0  startup_stm32f40_41xxx.o(.text)
    DMA1_Stream3_IRQHandler                  0x080004d3   Thumb Code     0  startup_stm32f40_41xxx.o(.text)
    DMA1_Stream4_IRQHandler                  0x080004d3   Thumb Code     0  startup_stm32f40_41xxx.o(.text)
    DMA1_Stream5_IRQHandler                  0x080004d3   Thumb Code     0  startup_stm32f40_41xxx.o(.text)
    DMA1_Stream6_IRQHandler                  0x080004d3   Thumb Code     0  startup_stm32f40_41xxx.o(.text)
    DMA1_Stream7_IRQHandler                  0x080004d3   Thumb Code     0  startup_stm32f40_41xxx.o(.text)
    DMA2_Stream0_IRQHandler                  0x080004d3   Thumb Code     0  startup_stm32f40_41xxx.o(.text)
    DMA2_Stream1_IRQHandler                  0x080004d3   Thumb Code     0  startup_stm32f40_41xxx.o(.text)
    DMA2_Stream2_IRQHandler                  0x080004d3   Thumb Code     0  startup_stm32f40_41xxx.o(.text)
    DMA2_Stream3_IRQHandler                  0x080004d3   Thumb Code     0  startup_stm32f40_41xxx.o(.text)
    DMA2_Stream4_IRQHandler                  0x080004d3   Thumb Code     0  startup_stm32f40_41xxx.o(.text)
    DMA2_Stream5_IRQHandler                  0x080004d3   Thumb Code     0  startup_stm32f40_41xxx.o(.text)
    DMA2_Stream6_IRQHandler                  0x080004d3   Thumb Code     0  startup_stm32f40_41xxx.o(.text)
    DMA2_Stream7_IRQHandler                  0x080004d3   Thumb Code     0  startup_stm32f40_41xxx.o(.text)
    ETH_IRQHandler                           0x080004d3   Thumb Code     0  startup_stm32f40_41xxx.o(.text)
    ETH_WKUP_IRQHandler                      0x080004d3   Thumb Code     0  startup_stm32f40_41xxx.o(.text)
    EXTI0_IRQHandler                         0x080004d3   Thumb Code     0  startup_stm32f40_41xxx.o(.text)
    EXTI15_10_IRQHandler                     0x080004d3   Thumb Code     0  startup_stm32f40_41xxx.o(.text)
    EXTI1_IRQHandler                         0x080004d3   Thumb Code     0  startup_stm32f40_41xxx.o(.text)
    EXTI2_IRQHandler                         0x080004d3   Thumb Code     0  startup_stm32f40_41xxx.o(.text)
    EXTI3_IRQHandler                         0x080004d3   Thumb Code     0  startup_stm32f40_41xxx.o(.text)
    EXTI4_IRQHandler                         0x080004d3   Thumb Code     0  startup_stm32f40_41xxx.o(.text)
    FLASH_IRQHandler                         0x080004d3   Thumb Code     0  startup_stm32f40_41xxx.o(.text)
    FPU_IRQHandler                           0x080004d3   Thumb Code     0  startup_stm32f40_41xxx.o(.text)
    FSMC_IRQHandler                          0x080004d3   Thumb Code     0  startup_stm32f40_41xxx.o(.text)
    HASH_RNG_IRQHandler                      0x080004d3   Thumb Code     0  startup_stm32f40_41xxx.o(.text)
    I2C1_ER_IRQHandler                       0x080004d3   Thumb Code     0  startup_stm32f40_41xxx.o(.text)
    I2C1_EV_IRQHandler                       0x080004d3   Thumb Code     0  startup_stm32f40_41xxx.o(.text)
    I2C2_ER_IRQHandler                       0x080004d3   Thumb Code     0  startup_stm32f40_41xxx.o(.text)
    I2C2_EV_IRQHandler                       0x080004d3   Thumb Code     0  startup_stm32f40_41xxx.o(.text)
    I2C3_ER_IRQHandler                       0x080004d3   Thumb Code     0  startup_stm32f40_41xxx.o(.text)
    I2C3_EV_IRQHandler                       0x080004d3   Thumb Code     0  startup_stm32f40_41xxx.o(.text)
    OTG_FS_IRQHandler                        0x080004d3   Thumb Code     0  startup_stm32f40_41xxx.o(.text)
    OTG_FS_WKUP_IRQHandler                   0x080004d3   Thumb Code     0  startup_stm32f40_41xxx.o(.text)
    OTG_HS_EP1_IN_IRQHandler                 0x080004d3   Thumb Code     0  startup_stm32f40_41xxx.o(.text)
    OTG_HS_EP1_OUT_IRQHandler                0x080004d3   Thumb Code     0  startup_stm32f40_41xxx.o(.text)
    OTG_HS_IRQHandler                        0x080004d3   Thumb Code     0  startup_stm32f40_41xxx.o(.text)
    OTG_HS_WKUP_IRQHandler                   0x080004d3   Thumb Code     0  startup_stm32f40_41xxx.o(.text)
    PVD_IRQHandler                           0x080004d3   Thumb Code     0  startup_stm32f40_41xxx.o(.text)
    RCC_IRQHandler                           0x080004d3   Thumb Code     0  startup_stm32f40_41xxx.o(.text)
    RTC_Alarm_IRQHandler                     0x080004d3   Thumb Code     0  startup_stm32f40_41xxx.o(.text)
    RTC_WKUP_IRQHandler                      0x080004d3   Thumb Code     0  startup_stm32f40_41xxx.o(.text)
    SDIO_IRQHandler                          0x080004d3   Thumb Code     0  startup_stm32f40_41xxx.o(.text)
    SPI1_IRQHandler                          0x080004d3   Thumb Code     0  startup_stm32f40_41xxx.o(.text)
    SPI2_IRQHandler                          0x080004d3   Thumb Code     0  startup_stm32f40_41xxx.o(.text)
    SPI3_IRQHandler                          0x080004d3   Thumb Code     0  startup_stm32f40_41xxx.o(.text)
    TAMP_STAMP_IRQHandler                    0x080004d3   Thumb Code     0  startup_stm32f40_41xxx.o(.text)
    TIM1_BRK_TIM9_IRQHandler                 0x080004d3   Thumb Code     0  startup_stm32f40_41xxx.o(.text)
    TIM1_CC_IRQHandler                       0x080004d3   Thumb Code     0  startup_stm32f40_41xxx.o(.text)
    TIM1_TRG_COM_TIM11_IRQHandler            0x080004d3   Thumb Code     0  startup_stm32f40_41xxx.o(.text)
    TIM1_UP_TIM10_IRQHandler                 0x080004d3   Thumb Code     0  startup_stm32f40_41xxx.o(.text)
    TIM2_IRQHandler                          0x080004d3   Thumb Code     0  startup_stm32f40_41xxx.o(.text)
    TIM4_IRQHandler                          0x080004d3   Thumb Code     0  startup_stm32f40_41xxx.o(.text)
    TIM5_IRQHandler                          0x080004d3   Thumb Code     0  startup_stm32f40_41xxx.o(.text)
    TIM6_DAC_IRQHandler                      0x080004d3   Thumb Code     0  startup_stm32f40_41xxx.o(.text)
    TIM7_IRQHandler                          0x080004d3   Thumb Code     0  startup_stm32f40_41xxx.o(.text)
    TIM8_BRK_TIM12_IRQHandler                0x080004d3   Thumb Code     0  startup_stm32f40_41xxx.o(.text)
    TIM8_CC_IRQHandler                       0x080004d3   Thumb Code     0  startup_stm32f40_41xxx.o(.text)
    TIM8_TRG_COM_TIM14_IRQHandler            0x080004d3   Thumb Code     0  startup_stm32f40_41xxx.o(.text)
    TIM8_UP_TIM13_IRQHandler                 0x080004d3   Thumb Code     0  startup_stm32f40_41xxx.o(.text)
    UART4_IRQHandler                         0x080004d3   Thumb Code     0  startup_stm32f40_41xxx.o(.text)
    UART5_IRQHandler                         0x080004d3   Thumb Code     0  startup_stm32f40_41xxx.o(.text)
    USART2_IRQHandler                        0x080004d3   Thumb Code     0  startup_stm32f40_41xxx.o(.text)
    USART3_IRQHandler                        0x080004d3   Thumb Code     0  startup_stm32f40_41xxx.o(.text)
    USART6_IRQHandler                        0x080004d3   Thumb Code     0  startup_stm32f40_41xxx.o(.text)
    WWDG_IRQHandler                          0x080004d3   Thumb Code     0  startup_stm32f40_41xxx.o(.text)
    __user_initial_stackheap                 0x080004d5   Thumb Code     0  startup_stm32f40_41xxx.o(.text)
    NVIC_PriorityGroupConfig                 0x080004f9   Thumb Code    10  misc.o(.text)
    NVIC_Init                                0x08000503   Thumb Code   106  misc.o(.text)
    NVIC_SetVectorTable                      0x0800056d   Thumb Code    14  misc.o(.text)
    NVIC_SystemLPConfig                      0x0800057b   Thumb Code    34  misc.o(.text)
    SysTick_CLKSourceConfig                  0x0800059d   Thumb Code    40  misc.o(.text)
    ADC_DeInit                               0x080005d9   Thumb Code    22  stm32f4xx_adc.o(.text)
    ADC_Init                                 0x080005ef   Thumb Code    74  stm32f4xx_adc.o(.text)
    ADC_StructInit                           0x08000639   Thumb Code    20  stm32f4xx_adc.o(.text)
    ADC_CommonInit                           0x0800064d   Thumb Code    34  stm32f4xx_adc.o(.text)
    ADC_CommonStructInit                     0x0800066f   Thumb Code    12  stm32f4xx_adc.o(.text)
    ADC_Cmd                                  0x0800067b   Thumb Code    22  stm32f4xx_adc.o(.text)
    ADC_AnalogWatchdogCmd                    0x08000691   Thumb Code    16  stm32f4xx_adc.o(.text)
    ADC_AnalogWatchdogThresholdsConfig       0x080006a1   Thumb Code     6  stm32f4xx_adc.o(.text)
    ADC_AnalogWatchdogSingleChannelConfig    0x080006a7   Thumb Code    16  stm32f4xx_adc.o(.text)
    ADC_TempSensorVrefintCmd                 0x080006b7   Thumb Code    34  stm32f4xx_adc.o(.text)
    ADC_VBATCmd                              0x080006d9   Thumb Code    34  stm32f4xx_adc.o(.text)
    ADC_RegularChannelConfig                 0x080006fb   Thumb Code   184  stm32f4xx_adc.o(.text)
    ADC_SoftwareStartConv                    0x080007b3   Thumb Code    10  stm32f4xx_adc.o(.text)
    ADC_GetSoftwareStartConvStatus           0x080007bd   Thumb Code    20  stm32f4xx_adc.o(.text)
    ADC_EOCOnEachRegularChannelCmd           0x080007d1   Thumb Code    22  stm32f4xx_adc.o(.text)
    ADC_ContinuousModeCmd                    0x080007e7   Thumb Code    22  stm32f4xx_adc.o(.text)
    ADC_DiscModeChannelCountConfig           0x080007fd   Thumb Code    24  stm32f4xx_adc.o(.text)
    ADC_DiscModeCmd                          0x08000815   Thumb Code    22  stm32f4xx_adc.o(.text)
    ADC_GetConversionValue                   0x0800082b   Thumb Code     8  stm32f4xx_adc.o(.text)
    ADC_GetMultiModeConversionValue          0x08000833   Thumb Code     8  stm32f4xx_adc.o(.text)
    ADC_DMACmd                               0x0800083b   Thumb Code    22  stm32f4xx_adc.o(.text)
    ADC_DMARequestAfterLastTransferCmd       0x08000851   Thumb Code    22  stm32f4xx_adc.o(.text)
    ADC_MultiModeDMARequestAfterLastTransferCmd 0x08000867   Thumb Code    34  stm32f4xx_adc.o(.text)
    ADC_InjectedChannelConfig                0x08000889   Thumb Code   130  stm32f4xx_adc.o(.text)
    ADC_InjectedSequencerLengthConfig        0x0800090b   Thumb Code    24  stm32f4xx_adc.o(.text)
    ADC_SetInjectedOffset                    0x08000923   Thumb Code    20  stm32f4xx_adc.o(.text)
    ADC_ExternalTrigInjectedConvConfig       0x08000937   Thumb Code    16  stm32f4xx_adc.o(.text)
    ADC_ExternalTrigInjectedConvEdgeConfig   0x08000947   Thumb Code    16  stm32f4xx_adc.o(.text)
    ADC_SoftwareStartInjectedConv            0x08000957   Thumb Code    10  stm32f4xx_adc.o(.text)
    ADC_GetSoftwareStartInjectedConvCmdStatus 0x08000961   Thumb Code    20  stm32f4xx_adc.o(.text)
    ADC_AutoInjectedConvCmd                  0x08000975   Thumb Code    22  stm32f4xx_adc.o(.text)
    ADC_InjectedDiscModeCmd                  0x0800098b   Thumb Code    22  stm32f4xx_adc.o(.text)
    ADC_GetInjectedConversionValue           0x080009a1   Thumb Code    28  stm32f4xx_adc.o(.text)
    ADC_ITConfig                             0x080009bd   Thumb Code    56  stm32f4xx_adc.o(.text)
    ADC_GetFlagStatus                        0x080009f5   Thumb Code    18  stm32f4xx_adc.o(.text)
    ADC_ClearFlag                            0x08000a07   Thumb Code     6  stm32f4xx_adc.o(.text)
    ADC_GetITStatus                          0x08000a0d   Thumb Code    38  stm32f4xx_adc.o(.text)
    ADC_ClearITPendingBit                    0x08000a33   Thumb Code    10  stm32f4xx_adc.o(.text)
    EXTI_DeInit                              0x08000a3d   Thumb Code    28  stm32f4xx_exti.o(.text)
    EXTI_Init                                0x08000a59   Thumb Code   142  stm32f4xx_exti.o(.text)
    EXTI_StructInit                          0x08000ae7   Thumb Code    16  stm32f4xx_exti.o(.text)
    EXTI_GenerateSWInterrupt                 0x08000af7   Thumb Code    16  stm32f4xx_exti.o(.text)
    EXTI_GetFlagStatus                       0x08000b07   Thumb Code    22  stm32f4xx_exti.o(.text)
    EXTI_ClearFlag                           0x08000b1d   Thumb Code     8  stm32f4xx_exti.o(.text)
    EXTI_GetITStatus                         0x08000b25   Thumb Code    22  stm32f4xx_exti.o(.text)
    EXTI_ClearITPendingBit                   0x08000b3b   Thumb Code     8  stm32f4xx_exti.o(.text)
    GPIO_DeInit                              0x08000b4d   Thumb Code   268  stm32f4xx_gpio.o(.text)
    GPIO_Init                                0x08000c59   Thumb Code   144  stm32f4xx_gpio.o(.text)
    GPIO_StructInit                          0x08000ce9   Thumb Code    18  stm32f4xx_gpio.o(.text)
    GPIO_PinLockConfig                       0x08000cfb   Thumb Code    34  stm32f4xx_gpio.o(.text)
    GPIO_ReadInputDataBit                    0x08000d1d   Thumb Code    18  stm32f4xx_gpio.o(.text)
    GPIO_ReadInputData                       0x08000d2f   Thumb Code     8  stm32f4xx_gpio.o(.text)
    GPIO_ReadOutputDataBit                   0x08000d37   Thumb Code    18  stm32f4xx_gpio.o(.text)
    GPIO_ReadOutputData                      0x08000d49   Thumb Code     8  stm32f4xx_gpio.o(.text)
    GPIO_SetBits                             0x08000d51   Thumb Code     4  stm32f4xx_gpio.o(.text)
    GPIO_ResetBits                           0x08000d55   Thumb Code     4  stm32f4xx_gpio.o(.text)
    GPIO_WriteBit                            0x08000d59   Thumb Code    10  stm32f4xx_gpio.o(.text)
    GPIO_Write                               0x08000d63   Thumb Code     4  stm32f4xx_gpio.o(.text)
    GPIO_ToggleBits                          0x08000d67   Thumb Code     8  stm32f4xx_gpio.o(.text)
    GPIO_PinAFConfig                         0x08000d6f   Thumb Code    70  stm32f4xx_gpio.o(.text)
    RCC_DeInit                               0x08000de1   Thumb Code    82  stm32f4xx_rcc.o(.text)
    RCC_HSEConfig                            0x08000e33   Thumb Code    14  stm32f4xx_rcc.o(.text)
    RCC_GetFlagStatus                        0x08000e41   Thumb Code    60  stm32f4xx_rcc.o(.text)
    RCC_WaitForHSEStartUp                    0x08000e7d   Thumb Code    56  stm32f4xx_rcc.o(.text)
    RCC_AdjustHSICalibrationValue            0x08000eb5   Thumb Code    20  stm32f4xx_rcc.o(.text)
    RCC_HSICmd                               0x08000ec9   Thumb Code     6  stm32f4xx_rcc.o(.text)
    RCC_LSEConfig                            0x08000ecf   Thumb Code    46  stm32f4xx_rcc.o(.text)
    RCC_LSICmd                               0x08000efd   Thumb Code     6  stm32f4xx_rcc.o(.text)
    RCC_PLLConfig                            0x08000f03   Thumb Code    32  stm32f4xx_rcc.o(.text)
    RCC_PLLCmd                               0x08000f23   Thumb Code     6  stm32f4xx_rcc.o(.text)
    RCC_PLLI2SConfig                         0x08000f29   Thumb Code    14  stm32f4xx_rcc.o(.text)
    RCC_PLLI2SCmd                            0x08000f37   Thumb Code     6  stm32f4xx_rcc.o(.text)
    RCC_PLLSAIConfig                         0x08000f3d   Thumb Code    20  stm32f4xx_rcc.o(.text)
    RCC_PLLSAICmd                            0x08000f51   Thumb Code     6  stm32f4xx_rcc.o(.text)
    RCC_ClockSecuritySystemCmd               0x08000f57   Thumb Code     6  stm32f4xx_rcc.o(.text)
    RCC_MCO1Config                           0x08000f5d   Thumb Code    28  stm32f4xx_rcc.o(.text)
    RCC_MCO2Config                           0x08000f79   Thumb Code    28  stm32f4xx_rcc.o(.text)
    RCC_SYSCLKConfig                         0x08000f95   Thumb Code    20  stm32f4xx_rcc.o(.text)
    RCC_GetSYSCLKSource                      0x08000fa9   Thumb Code    12  stm32f4xx_rcc.o(.text)
    RCC_HCLKConfig                           0x08000fb5   Thumb Code    20  stm32f4xx_rcc.o(.text)
    RCC_PCLK1Config                          0x08000fc9   Thumb Code    20  stm32f4xx_rcc.o(.text)
    RCC_PCLK2Config                          0x08000fdd   Thumb Code    22  stm32f4xx_rcc.o(.text)
    RCC_GetClocksFreq                        0x08000ff3   Thumb Code   222  stm32f4xx_rcc.o(.text)
    RCC_RTCCLKConfig                         0x080010d1   Thumb Code    54  stm32f4xx_rcc.o(.text)
    RCC_RTCCLKCmd                            0x08001107   Thumb Code     8  stm32f4xx_rcc.o(.text)
    RCC_BackupResetCmd                       0x0800110f   Thumb Code     8  stm32f4xx_rcc.o(.text)
    RCC_I2SCLKConfig                         0x08001117   Thumb Code     6  stm32f4xx_rcc.o(.text)
    RCC_SAIPLLI2SClkDivConfig                0x0800111d   Thumb Code    26  stm32f4xx_rcc.o(.text)
    RCC_SAIPLLSAIClkDivConfig                0x08001137   Thumb Code    28  stm32f4xx_rcc.o(.text)
    RCC_SAIBlockACLKConfig                   0x08001153   Thumb Code    20  stm32f4xx_rcc.o(.text)
    RCC_SAIBlockBCLKConfig                   0x08001167   Thumb Code    20  stm32f4xx_rcc.o(.text)
    RCC_LTDCCLKDivConfig                     0x0800117b   Thumb Code    20  stm32f4xx_rcc.o(.text)
    RCC_TIMCLKPresConfig                     0x0800118f   Thumb Code     6  stm32f4xx_rcc.o(.text)
    RCC_AHB1PeriphClockCmd                   0x08001195   Thumb Code    34  stm32f4xx_rcc.o(.text)
    RCC_AHB2PeriphClockCmd                   0x080011b7   Thumb Code    78  stm32f4xx_rcc.o(.text)
    RCC_AHB3PeriphClockCmd                   0x08001205   Thumb Code    34  stm32f4xx_rcc.o(.text)
    RCC_APB1PeriphClockCmd                   0x08001227   Thumb Code    34  stm32f4xx_rcc.o(.text)
    RCC_APB2PeriphClockCmd                   0x08001249   Thumb Code    34  stm32f4xx_rcc.o(.text)
    RCC_AHB1PeriphResetCmd                   0x0800126b   Thumb Code    34  stm32f4xx_rcc.o(.text)
    RCC_AHB2PeriphResetCmd                   0x0800128d   Thumb Code    34  stm32f4xx_rcc.o(.text)
    RCC_AHB3PeriphResetCmd                   0x080012af   Thumb Code    34  stm32f4xx_rcc.o(.text)
    RCC_APB1PeriphResetCmd                   0x080012d1   Thumb Code    34  stm32f4xx_rcc.o(.text)
    RCC_APB2PeriphResetCmd                   0x080012f3   Thumb Code    34  stm32f4xx_rcc.o(.text)
    RCC_AHB1PeriphClockLPModeCmd             0x08001315   Thumb Code    34  stm32f4xx_rcc.o(.text)
    RCC_AHB2PeriphClockLPModeCmd             0x08001337   Thumb Code    34  stm32f4xx_rcc.o(.text)
    RCC_AHB3PeriphClockLPModeCmd             0x08001359   Thumb Code    34  stm32f4xx_rcc.o(.text)
    RCC_APB1PeriphClockLPModeCmd             0x0800137b   Thumb Code    34  stm32f4xx_rcc.o(.text)
    RCC_APB2PeriphClockLPModeCmd             0x0800139d   Thumb Code    34  stm32f4xx_rcc.o(.text)
    RCC_LSEModeConfig                        0x080013bf   Thumb Code    40  stm32f4xx_rcc.o(.text)
    RCC_ITConfig                             0x080013e7   Thumb Code    34  stm32f4xx_rcc.o(.text)
    RCC_ClearFlag                            0x08001409   Thumb Code    18  stm32f4xx_rcc.o(.text)
    RCC_GetITStatus                          0x0800141b   Thumb Code    22  stm32f4xx_rcc.o(.text)
    RCC_ClearITPendingBit                    0x08001431   Thumb Code     8  stm32f4xx_rcc.o(.text)
    SYSCFG_DeInit                            0x0800143d   Thumb Code    22  stm32f4xx_syscfg.o(.text)
    SYSCFG_MemoryRemapConfig                 0x08001453   Thumb Code     6  stm32f4xx_syscfg.o(.text)
    SYSCFG_MemorySwappingBank                0x08001459   Thumb Code     6  stm32f4xx_syscfg.o(.text)
    SYSCFG_EXTILineConfig                    0x0800145f   Thumb Code    66  stm32f4xx_syscfg.o(.text)
    SYSCFG_ETH_MediaInterfaceConfig          0x080014a1   Thumb Code     8  stm32f4xx_syscfg.o(.text)
    SYSCFG_CompensationCellCmd               0x080014a9   Thumb Code     6  stm32f4xx_syscfg.o(.text)
    SYSCFG_GetCompensationCellStatus         0x080014af   Thumb Code    22  stm32f4xx_syscfg.o(.text)
    TIM_DeInit                               0x080014d1   Thumb Code   346  stm32f4xx_tim.o(.text)
    TIM_TimeBaseInit                         0x0800162b   Thumb Code   104  stm32f4xx_tim.o(.text)
    TIM_TimeBaseStructInit                   0x08001693   Thumb Code    18  stm32f4xx_tim.o(.text)
    TIM_PrescalerConfig                      0x080016a5   Thumb Code     6  stm32f4xx_tim.o(.text)
    TIM_CounterModeConfig                    0x080016ab   Thumb Code    18  stm32f4xx_tim.o(.text)
    TIM_SetCounter                           0x080016bd   Thumb Code     4  stm32f4xx_tim.o(.text)
    TIM_SetAutoreload                        0x080016c1   Thumb Code     4  stm32f4xx_tim.o(.text)
    TIM_GetCounter                           0x080016c5   Thumb Code     6  stm32f4xx_tim.o(.text)
    TIM_GetPrescaler                         0x080016cb   Thumb Code     6  stm32f4xx_tim.o(.text)
    TIM_UpdateDisableConfig                  0x080016d1   Thumb Code    24  stm32f4xx_tim.o(.text)
    TIM_UpdateRequestConfig                  0x080016e9   Thumb Code    24  stm32f4xx_tim.o(.text)
    TIM_ARRPreloadConfig                     0x08001701   Thumb Code    24  stm32f4xx_tim.o(.text)
    TIM_SelectOnePulseMode                   0x08001719   Thumb Code    18  stm32f4xx_tim.o(.text)
    TIM_SetClockDivision                     0x0800172b   Thumb Code    18  stm32f4xx_tim.o(.text)
    TIM_Cmd                                  0x0800173d   Thumb Code    24  stm32f4xx_tim.o(.text)
    TIM_OC1Init                              0x08001755   Thumb Code   114  stm32f4xx_tim.o(.text)
    TIM_OC2Init                              0x080017c7   Thumb Code   154  stm32f4xx_tim.o(.text)
    TIM_OC3Init                              0x08001861   Thumb Code   204  stm32f4xx_tim.o(.text)
    TIM_OC4Init                              0x0800192d   Thumb Code   112  stm32f4xx_tim.o(.text)
    TIM_OCStructInit                         0x0800199d   Thumb Code    20  stm32f4xx_tim.o(.text)
    TIM_SelectOCxM                           0x080019b1   Thumb Code    86  stm32f4xx_tim.o(.text)
    TIM_SetCompare1                          0x08001a07   Thumb Code     4  stm32f4xx_tim.o(.text)
    TIM_SetCompare2                          0x08001a0b   Thumb Code     4  stm32f4xx_tim.o(.text)
    TIM_SetCompare3                          0x08001a0f   Thumb Code     4  stm32f4xx_tim.o(.text)
    TIM_SetCompare4                          0x08001a13   Thumb Code     4  stm32f4xx_tim.o(.text)
    TIM_ForcedOC1Config                      0x08001a17   Thumb Code    18  stm32f4xx_tim.o(.text)
    TIM_ForcedOC2Config                      0x08001a29   Thumb Code    26  stm32f4xx_tim.o(.text)
    TIM_ForcedOC3Config                      0x08001a43   Thumb Code    18  stm32f4xx_tim.o(.text)
    TIM_ForcedOC4Config                      0x08001a55   Thumb Code    26  stm32f4xx_tim.o(.text)
    TIM_OC1PreloadConfig                     0x08001a6f   Thumb Code    18  stm32f4xx_tim.o(.text)
    TIM_OC2PreloadConfig                     0x08001a81   Thumb Code    26  stm32f4xx_tim.o(.text)
    TIM_OC3PreloadConfig                     0x08001a9b   Thumb Code    18  stm32f4xx_tim.o(.text)
    TIM_OC4PreloadConfig                     0x08001aad   Thumb Code    26  stm32f4xx_tim.o(.text)
    TIM_OC1FastConfig                        0x08001ac7   Thumb Code    18  stm32f4xx_tim.o(.text)
    TIM_OC2FastConfig                        0x08001ad9   Thumb Code    26  stm32f4xx_tim.o(.text)
    TIM_OC3FastConfig                        0x08001af3   Thumb Code    18  stm32f4xx_tim.o(.text)
    TIM_OC4FastConfig                        0x08001b05   Thumb Code    26  stm32f4xx_tim.o(.text)
    TIM_ClearOC1Ref                          0x08001b1f   Thumb Code    18  stm32f4xx_tim.o(.text)
    TIM_ClearOC2Ref                          0x08001b31   Thumb Code    24  stm32f4xx_tim.o(.text)
    TIM_ClearOC3Ref                          0x08001b49   Thumb Code    18  stm32f4xx_tim.o(.text)
    TIM_ClearOC4Ref                          0x08001b5b   Thumb Code    24  stm32f4xx_tim.o(.text)
    TIM_OC1PolarityConfig                    0x08001b73   Thumb Code    18  stm32f4xx_tim.o(.text)
    TIM_OC1NPolarityConfig                   0x08001b85   Thumb Code    18  stm32f4xx_tim.o(.text)
    TIM_OC2PolarityConfig                    0x08001b97   Thumb Code    26  stm32f4xx_tim.o(.text)
    TIM_OC2NPolarityConfig                   0x08001bb1   Thumb Code    26  stm32f4xx_tim.o(.text)
    TIM_OC3PolarityConfig                    0x08001bcb   Thumb Code    26  stm32f4xx_tim.o(.text)
    TIM_OC3NPolarityConfig                   0x08001be5   Thumb Code    26  stm32f4xx_tim.o(.text)
    TIM_OC4PolarityConfig                    0x08001bff   Thumb Code    26  stm32f4xx_tim.o(.text)
    TIM_CCxCmd                               0x08001c19   Thumb Code    30  stm32f4xx_tim.o(.text)
    TIM_CCxNCmd                              0x08001c37   Thumb Code    30  stm32f4xx_tim.o(.text)
    TIM_SetIC4Prescaler                      0x08001c55   Thumb Code    26  stm32f4xx_tim.o(.text)
    TIM_SetIC3Prescaler                      0x08001cbf   Thumb Code    18  stm32f4xx_tim.o(.text)
    TIM_SetIC2Prescaler                      0x08001d19   Thumb Code    26  stm32f4xx_tim.o(.text)
    TIM_SetIC1Prescaler                      0x08001d8d   Thumb Code    18  stm32f4xx_tim.o(.text)
    TIM_ICInit                               0x08001dd9   Thumb Code   110  stm32f4xx_tim.o(.text)
    TIM_ICStructInit                         0x08001e47   Thumb Code    18  stm32f4xx_tim.o(.text)
    TIM_PWMIConfig                           0x08001e59   Thumb Code   124  stm32f4xx_tim.o(.text)
    TIM_GetCapture1                          0x08001ed5   Thumb Code     6  stm32f4xx_tim.o(.text)
    TIM_GetCapture2                          0x08001edb   Thumb Code     6  stm32f4xx_tim.o(.text)
    TIM_GetCapture3                          0x08001ee1   Thumb Code     6  stm32f4xx_tim.o(.text)
    TIM_GetCapture4                          0x08001ee7   Thumb Code     6  stm32f4xx_tim.o(.text)
    TIM_BDTRConfig                           0x08001eed   Thumb Code    32  stm32f4xx_tim.o(.text)
    TIM_BDTRStructInit                       0x08001f0d   Thumb Code    18  stm32f4xx_tim.o(.text)
    TIM_CtrlPWMOutputs                       0x08001f1f   Thumb Code    30  stm32f4xx_tim.o(.text)
    TIM_SelectCOM                            0x08001f3d   Thumb Code    24  stm32f4xx_tim.o(.text)
    TIM_CCPreloadControl                     0x08001f55   Thumb Code    24  stm32f4xx_tim.o(.text)
    TIM_ITConfig                             0x08001f6d   Thumb Code    18  stm32f4xx_tim.o(.text)
    TIM_GenerateEvent                        0x08001f7f   Thumb Code     4  stm32f4xx_tim.o(.text)
    TIM_GetFlagStatus                        0x08001f83   Thumb Code    18  stm32f4xx_tim.o(.text)
    TIM_ClearFlag                            0x08001f95   Thumb Code     6  stm32f4xx_tim.o(.text)
    TIM_GetITStatus                          0x08001f9b   Thumb Code    34  stm32f4xx_tim.o(.text)
    TIM_ClearITPendingBit                    0x08001fbd   Thumb Code     6  stm32f4xx_tim.o(.text)
    TIM_DMAConfig                            0x08001fc3   Thumb Code    10  stm32f4xx_tim.o(.text)
    TIM_DMACmd                               0x08001fcd   Thumb Code    18  stm32f4xx_tim.o(.text)
    TIM_SelectCCDMA                          0x08001fdf   Thumb Code    24  stm32f4xx_tim.o(.text)
    TIM_InternalClockConfig                  0x08001ff7   Thumb Code    12  stm32f4xx_tim.o(.text)
    TIM_SelectInputTrigger                   0x08002003   Thumb Code    18  stm32f4xx_tim.o(.text)
    TIM_ITRxExternalClockConfig              0x08002015   Thumb Code    24  stm32f4xx_tim.o(.text)
    TIM_TIxExternalClockConfig               0x0800202d   Thumb Code    62  stm32f4xx_tim.o(.text)
    TIM_ETRConfig                            0x0800206b   Thumb Code    28  stm32f4xx_tim.o(.text)
    TIM_ETRClockMode1Config                  0x08002087   Thumb Code    54  stm32f4xx_tim.o(.text)
    TIM_ETRClockMode2Config                  0x080020bd   Thumb Code    32  stm32f4xx_tim.o(.text)
    TIM_SelectOutputTrigger                  0x080020dd   Thumb Code    18  stm32f4xx_tim.o(.text)
    TIM_SelectSlaveMode                      0x080020ef   Thumb Code    18  stm32f4xx_tim.o(.text)
    TIM_SelectMasterSlaveMode                0x08002101   Thumb Code    18  stm32f4xx_tim.o(.text)
    TIM_EncoderInterfaceConfig               0x08002113   Thumb Code    66  stm32f4xx_tim.o(.text)
    TIM_SelectHallSensor                     0x08002155   Thumb Code    24  stm32f4xx_tim.o(.text)
    TIM_RemapConfig                          0x0800216d   Thumb Code     6  stm32f4xx_tim.o(.text)
    USART_DeInit                             0x08002175   Thumb Code   206  stm32f4xx_usart.o(.text)
    USART_Init                               0x08002243   Thumb Code   204  stm32f4xx_usart.o(.text)
    USART_StructInit                         0x0800230f   Thumb Code    24  stm32f4xx_usart.o(.text)
    USART_ClockInit                          0x08002327   Thumb Code    32  stm32f4xx_usart.o(.text)
    USART_ClockStructInit                    0x08002347   Thumb Code    12  stm32f4xx_usart.o(.text)
    USART_Cmd                                0x08002353   Thumb Code    24  stm32f4xx_usart.o(.text)
    USART_SetPrescaler                       0x0800236b   Thumb Code    16  stm32f4xx_usart.o(.text)
    USART_OverSampling8Cmd                   0x0800237b   Thumb Code    22  stm32f4xx_usart.o(.text)
    USART_OneBitMethodCmd                    0x08002391   Thumb Code    24  stm32f4xx_usart.o(.text)
    USART_SendData                           0x080023a9   Thumb Code     8  stm32f4xx_usart.o(.text)
    USART_ReceiveData                        0x080023b1   Thumb Code    10  stm32f4xx_usart.o(.text)
    USART_SetAddress                         0x080023bb   Thumb Code    18  stm32f4xx_usart.o(.text)
    USART_ReceiverWakeUpCmd                  0x080023cd   Thumb Code    24  stm32f4xx_usart.o(.text)
    USART_WakeUpConfig                       0x080023e5   Thumb Code    18  stm32f4xx_usart.o(.text)
    USART_LINBreakDetectLengthConfig         0x080023f7   Thumb Code    18  stm32f4xx_usart.o(.text)
    USART_LINCmd                             0x08002409   Thumb Code    24  stm32f4xx_usart.o(.text)
    USART_SendBreak                          0x08002421   Thumb Code    10  stm32f4xx_usart.o(.text)
    USART_HalfDuplexCmd                      0x0800242b   Thumb Code    24  stm32f4xx_usart.o(.text)
    USART_SetGuardTime                       0x08002443   Thumb Code    16  stm32f4xx_usart.o(.text)
    USART_SmartCardCmd                       0x08002453   Thumb Code    24  stm32f4xx_usart.o(.text)
    USART_SmartCardNACKCmd                   0x0800246b   Thumb Code    24  stm32f4xx_usart.o(.text)
    USART_IrDAConfig                         0x08002483   Thumb Code    18  stm32f4xx_usart.o(.text)
    USART_IrDACmd                            0x08002495   Thumb Code    24  stm32f4xx_usart.o(.text)
    USART_DMACmd                             0x080024ad   Thumb Code    18  stm32f4xx_usart.o(.text)
    USART_ITConfig                           0x080024bf   Thumb Code    74  stm32f4xx_usart.o(.text)
    USART_GetFlagStatus                      0x08002509   Thumb Code    26  stm32f4xx_usart.o(.text)
    USART_ClearFlag                          0x08002523   Thumb Code    18  stm32f4xx_usart.o(.text)
    USART_GetITStatus                        0x08002535   Thumb Code   118  stm32f4xx_usart.o(.text)
    USART_ClearITPendingBit                  0x080025ab   Thumb Code    30  stm32f4xx_usart.o(.text)
    delay_init                               0x080025c9   Thumb Code    52  delay.o(.text)
    delay_us                                 0x080025fd   Thumb Code    72  delay.o(.text)
    delay_xms                                0x08002645   Thumb Code    72  delay.o(.text)
    delay_ms                                 0x0800268d   Thumb Code    56  delay.o(.text)
    _sys_exit                                0x080026cd   Thumb Code     4  usart.o(.text)
    fputc                                    0x080026d1   Thumb Code    22  usart.o(.text)
    uart_init                                0x080026e7   Thumb Code   164  usart.o(.text)
    USART1_IRQHandler                        0x0800278b   Thumb Code   122  usart.o(.text)
    KEY_Init                                 0x08002815   Thumb Code    44  key.o(.text)
    KEY_Scan                                 0x08002841   Thumb Code   202  key.o(.text)
    Mode_Switch                              0x0800290b   Thumb Code   102  key.o(.text)
    OLED_WR_Byte                             0x08002979   Thumb Code   112  oled.o(.text)
    OLED_Set_Pos                             0x080029e9   Thumb Code    46  oled.o(.text)
    OLED_Display_On                          0x08002a17   Thumb Code    28  oled.o(.text)
    OLED_Display_Off                         0x08002a33   Thumb Code    28  oled.o(.text)
    OLED_Clear                               0x08002a4f   Thumb Code    64  oled.o(.text)
    OLED_ShowChar                            0x08002a8f   Thumb Code   106  oled.o(.text)
    oled_pow                                 0x08002af9   Thumb Code    22  oled.o(.text)
    OLED_ShowNum                             0x08002b0f   Thumb Code   132  oled.o(.text)
    OLED_ShowString                          0x08002b93   Thumb Code    54  oled.o(.text)
    OLED_ShowCHinese                         0x08002bc9   Thumb Code    98  oled.o(.text)
    OLED_DrawBMP                             0x08002c2b   Thumb Code   118  oled.o(.text)
    OLED_Init                                0x08002ca1   Thumb Code   450  oled.o(.text)
    TIM11_PWM_Init                           0x08002e65   Thumb Code   160  pwm.o(.text)
    TIM13_PWM_Init                           0x08002f05   Thumb Code   160  pwm.o(.text)
    TIM14_PWM_Init                           0x08002fa5   Thumb Code   160  pwm.o(.text)
    TIM3_Timer_Init                          0x08003045   Thumb Code    88  pwm.o(.text)
    TIM3_IRQHandler                          0x0800309d   Thumb Code   274  pwm.o(.text)
    EXTI_KEY_Init                            0x080031cd   Thumb Code    80  exti.o(.text)
    EXTI9_5_IRQHandler                       0x0800321d   Thumb Code    74  exti.o(.text)
    ADC3_Init                                0x08003275   Thumb Code   158  adc.o(.text)
    Get_Adc                                  0x08003313   Thumb Code    44  adc.o(.text)
    Get_Adc_Average                          0x0800333f   Thumb Code    48  adc.o(.text)
    Read_ADC_Datas                           0x0800336f   Thumb Code   516  adc.o(.text)
    ADC_Datas_Display                        0x08003573   Thumb Code   382  adc.o(.text)
    LED_Init                                 0x080036f1   Thumb Code    56  led.o(.text)
    L1Control                                0x08003729   Thumb Code    60  led.o(.text)
    L2Control                                0x08003765   Thumb Code    92  led.o(.text)
    L3Control                                0x080037c1   Thumb Code   118  led.o(.text)
    Hz40_In_Turn                             0x08003837   Thumb Code    90  led.o(.text)
    __use_no_semihosting                     0x0800389d   Thumb Code     2  use_no_semi_2.o(.text)
    __2sprintf                               0x080038a1   Thumb Code    34  noretval__2sprintf.o(.text)
    __printf                                 0x080038c9   Thumb Code   270  __printf_wp.o(.text)
    __use_two_region_memory                  0x080039d7   Thumb Code     2  heapauxi.o(.text)
    __rt_heap_escrow$2region                 0x080039d9   Thumb Code     2  heapauxi.o(.text)
    __rt_heap_expand$2region                 0x080039db   Thumb Code     2  heapauxi.o(.text)
    __I$use$semihosting                      0x080039dd   Thumb Code     0  use_no_semi.o(.text)
    __use_no_semihosting_swi                 0x080039dd   Thumb Code     2  use_no_semi.o(.text)
    __lib_sel_fp_printf                      0x080039df   Thumb Code     2  _printf_fp_dec.o(.text)
    _printf_fp_dec_real                      0x08003b8d   Thumb Code   620  _printf_fp_dec.o(.text)
    _printf_char_common                      0x08003e03   Thumb Code    32  _printf_char_common.o(.text)
    _sputc                                   0x08003e29   Thumb Code    10  _sputc.o(.text)
    __rt_locale                              0x08003e35   Thumb Code     8  rt_locale_intlibspace.o(.text)
    _ll_udiv10                               0x08003e3d   Thumb Code   138  lludiv10.o(.text)
    _printf_fp_infnan                        0x08003ec9   Thumb Code   112  _printf_fp_infnan.o(.text)
    _btod_etento                             0x08003f49   Thumb Code   216  bigflt0.o(.text)
    __user_libspace                          0x08004025   Thumb Code     8  libspace.o(.text)
    __user_perproc_libspace                  0x08004025   Thumb Code     0  libspace.o(.text)
    __user_perthread_libspace                0x08004025   Thumb Code     0  libspace.o(.text)
    __user_setup_stackheap                   0x0800402d   Thumb Code    74  sys_stackheap_outer.o(.text)
    exit                                     0x08004077   Thumb Code    18  exit.o(.text)
    strcmp                                   0x08004089   Thumb Code   128  strcmpv7m.o(.text)
    _btod_d2e                                0x08004109   Thumb Code    62  btod.o(CL$$btod_d2e)
    _d2e_denorm_low                          0x08004147   Thumb Code    70  btod.o(CL$$btod_d2e_denorm_low)
    _d2e_norm_op1                            0x0800418d   Thumb Code    96  btod.o(CL$$btod_d2e_norm_op1)
    __btod_div_common                        0x080041ed   Thumb Code   696  btod.o(CL$$btod_div_common)
    _e2e                                     0x08004525   Thumb Code   198  btod.o(CL$$btod_e2e)
    _btod_ediv                               0x080045eb   Thumb Code    40  btod.o(CL$$btod_ediv)
    _btod_emul                               0x08004613   Thumb Code    40  btod.o(CL$$btod_emul)
    __btod_mult_common                       0x0800463b   Thumb Code   580  btod.o(CL$$btod_mult_common)
    __ARM_fpclassify                         0x0800487f   Thumb Code    48  fpclassify.o(i.__ARM_fpclassify)
    _is_digit                                0x080048af   Thumb Code    14  __printf_wp.o(i._is_digit)
    _get_lc_numeric                          0x080048bd   Thumb Code    44  lc_numeric_c.o(locale$$code)
    __aeabi_d2f                              0x080048e9   Thumb Code     0  d2f.o(x$fpl$d2f)
    _d2f                                     0x080048e9   Thumb Code    98  d2f.o(x$fpl$d2f)
    __aeabi_dmul                             0x0800494d   Thumb Code     0  dmul.o(x$fpl$dmul)
    _dmul                                    0x0800494d   Thumb Code   332  dmul.o(x$fpl$dmul)
    __fpl_dnaninf                            0x08004aa1   Thumb Code   156  dnaninf.o(x$fpl$dnaninf)
    __fpl_dretinf                            0x08004b3d   Thumb Code    12  dretinf.o(x$fpl$dretinf)
    __aeabi_f2d                              0x08004b49   Thumb Code     0  f2d.o(x$fpl$f2d)
    _f2d                                     0x08004b49   Thumb Code    86  f2d.o(x$fpl$f2d)
    __fpl_fnaninf                            0x08004b9f   Thumb Code   140  fnaninf.o(x$fpl$fnaninf)
    _fp_init                                 0x08004c2b   Thumb Code    10  fpinit.o(x$fpl$fpinit)
    __fplib_config_fpu_vfp                   0x08004c33   Thumb Code     0  fpinit.o(x$fpl$fpinit)
    __fplib_config_pureend_doubles           0x08004c33   Thumb Code     0  fpinit.o(x$fpl$fpinit)
    __fpl_fretinf                            0x08004c35   Thumb Code    10  fretinf.o(x$fpl$fretinf)
    _printf_fp_dec                           0x08004c3f   Thumb Code     4  printf1.o(x$fpl$printf1)
    F6x8                                     0x08004c42   Data         552  oled.o(.constdata)
    __I$use$fp                               0x08004c42   Number         0  usenofp.o(x$fpl$usenofp)
    F8X16                                    0x08004e6a   Data        1520  oled.o(.constdata)
    Region$$Table$$Base                      0x080054f0   Number         0  anon$$obj.o(Region$$Table)
    Region$$Table$$Limit                     0x08005510   Number         0  anon$$obj.o(Region$$Table)
    SystemCoreClock                          0x20000000   Data           4  system_stm32f4xx.o(.data)
    AHBPrescTable                            0x20000004   Data          16  system_stm32f4xx.o(.data)
    __stdout                                 0x20000028   Data           4  usart.o(.data)
    USART_RX_STA                             0x2000002c   Data           2  usart.o(.data)
    Hzk                                      0x2000002f   Data         128  oled.o(.data)
    i                                        0x200000b0   Data           4  pwm.o(.data)
    adcx0                                    0x200000b4   Data           4  adc.o(.data)
    adcx1                                    0x200000b8   Data           4  adc.o(.data)
    adcx2                                    0x200000bc   Data           4  adc.o(.data)
    adcx3                                    0x200000c0   Data           4  adc.o(.data)
    adcx4                                    0x200000c4   Data           4  adc.o(.data)
    adcx5                                    0x200000c8   Data           4  adc.o(.data)
    adcx6                                    0x200000cc   Data           4  adc.o(.data)
    adcx7                                    0x200000d0   Data           4  adc.o(.data)
    adcx8                                    0x200000d4   Data           4  adc.o(.data)
    USART_RX_BUF                             0x200000d8   Data         200  usart.o(.bss)
    adcx0_buff                               0x200001a0   Data          20  adc.o(.bss)
    adcx1_buff                               0x200001b4   Data          20  adc.o(.bss)
    adcx2_buff                               0x200001c8   Data          20  adc.o(.bss)
    adcx3_buff                               0x200001dc   Data          20  adc.o(.bss)
    adcx4_buff                               0x200001f0   Data          20  adc.o(.bss)
    adcx5_buff                               0x20000204   Data          20  adc.o(.bss)
    adcx6_buff                               0x20000218   Data          20  adc.o(.bss)
    adcx7_buff                               0x2000022c   Data          20  adc.o(.bss)
    adcx8_buff                               0x20000240   Data          20  adc.o(.bss)
    __libspace_start                         0x20000254   Data          96  libspace.o(.bss)
    __temporary_stack_top$libspace           0x200002b4   Data           0  libspace.o(.bss)



==============================================================================

Memory Map of the image

  Image Entry point : 0x08000189

  Load Region LR_IROM1 (Base: 0x08000000, Size: 0x00005604, Max: 0x00100000, ABSOLUTE)

    Execution Region ER_IROM1 (Base: 0x08000000, Size: 0x0000552c, Max: 0x00100000, ABSOLUTE)

    Base Addr    Size         Type   Attr      Idx    E Section Name        Object

    0x08000000   0x00000188   Data   RO          240    RESET               startup_stm32f40_41xxx.o
    0x08000188   0x00000008   Code   RO         1303  * !!!main             c_w.l(__main.o)
    0x08000190   0x00000034   Code   RO         1531    !!!scatter          c_w.l(__scatter.o)
    0x080001c4   0x0000001a   Code   RO         1533    !!handler_copy      c_w.l(__scatter_copy.o)
    0x080001de   0x00000002   PAD
    0x080001e0   0x0000001c   Code   RO         1535    !!handler_zi        c_w.l(__scatter_zi.o)
    0x080001fc   0x00000000   Code   RO         1300    .ARM.Collect$$_printf_percent$$00000000  c_w.l(_printf_percent.o)
    0x080001fc   0x00000006   Code   RO         1299    .ARM.Collect$$_printf_percent$$00000003  c_w.l(_printf_f.o)
    0x08000202   0x00000004   Code   RO         1326    .ARM.Collect$$_printf_percent$$00000017  c_w.l(_printf_percent_end.o)
    0x08000206   0x00000002   Code   RO         1408    .ARM.Collect$$libinit$$00000000  c_w.l(libinit.o)
    0x08000208   0x00000004   Code   RO         1409    .ARM.Collect$$libinit$$00000001  c_w.l(libinit2.o)
    0x0800020c   0x00000000   Code   RO         1412    .ARM.Collect$$libinit$$00000004  c_w.l(libinit2.o)
    0x0800020c   0x00000000   Code   RO         1415    .ARM.Collect$$libinit$$0000000A  c_w.l(libinit2.o)
    0x0800020c   0x00000000   Code   RO         1417    .ARM.Collect$$libinit$$0000000C  c_w.l(libinit2.o)
    0x0800020c   0x00000000   Code   RO         1419    .ARM.Collect$$libinit$$0000000E  c_w.l(libinit2.o)
    0x0800020c   0x00000006   Code   RO         1420    .ARM.Collect$$libinit$$0000000F  c_w.l(libinit2.o)
    0x08000212   0x00000000   Code   RO         1422    .ARM.Collect$$libinit$$00000011  c_w.l(libinit2.o)
    0x08000212   0x00000000   Code   RO         1424    .ARM.Collect$$libinit$$00000013  c_w.l(libinit2.o)
    0x08000212   0x00000000   Code   RO         1426    .ARM.Collect$$libinit$$00000015  c_w.l(libinit2.o)
    0x08000212   0x0000000a   Code   RO         1427    .ARM.Collect$$libinit$$00000016  c_w.l(libinit2.o)
    0x0800021c   0x00000000   Code   RO         1428    .ARM.Collect$$libinit$$00000017  c_w.l(libinit2.o)
    0x0800021c   0x00000000   Code   RO         1430    .ARM.Collect$$libinit$$00000019  c_w.l(libinit2.o)
    0x0800021c   0x00000000   Code   RO         1432    .ARM.Collect$$libinit$$0000001B  c_w.l(libinit2.o)
    0x0800021c   0x00000000   Code   RO         1434    .ARM.Collect$$libinit$$0000001D  c_w.l(libinit2.o)
    0x0800021c   0x00000000   Code   RO         1436    .ARM.Collect$$libinit$$0000001F  c_w.l(libinit2.o)
    0x0800021c   0x00000000   Code   RO         1438    .ARM.Collect$$libinit$$00000021  c_w.l(libinit2.o)
    0x0800021c   0x00000000   Code   RO         1440    .ARM.Collect$$libinit$$00000023  c_w.l(libinit2.o)
    0x0800021c   0x00000000   Code   RO         1442    .ARM.Collect$$libinit$$00000025  c_w.l(libinit2.o)
    0x0800021c   0x00000000   Code   RO         1446    .ARM.Collect$$libinit$$0000002C  c_w.l(libinit2.o)
    0x0800021c   0x00000000   Code   RO         1448    .ARM.Collect$$libinit$$0000002E  c_w.l(libinit2.o)
    0x0800021c   0x00000000   Code   RO         1450    .ARM.Collect$$libinit$$00000030  c_w.l(libinit2.o)
    0x0800021c   0x00000000   Code   RO         1452    .ARM.Collect$$libinit$$00000032  c_w.l(libinit2.o)
    0x0800021c   0x00000002   Code   RO         1453    .ARM.Collect$$libinit$$00000033  c_w.l(libinit2.o)
    0x0800021e   0x00000002   Code   RO         1481    .ARM.Collect$$libshutdown$$00000000  c_w.l(libshutdown.o)
    0x08000220   0x00000000   Code   RO         1490    .ARM.Collect$$libshutdown$$00000002  c_w.l(libshutdown2.o)
    0x08000220   0x00000000   Code   RO         1492    .ARM.Collect$$libshutdown$$00000004  c_w.l(libshutdown2.o)
    0x08000220   0x00000000   Code   RO         1495    .ARM.Collect$$libshutdown$$00000007  c_w.l(libshutdown2.o)
    0x08000220   0x00000000   Code   RO         1498    .ARM.Collect$$libshutdown$$0000000A  c_w.l(libshutdown2.o)
    0x08000220   0x00000000   Code   RO         1500    .ARM.Collect$$libshutdown$$0000000C  c_w.l(libshutdown2.o)
    0x08000220   0x00000000   Code   RO         1503    .ARM.Collect$$libshutdown$$0000000F  c_w.l(libshutdown2.o)
    0x08000220   0x00000002   Code   RO         1504    .ARM.Collect$$libshutdown$$00000010  c_w.l(libshutdown2.o)
    0x08000222   0x00000000   Code   RO         1319    .ARM.Collect$$rtentry$$00000000  c_w.l(__rtentry.o)
    0x08000222   0x00000000   Code   RO         1337    .ARM.Collect$$rtentry$$00000002  c_w.l(__rtentry2.o)
    0x08000222   0x00000006   Code   RO         1349    .ARM.Collect$$rtentry$$00000004  c_w.l(__rtentry4.o)
    0x08000228   0x00000000   Code   RO         1339    .ARM.Collect$$rtentry$$00000009  c_w.l(__rtentry2.o)
    0x08000228   0x00000004   Code   RO         1340    .ARM.Collect$$rtentry$$0000000A  c_w.l(__rtentry2.o)
    0x0800022c   0x00000000   Code   RO         1342    .ARM.Collect$$rtentry$$0000000C  c_w.l(__rtentry2.o)
    0x0800022c   0x00000008   Code   RO         1343    .ARM.Collect$$rtentry$$0000000D  c_w.l(__rtentry2.o)
    0x08000234   0x00000002   Code   RO         1454    .ARM.Collect$$rtexit$$00000000  c_w.l(rtexit.o)
    0x08000236   0x00000000   Code   RO         1461    .ARM.Collect$$rtexit$$00000002  c_w.l(rtexit2.o)
    0x08000236   0x00000004   Code   RO         1462    .ARM.Collect$$rtexit$$00000003  c_w.l(rtexit2.o)
    0x0800023a   0x00000006   Code   RO         1463    .ARM.Collect$$rtexit$$00000004  c_w.l(rtexit2.o)
    0x08000240   0x0000004c   Code   RO            3    .text               main.o
    0x0800028c   0x0000001a   Code   RO          171    .text               stm32f4xx_it.o
    0x080002a6   0x00000002   PAD
    0x080002a8   0x00000210   Code   RO          194    .text               system_stm32f4xx.o
    0x080004b8   0x00000040   Code   RO          241    .text               startup_stm32f40_41xxx.o
    0x080004f8   0x000000e0   Code   RO          247    .text               misc.o
    0x080005d8   0x00000464   Code   RO          293    .text               stm32f4xx_adc.o
    0x08000a3c   0x00000110   Code   RO          536    .text               stm32f4xx_exti.o
    0x08000b4c   0x00000294   Code   RO          622    .text               stm32f4xx_gpio.o
    0x08000de0   0x0000065c   Code   RO          785    .text               stm32f4xx_rcc.o
    0x0800143c   0x00000094   Code   RO          910    .text               stm32f4xx_syscfg.o
    0x080014d0   0x00000ca2   Code   RO          930    .text               stm32f4xx_tim.o
    0x08002172   0x00000002   PAD
    0x08002174   0x00000454   Code   RO          950    .text               stm32f4xx_usart.o
    0x080025c8   0x00000104   Code   RO          990    .text               delay.o
    0x080026cc   0x00000148   Code   RO         1030    .text               usart.o
    0x08002814   0x00000164   Code   RO         1081    .text               key.o
    0x08002978   0x000004ea   Code   RO         1125    .text               oled.o
    0x08002e62   0x00000002   PAD
    0x08002e64   0x00000368   Code   RO         1152    .text               pwm.o
    0x080031cc   0x000000a8   Code   RO         1175    .text               exti.o
    0x08003274   0x0000047c   Code   RO         1201    .text               adc.o
    0x080036f0   0x000001ac   Code   RO         1251    .text               led.o
    0x0800389c   0x00000002   Code   RO         1271    .text               c_w.l(use_no_semi_2.o)
    0x0800389e   0x00000002   PAD
    0x080038a0   0x00000028   Code   RO         1275    .text               c_w.l(noretval__2sprintf.o)
    0x080038c8   0x0000010e   Code   RO         1287    .text               c_w.l(__printf_wp.o)
    0x080039d6   0x00000006   Code   RO         1301    .text               c_w.l(heapauxi.o)
    0x080039dc   0x00000002   Code   RO         1317    .text               c_w.l(use_no_semi.o)
    0x080039de   0x0000041a   Code   RO         1320    .text               c_w.l(_printf_fp_dec.o)
    0x08003df8   0x00000030   Code   RO         1322    .text               c_w.l(_printf_char_common.o)
    0x08003e28   0x0000000a   Code   RO         1324    .text               c_w.l(_sputc.o)
    0x08003e32   0x00000002   PAD
    0x08003e34   0x00000008   Code   RO         1354    .text               c_w.l(rt_locale_intlibspace.o)
    0x08003e3c   0x0000008a   Code   RO         1356    .text               c_w.l(lludiv10.o)
    0x08003ec6   0x00000002   PAD
    0x08003ec8   0x00000080   Code   RO         1358    .text               c_w.l(_printf_fp_infnan.o)
    0x08003f48   0x000000dc   Code   RO         1362    .text               c_w.l(bigflt0.o)
    0x08004024   0x00000008   Code   RO         1394    .text               c_w.l(libspace.o)
    0x0800402c   0x0000004a   Code   RO         1397    .text               c_w.l(sys_stackheap_outer.o)
    0x08004076   0x00000012   Code   RO         1399    .text               c_w.l(exit.o)
    0x08004088   0x00000080   Code   RO         1401    .text               c_w.l(strcmpv7m.o)
    0x08004108   0x0000003e   Code   RO         1365    CL$$btod_d2e        c_w.l(btod.o)
    0x08004146   0x00000046   Code   RO         1367    CL$$btod_d2e_denorm_low  c_w.l(btod.o)
    0x0800418c   0x00000060   Code   RO         1366    CL$$btod_d2e_norm_op1  c_w.l(btod.o)
    0x080041ec   0x00000338   Code   RO         1375    CL$$btod_div_common  c_w.l(btod.o)
    0x08004524   0x000000c6   Code   RO         1372    CL$$btod_e2e        c_w.l(btod.o)
    0x080045ea   0x00000028   Code   RO         1369    CL$$btod_ediv       c_w.l(btod.o)
    0x08004612   0x00000028   Code   RO         1368    CL$$btod_emul       c_w.l(btod.o)
    0x0800463a   0x00000244   Code   RO         1374    CL$$btod_mult_common  c_w.l(btod.o)
    0x0800487e   0x00000030   Code   RO         1392    i.__ARM_fpclassify  m_wm.l(fpclassify.o)
    0x080048ae   0x0000000e   Code   RO         1289    i._is_digit         c_w.l(__printf_wp.o)
    0x080048bc   0x0000002c   Code   RO         1388    locale$$code        c_w.l(lc_numeric_c.o)
    0x080048e8   0x00000062   Code   RO         1305    x$fpl$d2f           fz_wm.l(d2f.o)
    0x0800494a   0x00000002   PAD
    0x0800494c   0x00000154   Code   RO         1311    x$fpl$dmul          fz_wm.l(dmul.o)
    0x08004aa0   0x0000009c   Code   RO         1327    x$fpl$dnaninf       fz_wm.l(dnaninf.o)
    0x08004b3c   0x0000000c   Code   RO         1329    x$fpl$dretinf       fz_wm.l(dretinf.o)
    0x08004b48   0x00000056   Code   RO         1313    x$fpl$f2d           fz_wm.l(f2d.o)
    0x08004b9e   0x0000008c   Code   RO         1331    x$fpl$fnaninf       fz_wm.l(fnaninf.o)
    0x08004c2a   0x0000000a   Code   RO         1458    x$fpl$fpinit        fz_wm.l(fpinit.o)
    0x08004c34   0x0000000a   Code   RO         1333    x$fpl$fretinf       fz_wm.l(fretinf.o)
    0x08004c3e   0x00000004   Code   RO         1315    x$fpl$printf1       fz_wm.l(printf1.o)
    0x08004c42   0x00000000   Code   RO         1335    x$fpl$usenofp       fz_wm.l(usenofp.o)
    0x08004c42   0x00000818   Data   RO         1126    .constdata          oled.o
    0x0800545a   0x00000002   PAD
    0x0800545c   0x00000094   Data   RO         1363    .constdata          c_w.l(bigflt0.o)
    0x080054f0   0x00000020   Data   RO         1529    Region$$Table       anon$$obj.o
    0x08005510   0x0000001c   Data   RO         1387    locale$$data        c_w.l(lc_numeric_c.o)


    Execution Region RW_IRAM1 (Base: 0x20000000, Size: 0x000008b8, Max: 0x00020000, ABSOLUTE)

    Base Addr    Size         Type   Attr      Idx    E Section Name        Object

    0x20000000   0x00000014   Data   RW          195    .data               system_stm32f4xx.o
    0x20000014   0x00000010   Data   RW          786    .data               stm32f4xx_rcc.o
    0x20000024   0x00000004   Data   RW          991    .data               delay.o
    0x20000028   0x00000006   Data   RW         1032    .data               usart.o
    0x2000002e   0x00000001   Data   RW         1082    .data               key.o
    0x2000002f   0x00000080   Data   RW         1127    .data               oled.o
    0x200000af   0x00000001   PAD
    0x200000b0   0x00000004   Data   RW         1153    .data               pwm.o
    0x200000b4   0x00000024   Data   RW         1203    .data               adc.o
    0x200000d8   0x000000c8   Zero   RW         1031    .bss                usart.o
    0x200001a0   0x000000b4   Zero   RW         1202    .bss                adc.o
    0x20000254   0x00000060   Zero   RW         1395    .bss                c_w.l(libspace.o)
    0x200002b4   0x00000004   PAD
    0x200002b8   0x00000200   Zero   RW          239    HEAP                startup_stm32f40_41xxx.o
    0x200004b8   0x00000400   Zero   RW          238    STACK               startup_stm32f40_41xxx.o


==============================================================================

Image component sizes


      Code (inc. data)   RO Data    RW Data    ZI Data      Debug   Object Name

      1148         98          0         36        180       2876   adc.o
       260          8          0          4          0       1453   delay.o
       168         14          0          0          0        739   exti.o
       356          8          0          1          0       1024   key.o
       428         12          0          0          0       1162   led.o
        76         12          0          0          0      52863   main.o
       224         20          0          0          0     247065   misc.o
      1258         22       2072        128          0       4961   oled.o
       872         30          0          4          0       2355   pwm.o
        64         26        392          0       1536        824   startup_stm32f40_41xxx.o
      1124         24          0          0          0      10662   stm32f4xx_adc.o
       272         10          0          0          0       2259   stm32f4xx_exti.o
       660         44          0          0          0       4129   stm32f4xx_gpio.o
        26          0          0          0          0       1210   stm32f4xx_it.o
      1628         52          0         16          0      12992   stm32f4xx_rcc.o
       148         12          0          0          0       1829   stm32f4xx_syscfg.o
      3234         60          0          0          0      22988   stm32f4xx_tim.o
      1108         34          0          0          0       7856   stm32f4xx_usart.o
       528         46          0         20          0       1735   system_stm32f4xx.o
       328         16          0          6        200       3302   usart.o

    ----------------------------------------------------------------------
     13916        548       2498        216       1916     384284   Object Totals
         0          0         32          0          0          0   (incl. Generated)
         6          0          2          1          0          0   (incl. Padding)

    ----------------------------------------------------------------------

      Code (inc. data)   RO Data    RW Data    ZI Data      Debug   Library Member Name

         8          0          0          0          0         68   __main.o
       284          0          0          0          0        156   __printf_wp.o
         0          0          0          0          0          0   __rtentry.o
        12          0          0          0          0          0   __rtentry2.o
         6          0          0          0          0          0   __rtentry4.o
        52          8          0          0          0          0   __scatter.o
        26          0          0          0          0          0   __scatter_copy.o
        28          0          0          0          0          0   __scatter_zi.o
        48          6          0          0          0         96   _printf_char_common.o
         6          0          0          0          0          0   _printf_f.o
      1050          0          0          0          0        216   _printf_fp_dec.o
       128         16          0          0          0         84   _printf_fp_infnan.o
         0          0          0          0          0          0   _printf_percent.o
         4          0          0          0          0          0   _printf_percent_end.o
        10          0          0          0          0         68   _sputc.o
       220          4        148          0          0         96   bigflt0.o
      1910        128          0          0          0        672   btod.o
        18          0          0          0          0         80   exit.o
         6          0          0          0          0        152   heapauxi.o
        44         10         28          0          0         76   lc_numeric_c.o
         2          0          0          0          0          0   libinit.o
        22          0          0          0          0          0   libinit2.o
         2          0          0          0          0          0   libshutdown.o
         2          0          0          0          0          0   libshutdown2.o
         8          4          0          0         96         68   libspace.o
       138          0          0          0          0         80   lludiv10.o
        40          6          0          0          0         84   noretval__2sprintf.o
         8          4          0          0          0         68   rt_locale_intlibspace.o
         2          0          0          0          0          0   rtexit.o
        10          0          0          0          0          0   rtexit2.o
       128          0          0          0          0         68   strcmpv7m.o
        74          0          0          0          0         80   sys_stackheap_outer.o
         2          0          0          0          0         68   use_no_semi.o
         2          0          0          0          0         68   use_no_semi_2.o
        98          4          0          0          0        140   d2f.o
       340         12          0          0          0        152   dmul.o
       156          4          0          0          0        140   dnaninf.o
        12          0          0          0          0        116   dretinf.o
        86          4          0          0          0        132   f2d.o
       140          4          0          0          0        132   fnaninf.o
        10          0          0          0          0        116   fpinit.o
        10          0          0          0          0        116   fretinf.o
         4          0          0          0          0        116   printf1.o
         0          0          0          0          0          0   usenofp.o
        48          0          0          0          0        124   fpclassify.o

    ----------------------------------------------------------------------
      5214        214        176          0        100       3632   Library Totals
        10          0          0          0          4          0   (incl. Padding)

    ----------------------------------------------------------------------

      Code (inc. data)   RO Data    RW Data    ZI Data      Debug   Library Name

      4300        186        176          0         96       2348   c_w.l
       856         28          0          0          0       1160   fz_wm.l
        48          0          0          0          0        124   m_wm.l

    ----------------------------------------------------------------------
      5214        214        176          0        100       3632   Library Totals

    ----------------------------------------------------------------------

==============================================================================


      Code (inc. data)   RO Data    RW Data    ZI Data      Debug   

     19130        762       2674        216       2016     381868   Grand Totals
     19130        762       2674        216       2016     381868   ELF Image Totals
     19130        762       2674        216          0          0   ROM Totals

==============================================================================

    Total RO  Size (Code + RO Data)                21804 (  21.29kB)
    Total RW  Size (RW Data + ZI Data)              2232 (   2.18kB)
    Total ROM Size (Code + RO Data + RW Data)      22020 (  21.50kB)

==============================================================================

