<html>
<body>
<pre>
<h1>µVision Build Log</h1>
<h2>Tool Versions:</h2>
IDE-Version: ¦ÌVision V5.23.0.0
Copyright (C) 2017 ARM Ltd and ARM Germany GmbH. All rights reserved.
License Information: XY Zhang, zyx.im, LIC=D0DY8-3T8BQ-LCYJF-6NQ2V-N90MT-LZG3F
 
Tool Versions:
Toolchain:       MDK-ARM Plus  Version: 5.23
Toolchain Path:  D:\Program Files (x86)\Keil_v5\ARM\ARMCC\Bin
C Compiler:      Armcc.exe V5.06 update 4 (build 422)
Assembler:       Armasm.exe V5.06 update 4 (build 422)
Linker/Locator:  ArmLink.exe V5.06 update 4 (build 422)
Library Manager: ArmAr.exe V5.06 update 4 (build 422)
Hex Converter:   FromElf.exe V5.06 update 4 (build 422)
CPU DLL:         SARMCM3.DLL V5.23
Dialog DLL:      DCM.DLL V1.15.0.0
Target DLL:      Segger\JL2CM3.dll V2.99.23.0
Dialog DLL:      TCM.DLL V1.27.0.0
 
<h2>Project:</h2>
E:\MEGA_Team\PROJECT I\I-RX\USER\TEAM7_STM32.uvprojx
Project File Date:  08/12/2017

<h2>Output:</h2>
*** Using Compiler 'V5.06 update 4 (build 422)', folder: 'D:\Program Files (x86)\Keil_v5\ARM\ARMCC\Bin'
Rebuild target 'TEAM7_STM32'
compiling system_stm32f4xx.c...
compiling stm32f4xx_it.c...
compiling main.c...
compiling PositionCalc.c...
PositionCalc.c(5): warning:  #1-D: last line of file ends without a newline
  float Dis_a,Dis_b,Dis_c;
PositionCalc.c: 1 warning, 0 errors
compiling ADCFliter.c...
ADCFliter.h(21): warning:  #1-D: last line of file ends without a newline
  #endif
ADCFliter.c(54): warning:  #1-D: last line of file ends without a newline
  }
ADCFliter.c: 2 warnings, 0 errors
assembling startup_stm32f40_41xxx.s...
compiling coor.c...
coor.c(423): warning:  #1-D: last line of file ends without a newline
  							  
coor.c: 1 warning, 0 errors
compiling misc.c...
compiling stm32f4xx_adc.c...
compiling stm32f4xx_can.c...
compiling stm32f4xx_cryp.c...
compiling stm32f4xx_crc.c...
compiling stm32f4xx_cryp_aes.c...
compiling stm32f4xx_dac.c...
compiling stm32f4xx_cryp_des.c...
compiling stm32f4xx_cryp_tdes.c...
compiling stm32f4xx_dcmi.c...
compiling stm32f4xx_dbgmcu.c...
compiling stm32f4xx_dma2d.c...
compiling stm32f4xx_exti.c...
compiling stm32f4xx_dma.c...
compiling stm32f4xx_flash.c...
compiling stm32f4xx_flash_ramfunc.c...
compiling stm32f4xx_fsmc.c...
compiling stm32f4xx_gpio.c...
compiling stm32f4xx_hash_md5.c...
compiling stm32f4xx_hash_sha1.c...
compiling stm32f4xx_hash.c...
compiling stm32f4xx_i2c.c...
compiling stm32f4xx_iwdg.c...
compiling stm32f4xx_ltdc.c...
compiling stm32f4xx_rng.c...
compiling stm32f4xx_pwr.c...
compiling stm32f4xx_rcc.c...
compiling stm32f4xx_sai.c...
compiling stm32f4xx_sdio.c...
compiling stm32f4xx_rtc.c...
compiling stm32f4xx_spi.c...
compiling stm32f4xx_syscfg.c...
compiling stm32f4xx_tim.c...
compiling stm32f4xx_usart.c...
compiling delay.c...
compiling stm32f4xx_wwdg.c...
compiling sys.c...
compiling usart.c...
compiling dac.c...
compiling key.c...
compiling oled.c...
compiling myiic.c...
compiling exti.c...
compiling pwm.c...
compiling adc.c...
..\INTERFACE\adc.c(133): warning:  #167-D: argument of type "char *" is incompatible with parameter of type "u8 *"
  	OLED_ShowString(0,0,adcx0_buff);
..\INTERFACE\adc.c(136): warning:  #167-D: argument of type "char *" is incompatible with parameter of type "u8 *"
  	OLED_ShowString(64,0,adcx1_buff);
..\INTERFACE\adc.c(139): warning:  #167-D: argument of type "char *" is incompatible with parameter of type "u8 *"
  	OLED_ShowString(0,2,adcx2_buff);
..\INTERFACE\adc.c(142): warning:  #167-D: argument of type "char *" is incompatible with parameter of type "u8 *"
  	OLED_ShowString(64,2,adcx3_buff);
..\INTERFACE\adc.c(145): warning:  #167-D: argument of type "char *" is incompatible with parameter of type "u8 *"
  	OLED_ShowString(0,4,adcx4_buff);
..\INTERFACE\adc.c(148): warning:  #167-D: argument of type "char *" is incompatible with parameter of type "u8 *"
  	OLED_ShowString(64,4,adcx5_buff);
..\INTERFACE\adc.c(151): warning:  #167-D: argument of type "char *" is incompatible with parameter of type "u8 *"
  	OLED_ShowString(0,6,adcx6_buff);
..\INTERFACE\adc.c(154): warning:  #167-D: argument of type "char *" is incompatible with parameter of type "u8 *"
  	OLED_ShowString(64,6,adcx7_buff);
..\INTERFACE\adc.c: 8 warnings, 0 errors
compiling timer.c...
compiling bh1750.c...
..\HARDWARE\GY30\bh1750.c(50): warning:  #1035-D: single-precision operand implicitly converted to double-precision
  	result_lx=(float)result/1.2;
..\HARDWARE\GY30\bh1750.c: 1 warning, 0 errors
compiling led.c...
linking...
Program Size: Code=27390 RO-data=2674 RW-data=280 ZI-data=4400  
FromELF: creating hex file...
"..\OBJ\TEAM7_STM32.axf" - 0 Error(s), 13 Warning(s).

<h2>Collection of Component include folders:</h2>
  .\RTE\_TEAM7_STM32
  D:\Program Files (x86)\Keil_v5\ARM\PACK\Keil\STM32F4xx_DFP\2.11.0\Drivers\CMSIS\Device\ST\STM32F4xx\Include

<h2>Collection of Component Files used:</h2>
Build Time Elapsed:  00:01:41
</pre>
</body>
</html>
