Component: ARM Compiler 5.06 update 4 (build 422) Tool: armlink [4d35d2]

==============================================================================

Section Cross References

    main.o(.text) refers to usart.o(.text) for uart_init
    main.o(.text) refers to delay.o(.text) for delay_init
    main.o(.text) refers to oled.o(.text) for OLED_Init
    main.o(.text) refers to adc.o(.text) for ADC3_Init
    main.o(.text) refers to key.o(.text) for KEY_Init
    system_stm32f4xx.o(.text) refers to system_stm32f4xx.o(.data) for SystemCoreClock
    adcfliter.o(.text) refers to adc.o(.text) for Get_Adc_Average
    coor.o(.text) refers to coor.o(.bss) for A11
    coor.o(.text) refers to adc.o(.data) for HeightA_avg
    coor.o(.text) refers to oled.o(.text) for OLED_Clear
    coor.o(.text) refers to coor.o(.data) for differ_min
    startup_stm32f40_41xxx.o(STACK) refers (Special) to heapauxi.o(.text) for __use_two_region_memory
    startup_stm32f40_41xxx.o(HEAP) refers (Special) to heapauxi.o(.text) for __use_two_region_memory
    startup_stm32f40_41xxx.o(RESET) refers (Special) to heapauxi.o(.text) for __use_two_region_memory
    startup_stm32f40_41xxx.o(RESET) refers to startup_stm32f40_41xxx.o(STACK) for __initial_sp
    startup_stm32f40_41xxx.o(RESET) refers to startup_stm32f40_41xxx.o(.text) for Reset_Handler
    startup_stm32f40_41xxx.o(RESET) refers to stm32f4xx_it.o(.text) for NMI_Handler
    startup_stm32f40_41xxx.o(RESET) refers to timer.o(.text) for TIM3_IRQHandler
    startup_stm32f40_41xxx.o(RESET) refers to usart.o(.text) for USART1_IRQHandler
    startup_stm32f40_41xxx.o(.text) refers (Special) to heapauxi.o(.text) for __use_two_region_memory
    startup_stm32f40_41xxx.o(.text) refers to system_stm32f4xx.o(.text) for SystemInit
    startup_stm32f40_41xxx.o(.text) refers to __main.o(!!!main) for __main
    startup_stm32f40_41xxx.o(.text) refers to startup_stm32f40_41xxx.o(HEAP) for Heap_Mem
    startup_stm32f40_41xxx.o(.text) refers to startup_stm32f40_41xxx.o(STACK) for Stack_Mem
    stm32f4xx_adc.o(.text) refers to stm32f4xx_rcc.o(.text) for RCC_APB2PeriphResetCmd
    stm32f4xx_can.o(.text) refers to stm32f4xx_rcc.o(.text) for RCC_APB1PeriphResetCmd
    stm32f4xx_cryp.o(.text) refers to stm32f4xx_rcc.o(.text) for RCC_AHB2PeriphResetCmd
    stm32f4xx_cryp_aes.o(.text) refers to stm32f4xx_cryp.o(.text) for CRYP_KeyStructInit
    stm32f4xx_cryp_des.o(.text) refers to stm32f4xx_cryp.o(.text) for CRYP_KeyStructInit
    stm32f4xx_cryp_tdes.o(.text) refers to stm32f4xx_cryp.o(.text) for CRYP_KeyStructInit
    stm32f4xx_dac.o(.text) refers to stm32f4xx_rcc.o(.text) for RCC_APB1PeriphResetCmd
    stm32f4xx_dma2d.o(.text) refers to stm32f4xx_rcc.o(.text) for RCC_AHB1PeriphResetCmd
    stm32f4xx_fsmc.o(.text) refers to stm32f4xx_fsmc.o(.constdata) for FSMC_DefaultTimingStruct
    stm32f4xx_gpio.o(.text) refers to stm32f4xx_rcc.o(.text) for RCC_AHB1PeriphResetCmd
    stm32f4xx_hash.o(.text) refers to stm32f4xx_rcc.o(.text) for RCC_AHB2PeriphResetCmd
    stm32f4xx_hash_md5.o(.text) refers to stm32f4xx_hash.o(.text) for HASH_DeInit
    stm32f4xx_hash_sha1.o(.text) refers to stm32f4xx_hash.o(.text) for HASH_DeInit
    stm32f4xx_i2c.o(.text) refers to stm32f4xx_rcc.o(.text) for RCC_APB1PeriphResetCmd
    stm32f4xx_ltdc.o(.text) refers to stm32f4xx_rcc.o(.text) for RCC_APB2PeriphResetCmd
    stm32f4xx_pwr.o(.text) refers to stm32f4xx_rcc.o(.text) for RCC_APB1PeriphResetCmd
    stm32f4xx_rcc.o(.text) refers to stm32f4xx_rcc.o(.data) for APBAHBPrescTable
    stm32f4xx_rng.o(.text) refers to stm32f4xx_rcc.o(.text) for RCC_AHB2PeriphResetCmd
    stm32f4xx_sai.o(.text) refers to stm32f4xx_rcc.o(.text) for RCC_APB2PeriphResetCmd
    stm32f4xx_sdio.o(.text) refers to stm32f4xx_rcc.o(.text) for RCC_APB2PeriphResetCmd
    stm32f4xx_spi.o(.text) refers to stm32f4xx_rcc.o(.text) for RCC_APB2PeriphResetCmd
    stm32f4xx_syscfg.o(.text) refers to stm32f4xx_rcc.o(.text) for RCC_APB2PeriphResetCmd
    stm32f4xx_tim.o(.text) refers to stm32f4xx_rcc.o(.text) for RCC_APB2PeriphResetCmd
    stm32f4xx_usart.o(.text) refers to stm32f4xx_rcc.o(.text) for RCC_APB2PeriphResetCmd
    stm32f4xx_wwdg.o(.text) refers to stm32f4xx_rcc.o(.text) for RCC_APB1PeriphResetCmd
    delay.o(.text) refers to misc.o(.text) for SysTick_CLKSourceConfig
    delay.o(.text) refers to delay.o(.data) for fac_us
    usart.o(.rev16_text) refers (Special) to use_no_semi_2.o(.text) for __use_no_semihosting
    usart.o(.revsh_text) refers (Special) to use_no_semi_2.o(.text) for __use_no_semihosting
    usart.o(.text) refers (Special) to use_no_semi_2.o(.text) for __use_no_semihosting
    usart.o(.text) refers to stm32f4xx_rcc.o(.text) for RCC_AHB1PeriphClockCmd
    usart.o(.text) refers to stm32f4xx_gpio.o(.text) for GPIO_PinAFConfig
    usart.o(.text) refers to stm32f4xx_usart.o(.text) for USART_Init
    usart.o(.text) refers to misc.o(.text) for NVIC_Init
    usart.o(.text) refers to usart.o(.data) for USART_RX_STA
[...]
    .ARM.Collect$$libshutdown$$0000000C      0x08000226   Section        0  libshutdown2.o(.ARM.Collect$$libshutdown$$0000000C)
    .ARM.Collect$$libshutdown$$0000000F      0x08000226   Section        0  libshutdown2.o(.ARM.Collect$$libshutdown$$0000000F)
    .ARM.Collect$$libshutdown$$00000010      0x08000226   Section        2  libshutdown2.o(.ARM.Collect$$libshutdown$$00000010)
    .ARM.Collect$$rtentry$$00000000          0x08000228   Section        0  __rtentry.o(.ARM.Collect$$rtentry$$00000000)
    .ARM.Collect$$rtentry$$00000002          0x08000228   Section        0  __rtentry2.o(.ARM.Collect$$rtentry$$00000002)
    .ARM.Collect$$rtentry$$00000004          0x08000228   Section        6  __rtentry4.o(.ARM.Collect$$rtentry$$00000004)
    .ARM.Collect$$rtentry$$00000009          0x0800022e   Section        0  __rtentry2.o(.ARM.Collect$$rtentry$$00000009)
    .ARM.Collect$$rtentry$$0000000A          0x0800022e   Section        4  __rtentry2.o(.ARM.Collect$$rtentry$$0000000A)
    .ARM.Collect$$rtentry$$0000000C          0x08000232   Section        0  __rtentry2.o(.ARM.Collect$$rtentry$$0000000C)
    .ARM.Collect$$rtentry$$0000000D          0x08000232   Section        8  __rtentry2.o(.ARM.Collect$$rtentry$$0000000D)
    .ARM.Collect$$rtexit$$00000000           0x0800023a   Section        2  rtexit.o(.ARM.Collect$$rtexit$$00000000)
    .ARM.Collect$$rtexit$$00000002           0x0800023c   Section        0  rtexit2.o(.ARM.Collect$$rtexit$$00000002)
    .ARM.Collect$$rtexit$$00000003           0x0800023c   Section        4  rtexit2.o(.ARM.Collect$$rtexit$$00000003)
    .ARM.Collect$$rtexit$$00000004           0x08000240   Section        6  rtexit2.o(.ARM.Collect$$rtexit$$00000004)
    .text                                    0x08000248   Section        0  main.o(.text)
    .text                                    0x08000298   Section        0  stm32f4xx_it.o(.text)
    .text                                    0x080002b4   Section        0  system_stm32f4xx.o(.text)
    SetSysClock                              0x080002b5   Thumb Code   220  system_stm32f4xx.o(.text)
    .text                                    0x080004c4   Section        0  coor.o(.text)
    .text                                    0x08002318   Section       64  startup_stm32f40_41xxx.o(.text)
    $v0                                      0x08002318   Number         0  startup_stm32f40_41xxx.o(.text)
    .text                                    0x08002358   Section        0  misc.o(.text)
    .text                                    0x08002438   Section        0  stm32f4xx_adc.o(.text)
    .text                                    0x0800289c   Section        0  stm32f4xx_gpio.o(.text)
    .text                                    0x08002b30   Section        0  stm32f4xx_rcc.o(.text)
    .text                                    0x0800318c   Section        0  stm32f4xx_tim.o(.text)
    TI4_Config                               0x0800392b   Thumb Code    80  stm32f4xx_tim.o(.text)
    TI3_Config                               0x0800398d   Thumb Code    72  stm32f4xx_tim.o(.text)
    TI2_Config                               0x080039ef   Thumb Code    90  stm32f4xx_tim.o(.text)
    TI1_Config                               0x08003a5b   Thumb Code    58  stm32f4xx_tim.o(.text)
    .text                                    0x08003e30   Section        0  stm32f4xx_usart.o(.text)
    .text                                    0x08004284   Section        0  delay.o(.text)
    .text                                    0x08004388   Section        0  usart.o(.text)
    .text                                    0x080044d0   Section        0  key.o(.text)
    .text                                    0x080046a4   Section        0  oled.o(.text)
    .text                                    0x08004b54   Section        0  adc.o(.text)
    .text                                    0x08005524   Section        0  timer.o(.text)
    .text                                    0x08005770   Section        2  use_no_semi_2.o(.text)
    .text                                    0x08005774   Section        0  noretval__2printf.o(.text)
    .text                                    0x0800578c   Section        0  noretval__2sprintf.o(.text)
    .text                                    0x080057b4   Section        0  _printf_dec.o(.text)
    .text                                    0x0800582c   Section        0  __printf_wp.o(.text)
    .text                                    0x0800593a   Section        0  heapauxi.o(.text)
    .text                                    0x08005940   Section        2  use_no_semi.o(.text)
    .text                                    0x08005942   Section        0  _printf_intcommon.o(.text)
    .text                                    0x080059f4   Section        0  _printf_fp_dec.o(.text)
    _fp_digits                               0x080059f7   Thumb Code   428  _printf_fp_dec.o(.text)
    .text                                    0x08005e10   Section        0  _printf_char_common.o(.text)
    _printf_input_char                       0x08005e11   Thumb Code    10  _printf_char_common.o(.text)
    .text                                    0x08005e40   Section        0  _sputc.o(.text)
    .text                                    0x08005e4c   Section        0  _printf_char_file.o(.text)
    .text                                    0x08005e70   Section        8  rt_locale_intlibspace.o(.text)
    .text                                    0x08005e78   Section      138  lludiv10.o(.text)
    .text                                    0x08005f04   Section        0  _printf_fp_infnan.o(.text)
    .text                                    0x08005f84   Section        0  bigflt0.o(.text)
    .text                                    0x08006060   Section        0  ferror.o(.text)
    .text                                    0x08006068   Section        8  libspace.o(.text)
    .text                                    0x08006070   Section       74  sys_stackheap_outer.o(.text)
    .text                                    0x080060ba   Section        0  exit.o(.text)
    .text                                    0x080060cc   Section      128  strcmpv7m.o(.text)
    CL$$btod_d2e                             0x0800614c   Section       62  btod.o(CL$$btod_d2e)
    CL$$btod_d2e_denorm_low                  0x0800618a   Section       70  btod.o(CL$$btod_d2e_denorm_low)
    CL$$btod_d2e_norm_op1                    0x080061d0   Section       96  btod.o(CL$$btod_d2e_norm_op1)
    CL$$btod_div_common                      0x08006230   Section      824  btod.o(CL$$btod_div_common)
    CL$$btod_e2e                             0x08006568   Section      198  btod.o(CL$$btod_e2e)
    CL$$btod_ediv                            0x0800662e   Section       40  btod.o(CL$$btod_ediv)
    CL$$btod_emul                            0x08006656   Section       40  btod.o(CL$$btod_emul)
    CL$$btod_mult_common                     0x0800667e   Section      580  btod.o(CL$$btod_mult_common)
    i.__ARM_fpclassify                       0x080068c2   Section        0  fpclassify.o(i.__ARM_fpclassify)
    i._is_digit                              0x080068f2   Section        0  __printf_wp.o(i._is_digit)
    locale$$code                             0x08006900   Section       44  lc_numeric_c.o(locale$$code)
    x$fpl$d2f                                0x0800692c   Section       98  d2f.o(x$fpl$d2f)
    $v0                                      0x0800692c   Number         0  d2f.o(x$fpl$d2f)
    x$fpl$dmul                               0x08006990   Section      340  dmul.o(x$fpl$dmul)
    $v0                                      0x08006990   Number         0  dmul.o(x$fpl$dmul)
    x$fpl$dnaninf                            0x08006ae4   Section      156  dnaninf.o(x$fpl$dnaninf)
    $v0                                      0x08006ae4   Number         0  dnaninf.o(x$fpl$dnaninf)
    x$fpl$dretinf                            0x08006b80   Section       12  dretinf.o(x$fpl$dretinf)
    $v0                                      0x08006b80   Number         0  dretinf.o(x$fpl$dretinf)
    x$fpl$f2d                                0x08006b8c   Section       86  f2d.o(x$fpl$f2d)
    $v0                                      0x08006b8c   Number         0  f2d.o(x$fpl$f2d)
    x$fpl$fnaninf                            0x08006be2   Section      140  fnaninf.o(x$fpl$fnaninf)
    $v0                                      0x08006be2   Number         0  fnaninf.o(x$fpl$fnaninf)
    x$fpl$fpinit                             0x08006c6e   Section       10  fpinit.o(x$fpl$fpinit)
    $v0                                      0x08006c6e   Number         0  fpinit.o(x$fpl$fpinit)
    x$fpl$fretinf                            0x08006c78   Section       10  fretinf.o(x$fpl$fretinf)
    $v0                                      0x08006c78   Number         0  fretinf.o(x$fpl$fretinf)
    x$fpl$printf1                            0x08006c82   Section        4  printf1.o(x$fpl$printf1)
    $v0                                      0x08006c82   Number         0  printf1.o(x$fpl$printf1)
    .constdata                               0x08006c86   Section     2072  oled.o(.constdata)
    x$fpl$usenofp                            0x08006c86   Section        0  usenofp.o(x$fpl$usenofp)
    .constdata                               0x080074a0   Section      148  bigflt0.o(.constdata)
    tenpwrs_x                                0x080074a0   Data          60  bigflt0.o(.constdata)
    tenpwrs_i                                0x080074dc   Data          64  bigflt0.o(.constdata)
    locale$$data                             0x08007554   Section       28  lc_numeric_c.o(locale$$data)
    __lcnum_c_name                           0x08007558   Data           2  lc_numeric_c.o(locale$$data)
    __lcnum_c_start                          0x08007560   Data           0  lc_numeric_c.o(locale$$data)
    __lcnum_c_point                          0x0800756c   Data           0  lc_numeric_c.o(locale$$data)
    __lcnum_c_thousands                      0x0800756e   Data           0  lc_numeric_c.o(locale$$data)
    __lcnum_c_grouping                       0x0800756f   Data           0  lc_numeric_c.o(locale$$data)
    __lcnum_c_end                            0x08007570   Data           0  lc_numeric_c.o(locale$$data)
    .data                                    0x20000000   Section        4  main.o(.data)
    .data                                    0x20000004   Section       20  system_stm32f4xx.o(.data)
    .data                                    0x20000018   Section       24  coor.o(.data)
    .data                                    0x20000030   Section       16  stm32f4xx_rcc.o(.data)
    APBAHBPrescTable                         0x20000030   Data          16  stm32f4xx_rcc.o(.data)
    .data                                    0x20000040   Section        4  delay.o(.data)
    fac_us                                   0x20000040   Data           1  delay.o(.data)
    fac_ms                                   0x20000042   Data           2  delay.o(.data)
    .data                                    0x20000044   Section        6  usart.o(.data)
    .data                                    0x2000004a   Section        1  key.o(.data)
    key_up                                   0x2000004a   Data           1  key.o(.data)
    .data                                    0x2000004b   Section      128  oled.o(.data)
    .data                                    0x200000cc   Section       68  adc.o(.data)
    .data                                    0x20000110   Section        8  timer.o(.data)
    .bss                                     0x20000118   Section     1176  coor.o(.bss)
    .bss                                     0x200005b0   Section      200  usart.o(.bss)
    .bss                                     0x20000678   Section     1380  adc.o(.bss)
    .bss                                     0x20000bdc   Section       10  timer.o(.bss)
    .bss                                     0x20000be8   Section       96  libspace.o(.bss)
    HEAP                                     0x20000c48   Section      512  startup_stm32f40_41xxx.o(HEAP)
    Heap_Mem                                 0x20000c48   Data         512  startup_stm32f40_41xxx.o(HEAP)
    STACK                                    0x20000e48   Section     1024  startup_stm32f40_41xxx.o(STACK)
    Stack_Mem                                0x20000e48   Data        1024  startup_stm32f40_41xxx.o(STACK)
    __initial_sp                             0x20001248   Data           0  startup_stm32f40_41xxx.o(STACK)

    Global Symbols

    Symbol Name                              Value     Ov Type        Size  Object(Section)

    BuildAttributes$$THM_ISAv4$E$P$D$K$B$S$7EM$VFPi3$EXTD16$VFPS$VFMA$PE$A:L22UL41UL21$X:L11$S22US41US21$IEEE1$IW$USESV6$~STKCKD$USESV7$~SHL$OTIME$ROPI$IEEEJ$EBA8$UX$STANDARDLIB$REQ8$PRES8$EABIv2 0x00000000   Number         0  anon$$obj.o ABSOLUTE
    __ARM_use_no_argv                        0x00000000   Number         0  main.o ABSOLUTE
    _printf_flags                            0x00000000   Number         0  printf_stubs.o ABSOLUTE
    _printf_return_value                     0x00000000   Number         0  printf_stubs.o ABSOLUTE
    _printf_sizespec                         0x00000000   Number         0  printf_stubs.o ABSOLUTE
    _printf_widthprec                        0x00000000   Number         0  printf_stubs.o ABSOLUTE
    __ARM_exceptions_init                     - Undefined Weak Reference
    __alloca_initialize                       - Undefined Weak Reference
    __arm_preinit_                            - Undefined Weak Reference
    __cpp_initialize__aeabi_                  - Undefined Weak Reference
    __cxa_finalize                            - Undefined Weak Reference
    __sigvec_lookup                           - Undefined Weak Reference
    _atexit_init                              - Undefined Weak Reference
    _call_atexit_fns                          - Undefined Weak Reference
    _clock_init                               - Undefined Weak Reference
    _fp_trap_init                             - Undefined Weak Reference
    _fp_trap_shutdown                         - Undefined Weak Reference
    _get_lc_collate                           - Undefined Weak Reference
    _get_lc_ctype                             - Undefined Weak Reference
    _get_lc_monetary                          - Undefined Weak Reference
    _get_lc_time                              - Undefined Weak Reference
    _getenv_init                              - Undefined Weak Reference
    _handle_redirection                       - Undefined Weak Reference
    _init_alloc                               - Undefined Weak Reference
    _init_user_alloc                          - Undefined Weak Reference
    _initio                                   - Undefined Weak Reference
    _mutex_acquire                            - Undefined Weak Reference
    _mutex_release                            - Undefined Weak Reference
    _printf_post_padding                      - Undefined Weak Reference
    _printf_pre_padding                       - Undefined Weak Reference
    _printf_truncate_signed                   - Undefined Weak Reference
    _printf_truncate_unsigned                 - Undefined Weak Reference
    _rand_init                                - Undefined Weak Reference
    _signal_finish                            - Undefined Weak Reference
    _signal_init                              - Undefined Weak Reference
    _terminate_alloc                          - Undefined Weak Reference
    _terminate_user_alloc                     - Undefined Weak Reference
    _terminateio                              - Undefined Weak Reference
    __Vectors_Size                           0x00000188   Number         0  startup_stm32f40_41xxx.o ABSOLUTE
    __Vectors                                0x08000000   Data           4  startup_stm32f40_41xxx.o(RESET)
    __Vectors_End                            0x08000188   Data           0  startup_stm32f40_41xxx.o(RESET)
    __main                                   0x08000189   Thumb Code     8  __main.o(!!!main)
    __scatterload                            0x08000191   Thumb Code     0  __scatter.o(!!!scatter)
    __scatterload_rt2                        0x08000191   Thumb Code    44  __scatter.o(!!!scatter)
    __scatterload_rt2_thumb_only             0x08000191   Thumb Code     0  __scatter.o(!!!scatter)
    __scatterload_null                       0x0800019f   Thumb Code     0  __scatter.o(!!!scatter)
    __scatterload_copy                       0x080001c5   Thumb Code    26  __scatter_copy.o(!!handler_copy)
    __scatterload_zeroinit                   0x080001e1   Thumb Code    28  __scatter_zi.o(!!handler_zi)
    _printf_f                                0x080001fd   Thumb Code     0  _printf_f.o(.ARM.Collect$$_printf_percent$$00000003)
    _printf_percent                          0x080001fd   Thumb Code     0  _printf_percent.o(.ARM.Collect$$_printf_percent$$00000000)
    _printf_d                                0x08000203   Thumb Code     0  _printf_d.o(.ARM.Collect$$_printf_percent$$00000009)
    _printf_percent_end                      0x08000209   Thumb Code     0  _printf_percent_end.o(.ARM.Collect$$_printf_percent$$00000017)
    __rt_lib_init                            0x0800020d   Thumb Code     0  libinit.o(.ARM.Collect$$libinit$$00000000)
    __rt_lib_init_fp_1                       0x0800020f   Thumb Code     0  libinit2.o(.ARM.Collect$$libinit$$00000001)
    __rt_lib_init_heap_1                     0x08000213   Thumb Code     0  libinit2.o(.ARM.Collect$$libinit$$0000000A)
    __rt_lib_init_lc_common                  0x08000213   Thumb Code     0  libinit2.o(.ARM.Collect$$libinit$$0000000F)
    __rt_lib_init_preinit_1                  0x08000213   Thumb Code     0  libinit2.o(.ARM.Collect$$libinit$$00000004)
    __rt_lib_init_rand_1                     0x08000213   Thumb Code     0  libinit2.o(.ARM.Collect$$libinit$$0000000E)
    __rt_lib_init_user_alloc_1               0x08000213   Thumb Code     0  libinit2.o(.ARM.Collect$$libinit$$0000000C)
    __rt_lib_init_lc_collate_1               0x08000219   Thumb Code     0  libinit2.o(.ARM.Collect$$libinit$$00000011)
    __rt_lib_init_lc_ctype_1                 0x08000219   Thumb Code     0  libinit2.o(.ARM.Collect$$libinit$$00000013)
    __rt_lib_init_lc_monetary_1              0x08000219   Thumb Code     0  libinit2.o(.ARM.Collect$$libinit$$00000015)
    __rt_lib_init_lc_numeric_2               0x08000219   Thumb Code     0  libinit2.o(.ARM.Collect$$libinit$$00000016)
    __rt_lib_init_alloca_1                   0x08000223   Thumb Code     0  libinit2.o(.ARM.Collect$$libinit$$0000002E)
    __rt_lib_init_argv_1                     0x08000223   Thumb Code     0  libinit2.o(.ARM.Collect$$libinit$$0000002C)
    __rt_lib_init_atexit_1                   0x08000223   Thumb Code     0  libinit2.o(.ARM.Collect$$libinit$$0000001B)
    __rt_lib_init_clock_1                    0x08000223   Thumb Code     0  libinit2.o(.ARM.Collect$$libinit$$00000021)
    __rt_lib_init_cpp_1                      0x08000223   Thumb Code     0  libinit2.o(.ARM.Collect$$libinit$$00000032)
    __rt_lib_init_exceptions_1               0x08000223   Thumb Code     0  libinit2.o(.ARM.Collect$$libinit$$00000030)
    __rt_lib_init_fp_trap_1                  0x08000223   Thumb Code     0  libinit2.o(.ARM.Collect$$libinit$$0000001F)
    __rt_lib_init_getenv_1                   0x08000223   Thumb Code     0  libinit2.o(.ARM.Collect$$libinit$$00000023)
    __rt_lib_init_lc_numeric_1               0x08000223   Thumb Code     0  libinit2.o(.ARM.Collect$$libinit$$00000017)
    __rt_lib_init_lc_time_1                  0x08000223   Thumb Code     0  libinit2.o(.ARM.Collect$$libinit$$00000019)
    __rt_lib_init_return                     0x08000223   Thumb Code     0  libinit2.o(.ARM.Collect$$libinit$$00000033)
    __rt_lib_init_signal_1                   0x08000223   Thumb Code     0  libinit2.o(.ARM.Collect$$libinit$$0000001D)
    __rt_lib_init_stdio_1                    0x08000223   Thumb Code     0  libinit2.o(.ARM.Collect$$libinit$$00000025)
    __rt_lib_shutdown                        0x08000225   Thumb Code     0  libshutdown.o(.ARM.Collect$$libshutdown$$00000000)
    __rt_lib_shutdown_cpp_1                  0x08000227   Thumb Code     0  libshutdown2.o(.ARM.Collect$$libshutdown$$00000002)
    __rt_lib_shutdown_fp_trap_1              0x08000227   Thumb Code     0  libshutdown2.o(.ARM.Collect$$libshutdown$$00000007)
    __rt_lib_shutdown_heap_1                 0x08000227   Thumb Code     0  libshutdown2.o(.ARM.Collect$$libshutdown$$0000000F)
    __rt_lib_shutdown_return                 0x08000227   Thumb Code     0  libshutdown2.o(.ARM.Collect$$libshutdown$$00000010)
    __rt_lib_shutdown_signal_1               0x08000227   Thumb Code     0  libshutdown2.o(.ARM.Collect$$libshutdown$$0000000A)
    __rt_lib_shutdown_stdio_1                0x08000227   Thumb Code     0  libshutdown2.o(.ARM.Collect$$libshutdown$$00000004)
    __rt_lib_shutdown_user_alloc_1           0x08000227   Thumb Code     0  libshutdown2.o(.ARM.Collect$$libshutdown$$0000000C)
    __rt_entry                               0x08000229   Thumb Code     0  __rtentry.o(.ARM.Collect$$rtentry$$00000000)
    __rt_entry_presh_1                       0x08000229   Thumb Code     0  __rtentry2.o(.ARM.Collect$$rtentry$$00000002)
    __rt_entry_sh                            0x08000229   Thumb Code     0  __rtentry4.o(.ARM.Collect$$rtentry$$00000004)
    __rt_entry_li                            0x0800022f   Thumb Code     0  __rtentry2.o(.ARM.Collect$$rtentry$$0000000A)
    __rt_entry_postsh_1                      0x0800022f   Thumb Code     0  __rtentry2.o(.ARM.Collect$$rtentry$$00000009)
    __rt_entry_main                          0x08000233   Thumb Code     0  __rtentry2.o(.ARM.Collect$$rtentry$$0000000D)
    __rt_entry_postli_1                      0x08000233   Thumb Code     0  __rtentry2.o(.ARM.Collect$$rtentry$$0000000C)
    __rt_exit                                0x0800023b   Thumb Code     0  rtexit.o(.ARM.Collect$$rtexit$$00000000)
    __rt_exit_ls                             0x0800023d   Thumb Code     0  rtexit2.o(.ARM.Collect$$rtexit$$00000003)
    __rt_exit_prels_1                        0x0800023d   Thumb Code     0  rtexit2.o(.ARM.Collect$$rtexit$$00000002)
    __rt_exit_exit                           0x08000241   Thumb Code     0  rtexit2.o(.ARM.Collect$$rtexit$$00000004)
    main                                     0x08000249   Thumb Code    64  main.o(.text)
    NMI_Handler                              0x08000299   Thumb Code     2  stm32f4xx_it.o(.text)
    HardFault_Handler                        0x0800029b   Thumb Code     4  stm32f4xx_it.o(.text)
    MemManage_Handler                        0x0800029f   Thumb Code     4  stm32f4xx_it.o(.text)
    BusFault_Handler                         0x080002a3   Thumb Code     4  stm32f4xx_it.o(.text)
    UsageFault_Handler                       0x080002a7   Thumb Code     4  stm32f4xx_it.o(.text)
    SVC_Handler                              0x080002ab   Thumb Code     2  stm32f4xx_it.o(.text)
    DebugMon_Handler                         0x080002ad   Thumb Code     2  stm32f4xx_it.o(.text)
    PendSV_Handler                           0x080002af   Thumb Code     2  stm32f4xx_it.o(.text)
    SysTick_Handler                          0x080002b1   Thumb Code     2  stm32f4xx_it.o(.text)
    SystemInit                               0x08000391   Thumb Code    88  system_stm32f4xx.o(.text)
    SystemCoreClockUpdate                    0x080003e9   Thumb Code   174  system_stm32f4xx.o(.text)
    Struct_Init                              0x080004c5   Thumb Code  1532  coor.o(.text)
    Differ_Calc                              0x08000ac1   Thumb Code  4268  coor.o(.text)
    Diff_Min                                 0x08001b6d   Thumb Code    78  coor.o(.text)
    Coor_Find                                0x08001bbb   Thumb Code  1674  coor.o(.text)
    Reset_Handler                            0x08002319   Thumb Code     8  startup_stm32f40_41xxx.o(.text)
    ADC_IRQHandler                           0x08002333   Thumb Code     0  startup_stm32f40_41xxx.o(.text)
    CAN1_RX0_IRQHandler                      0x08002333   Thumb Code     0  startup_stm32f40_41xxx.o(.text)
    CAN1_RX1_IRQHandler                      0x08002333   Thumb Code     0  startup_stm32f40_41xxx.o(.text)
    CAN1_SCE_IRQHandler                      0x08002333   Thumb Code     0  startup_stm32f40_41xxx.o(.text)
    CAN1_TX_IRQHandler                       0x08002333   Thumb Code     0  startup_stm32f40_41xxx.o(.text)
    CAN2_RX0_IRQHandler                      0x08002333   Thumb Code     0  startup_stm32f40_41xxx.o(.text)
    CAN2_RX1_IRQHandler                      0x08002333   Thumb Code     0  startup_stm32f40_41xxx.o(.text)
    CAN2_SCE_IRQHandler                      0x08002333   Thumb Code     0  startup_stm32f40_41xxx.o(.text)
    CAN2_TX_IRQHandler                       0x08002333   Thumb Code     0  startup_stm32f40_41xxx.o(.text)
    CRYP_IRQHandler                          0x08002333   Thumb Code     0  startup_stm32f40_41xxx.o(.text)
    DCMI_IRQHandler                          0x08002333   Thumb Code     0  startup_stm32f40_41xxx.o(.text)
    DMA1_Stream0_IRQHandler                  0x08002333   Thumb Code     0  startup_stm32f40_41xxx.o(.text)
    DMA1_Stream1_IRQHandler                  0x08002333   Thumb Code     0  startup_stm32f40_41xxx.o(.text)
    DMA1_Stream2_IRQHandler                  0x08002333   Thumb Code     0  startup_stm32f40_41xxx.o(.text)
    DMA1_Stream3_IRQHandler                  0x08002333   Thumb Code     0  startup_stm32f40_41xxx.o(.text)
    DMA1_Stream4_IRQHandler                  0x08002333   Thumb Code     0  startup_stm32f40_41xxx.o(.text)
    DMA1_Stream5_IRQHandler                  0x08002333   Thumb Code     0  startup_stm32f40_41xxx.o(.text)
    DMA1_Stream6_IRQHandler                  0x08002333   Thumb Code     0  startup_stm32f40_41xxx.o(.text)
    DMA1_Stream7_IRQHandler                  0x08002333   Thumb Code     0  startup_stm32f40_41xxx.o(.text)
    DMA2_Stream0_IRQHandler                  0x08002333   Thumb Code     0  startup_stm32f40_41xxx.o(.text)
    DMA2_Stream1_IRQHandler                  0x08002333   Thumb Code     0  startup_stm32f40_41xxx.o(.text)
    DMA2_Stream2_IRQHandler                  0x08002333   Thumb Code     0  startup_stm32f40_41xxx.o(.text)
    DMA2_Stream3_IRQHandler                  0x08002333   Thumb Code     0  startup_stm32f40_41xxx.o(.text)
    DMA2_Stream4_IRQHandler                  0x08002333   Thumb Code     0  startup_stm32f40_41xxx.o(.text)
    DMA2_Stream5_IRQHandler                  0x08002333   Thumb Code     0  startup_stm32f40_41xxx.o(.text)
    DMA2_Stream6_IRQHandler                  0x08002333   Thumb Code     0  startup_stm32f40_41xxx.o(.text)
    DMA2_Stream7_IRQHandler                  0x08002333   Thumb Code     0  startup_stm32f40_41xxx.o(.text)
    ETH_IRQHandler                           0x08002333   Thumb Code     0  startup_stm32f40_41xxx.o(.text)
    ETH_WKUP_IRQHandler                      0x08002333   Thumb Code     0  startup_stm32f40_41xxx.o(.text)
    EXTI0_IRQHandler                         0x08002333   Thumb Code     0  startup_stm32f40_41xxx.o(.text)
    EXTI15_10_IRQHandler                     0x08002333   Thumb Code     0  startup_stm32f40_41xxx.o(.text)
    EXTI1_IRQHandler                         0x08002333   Thumb Code     0  startup_stm32f40_41xxx.o(.text)
    EXTI2_IRQHandler                         0x08002333   Thumb Code     0  startup_stm32f40_41xxx.o(.text)
    EXTI3_IRQHandler                         0x08002333   Thumb Code     0  startup_stm32f40_41xxx.o(.text)
    EXTI4_IRQHandler                         0x08002333   Thumb Code     0  startup_stm32f40_41xxx.o(.text)
    EXTI9_5_IRQHandler                       0x08002333   Thumb Code     0  startup_stm32f40_41xxx.o(.text)
    FLASH_IRQHandler                         0x08002333   Thumb Code     0  startup_stm32f40_41xxx.o(.text)
    FPU_IRQHandler                           0x08002333   Thumb Code     0  startup_stm32f40_41xxx.o(.text)
    FSMC_IRQHandler                          0x08002333   Thumb Code     0  startup_stm32f40_41xxx.o(.text)
    HASH_RNG_IRQHandler                      0x08002333   Thumb Code     0  startup_stm32f40_41xxx.o(.text)
    I2C1_ER_IRQHandler                       0x08002333   Thumb Code     0  startup_stm32f40_41xxx.o(.text)
    I2C1_EV_IRQHandler                       0x08002333   Thumb Code     0  startup_stm32f40_41xxx.o(.text)
    I2C2_ER_IRQHandler                       0x08002333   Thumb Code     0  startup_stm32f40_41xxx.o(.text)
    I2C2_EV_IRQHandler                       0x08002333   Thumb Code     0  startup_stm32f40_41xxx.o(.text)
    I2C3_ER_IRQHandler                       0x08002333   Thumb Code     0  startup_stm32f40_41xxx.o(.text)
    I2C3_EV_IRQHandler                       0x08002333   Thumb Code     0  startup_stm32f40_41xxx.o(.text)
    OTG_FS_IRQHandler                        0x08002333   Thumb Code     0  startup_stm32f40_41xxx.o(.text)
    OTG_FS_WKUP_IRQHandler                   0x08002333   Thumb Code     0  startup_stm32f40_41xxx.o(.text)
    OTG_HS_EP1_IN_IRQHandler                 0x08002333   Thumb Code     0  startup_stm32f40_41xxx.o(.text)
    OTG_HS_EP1_OUT_IRQHandler                0x08002333   Thumb Code     0  startup_stm32f40_41xxx.o(.text)
    OTG_HS_IRQHandler                        0x08002333   Thumb Code     0  startup_stm32f40_41xxx.o(.text)
    OTG_HS_WKUP_IRQHandler                   0x08002333   Thumb Code     0  startup_stm32f40_41xxx.o(.text)
    PVD_IRQHandler                           0x08002333   Thumb Code     0  startup_stm32f40_41xxx.o(.text)
    RCC_IRQHandler                           0x08002333   Thumb Code     0  startup_stm32f40_41xxx.o(.text)
    RTC_Alarm_IRQHandler                     0x08002333   Thumb Code     0  startup_stm32f40_41xxx.o(.text)
    RTC_WKUP_IRQHandler                      0x08002333   Thumb Code     0  startup_stm32f40_41xxx.o(.text)
    SDIO_IRQHandler                          0x08002333   Thumb Code     0  startup_stm32f40_41xxx.o(.text)
    SPI1_IRQHandler                          0x08002333   Thumb Code     0  startup_stm32f40_41xxx.o(.text)
    SPI2_IRQHandler                          0x08002333   Thumb Code     0  startup_stm32f40_41xxx.o(.text)
    SPI3_IRQHandler                          0x08002333   Thumb Code     0  startup_stm32f40_41xxx.o(.text)
    TAMP_STAMP_IRQHandler                    0x08002333   Thumb Code     0  startup_stm32f40_41xxx.o(.text)
    TIM1_BRK_TIM9_IRQHandler                 0x08002333   Thumb Code     0  startup_stm32f40_41xxx.o(.text)
    TIM1_CC_IRQHandler                       0x08002333   Thumb Code     0  startup_stm32f40_41xxx.o(.text)
    TIM1_TRG_COM_TIM11_IRQHandler            0x08002333   Thumb Code     0  startup_stm32f40_41xxx.o(.text)
    TIM1_UP_TIM10_IRQHandler                 0x08002333   Thumb Code     0  startup_stm32f40_41xxx.o(.text)
    TIM2_IRQHandler                          0x08002333   Thumb Code     0  startup_stm32f40_41xxx.o(.text)
    TIM4_IRQHandler                          0x08002333   Thumb Code     0  startup_stm32f40_41xxx.o(.text)
    TIM6_DAC_IRQHandler                      0x08002333   Thumb Code     0  startup_stm32f40_41xxx.o(.text)
    TIM7_IRQHandler                          0x08002333   Thumb Code     0  startup_stm32f40_41xxx.o(.text)
    TIM8_BRK_TIM12_IRQHandler                0x08002333   Thumb Code     0  startup_stm32f40_41xxx.o(.text)
    TIM8_CC_IRQHandler                       0x08002333   Thumb Code     0  startup_stm32f40_41xxx.o(.text)
    TIM8_TRG_COM_TIM14_IRQHandler            0x08002333   Thumb Code     0  startup_stm32f40_41xxx.o(.text)
    TIM8_UP_TIM13_IRQHandler                 0x08002333   Thumb Code     0  startup_stm32f40_41xxx.o(.text)
    UART4_IRQHandler                         0x08002333   Thumb Code     0  startup_stm32f40_41xxx.o(.text)
    UART5_IRQHandler                         0x08002333   Thumb Code     0  startup_stm32f40_41xxx.o(.text)
    USART2_IRQHandler                        0x08002333   Thumb Code     0  startup_stm32f40_41xxx.o(.text)
    USART3_IRQHandler                        0x08002333   Thumb Code     0  startup_stm32f40_41xxx.o(.text)
    USART6_IRQHandler                        0x08002333   Thumb Code     0  startup_stm32f40_41xxx.o(.text)
    WWDG_IRQHandler                          0x08002333   Thumb Code     0  startup_stm32f40_41xxx.o(.text)
    __user_initial_stackheap                 0x08002335   Thumb Code     0  startup_stm32f40_41xxx.o(.text)
    NVIC_PriorityGroupConfig                 0x08002359   Thumb Code    10  misc.o(.text)
    NVIC_Init                                0x08002363   Thumb Code   106  misc.o(.text)
    NVIC_SetVectorTable                      0x080023cd   Thumb Code    14  misc.o(.text)
    NVIC_SystemLPConfig                      0x080023db   Thumb Code    34  misc.o(.text)
    SysTick_CLKSourceConfig                  0x080023fd   Thumb Code    40  misc.o(.text)
    ADC_DeInit                               0x08002439   Thumb Code    22  stm32f4xx_adc.o(.text)
    ADC_Init                                 0x0800244f   Thumb Code    74  stm32f4xx_adc.o(.text)
    ADC_StructInit                           0x08002499   Thumb Code    20  stm32f4xx_adc.o(.text)
    ADC_CommonInit                           0x080024ad   Thumb Code    34  stm32f4xx_adc.o(.text)
    ADC_CommonStructInit                     0x080024cf   Thumb Code    12  stm32f4xx_adc.o(.text)
    ADC_Cmd                                  0x080024db   Thumb Code    22  stm32f4xx_adc.o(.text)
    ADC_AnalogWatchdogCmd                    0x080024f1   Thumb Code    16  stm32f4xx_adc.o(.text)
    ADC_AnalogWatchdogThresholdsConfig       0x08002501   Thumb Code     6  stm32f4xx_adc.o(.text)
    ADC_AnalogWatchdogSingleChannelConfig    0x08002507   Thumb Code    16  stm32f4xx_adc.o(.text)
    ADC_TempSensorVrefintCmd                 0x08002517   Thumb Code    34  stm32f4xx_adc.o(.text)
    ADC_VBATCmd                              0x08002539   Thumb Code    34  stm32f4xx_adc.o(.text)
    ADC_RegularChannelConfig                 0x0800255b   Thumb Code   184  stm32f4xx_adc.o(.text)
    ADC_SoftwareStartConv                    0x08002613   Thumb Code    10  stm32f4xx_adc.o(.text)
    ADC_GetSoftwareStartConvStatus           0x0800261d   Thumb Code    20  stm32f4xx_adc.o(.text)
    ADC_EOCOnEachRegularChannelCmd           0x08002631   Thumb Code    22  stm32f4xx_adc.o(.text)
    ADC_ContinuousModeCmd                    0x08002647   Thumb Code    22  stm32f4xx_adc.o(.text)
    ADC_DiscModeChannelCountConfig           0x0800265d   Thumb Code    24  stm32f4xx_adc.o(.text)
    ADC_DiscModeCmd                          0x08002675   Thumb Code    22  stm32f4xx_adc.o(.text)
    ADC_GetConversionValue                   0x0800268b   Thumb Code     8  stm32f4xx_adc.o(.text)
    ADC_GetMultiModeConversionValue          0x08002693   Thumb Code     8  stm32f4xx_adc.o(.text)
    ADC_DMACmd                               0x0800269b   Thumb Code    22  stm32f4xx_adc.o(.text)
    ADC_DMARequestAfterLastTransferCmd       0x080026b1   Thumb Code    22  stm32f4xx_adc.o(.text)
    ADC_MultiModeDMARequestAfterLastTransferCmd 0x080026c7   Thumb Code    34  stm32f4xx_adc.o(.text)
    ADC_InjectedChannelConfig                0x080026e9   Thumb Code   130  stm32f4xx_adc.o(.text)
    ADC_InjectedSequencerLengthConfig        0x0800276b   Thumb Code    24  stm32f4xx_adc.o(.text)
    ADC_SetInjectedOffset                    0x08002783   Thumb Code    20  stm32f4xx_adc.o(.text)
    ADC_ExternalTrigInjectedConvConfig       0x08002797   Thumb Code    16  stm32f4xx_adc.o(.text)
    ADC_ExternalTrigInjectedConvEdgeConfig   0x080027a7   Thumb Code    16  stm32f4xx_adc.o(.text)
    ADC_SoftwareStartInjectedConv            0x080027b7   Thumb Code    10  stm32f4xx_adc.o(.text)
    ADC_GetSoftwareStartInjectedConvCmdStatus 0x080027c1   Thumb Code    20  stm32f4xx_adc.o(.text)
    ADC_AutoInjectedConvCmd                  0x080027d5   Thumb Code    22  stm32f4xx_adc.o(.text)
    ADC_InjectedDiscModeCmd                  0x080027eb   Thumb Code    22  stm32f4xx_adc.o(.text)
    ADC_GetInjectedConversionValue           0x08002801   Thumb Code    28  stm32f4xx_adc.o(.text)
    ADC_ITConfig                             0x0800281d   Thumb Code    56  stm32f4xx_adc.o(.text)
    ADC_GetFlagStatus                        0x08002855   Thumb Code    18  stm32f4xx_adc.o(.text)
    ADC_ClearFlag                            0x08002867   Thumb Code     6  stm32f4xx_adc.o(.text)
    ADC_GetITStatus                          0x0800286d   Thumb Code    38  stm32f4xx_adc.o(.text)
    ADC_ClearITPendingBit                    0x08002893   Thumb Code    10  stm32f4xx_adc.o(.text)
    GPIO_DeInit                              0x0800289d   Thumb Code   268  stm32f4xx_gpio.o(.text)
    GPIO_Init                                0x080029a9   Thumb Code   144  stm32f4xx_gpio.o(.text)
    GPIO_StructInit                          0x08002a39   Thumb Code    18  stm32f4xx_gpio.o(.text)
    GPIO_PinLockConfig                       0x08002a4b   Thumb Code    34  stm32f4xx_gpio.o(.text)
    GPIO_ReadInputDataBit                    0x08002a6d   Thumb Code    18  stm32f4xx_gpio.o(.text)
    GPIO_ReadInputData                       0x08002a7f   Thumb Code     8  stm32f4xx_gpio.o(.text)
    GPIO_ReadOutputDataBit                   0x08002a87   Thumb Code    18  stm32f4xx_gpio.o(.text)
    GPIO_ReadOutputData                      0x08002a99   Thumb Code     8  stm32f4xx_gpio.o(.text)
    GPIO_SetBits                             0x08002aa1   Thumb Code     4  stm32f4xx_gpio.o(.text)
    GPIO_ResetBits                           0x08002aa5   Thumb Code     4  stm32f4xx_gpio.o(.text)
    GPIO_WriteBit                            0x08002aa9   Thumb Code    10  stm32f4xx_gpio.o(.text)
    GPIO_Write                               0x08002ab3   Thumb Code     4  stm32f4xx_gpio.o(.text)
    GPIO_ToggleBits                          0x08002ab7   Thumb Code     8  stm32f4xx_gpio.o(.text)
    GPIO_PinAFConfig                         0x08002abf   Thumb Code    70  stm32f4xx_gpio.o(.text)
    RCC_DeInit                               0x08002b31   Thumb Code    82  stm32f4xx_rcc.o(.text)
    RCC_HSEConfig                            0x08002b83   Thumb Code    14  stm32f4xx_rcc.o(.text)
    RCC_GetFlagStatus                        0x08002b91   Thumb Code    60  stm32f4xx_rcc.o(.text)
    RCC_WaitForHSEStartUp                    0x08002bcd   Thumb Code    56  stm32f4xx_rcc.o(.text)
    RCC_AdjustHSICalibrationValue            0x08002c05   Thumb Code    20  stm32f4xx_rcc.o(.text)
    RCC_HSICmd                               0x08002c19   Thumb Code     6  stm32f4xx_rcc.o(.text)
    RCC_LSEConfig                            0x08002c1f   Thumb Code    46  stm32f4xx_rcc.o(.text)
    RCC_LSICmd                               0x08002c4d   Thumb Code     6  stm32f4xx_rcc.o(.text)
    RCC_PLLConfig                            0x08002c53   Thumb Code    32  stm32f4xx_rcc.o(.text)
    RCC_PLLCmd                               0x08002c73   Thumb Code     6  stm32f4xx_rcc.o(.text)
    RCC_PLLI2SConfig                         0x08002c79   Thumb Code    14  stm32f4xx_rcc.o(.text)
    RCC_PLLI2SCmd                            0x08002c87   Thumb Code     6  stm32f4xx_rcc.o(.text)
    RCC_PLLSAIConfig                         0x08002c8d   Thumb Code    20  stm32f4xx_rcc.o(.text)
    RCC_PLLSAICmd                            0x08002ca1   Thumb Code     6  stm32f4xx_rcc.o(.text)
    RCC_ClockSecuritySystemCmd               0x08002ca7   Thumb Code     6  stm32f4xx_rcc.o(.text)
    RCC_MCO1Config                           0x08002cad   Thumb Code    28  stm32f4xx_rcc.o(.text)
    RCC_MCO2Config                           0x08002cc9   Thumb Code    28  stm32f4xx_rcc.o(.text)
    RCC_SYSCLKConfig                         0x08002ce5   Thumb Code    20  stm32f4xx_rcc.o(.text)
    RCC_GetSYSCLKSource                      0x08002cf9   Thumb Code    12  stm32f4xx_rcc.o(.text)
    RCC_HCLKConfig                           0x08002d05   Thumb Code    20  stm32f4xx_rcc.o(.text)
    RCC_PCLK1Config                          0x08002d19   Thumb Code    20  stm32f4xx_rcc.o(.text)
    RCC_PCLK2Config                          0x08002d2d   Thumb Code    22  stm32f4xx_rcc.o(.text)
    RCC_GetClocksFreq                        0x08002d43   Thumb Code   222  stm32f4xx_rcc.o(.text)
    RCC_RTCCLKConfig                         0x08002e21   Thumb Code    54  stm32f4xx_rcc.o(.text)
    RCC_RTCCLKCmd                            0x08002e57   Thumb Code     8  stm32f4xx_rcc.o(.text)
    RCC_BackupResetCmd                       0x08002e5f   Thumb Code     8  stm32f4xx_rcc.o(.text)
    RCC_I2SCLKConfig                         0x08002e67   Thumb Code     6  stm32f4xx_rcc.o(.text)
    RCC_SAIPLLI2SClkDivConfig                0x08002e6d   Thumb Code    26  stm32f4xx_rcc.o(.text)
    RCC_SAIPLLSAIClkDivConfig                0x08002e87   Thumb Code    28  stm32f4xx_rcc.o(.text)
    RCC_SAIBlockACLKConfig                   0x08002ea3   Thumb Code    20  stm32f4xx_rcc.o(.text)
    RCC_SAIBlockBCLKConfig                   0x08002eb7   Thumb Code    20  stm32f4xx_rcc.o(.text)
    RCC_LTDCCLKDivConfig                     0x08002ecb   Thumb Code    20  stm32f4xx_rcc.o(.text)
    RCC_TIMCLKPresConfig                     0x08002edf   Thumb Code     6  stm32f4xx_rcc.o(.text)
    RCC_AHB1PeriphClockCmd                   0x08002ee5   Thumb Code    34  stm32f4xx_rcc.o(.text)
    RCC_AHB2PeriphClockCmd                   0x08002f07   Thumb Code    78  stm32f4xx_rcc.o(.text)
    RCC_AHB3PeriphClockCmd                   0x08002f55   Thumb Code    34  stm32f4xx_rcc.o(.text)
    RCC_APB1PeriphClockCmd                   0x08002f77   Thumb Code    34  stm32f4xx_rcc.o(.text)
    RCC_APB2PeriphClockCmd                   0x08002f99   Thumb Code    34  stm32f4xx_rcc.o(.text)
    RCC_AHB1PeriphResetCmd                   0x08002fbb   Thumb Code    34  stm32f4xx_rcc.o(.text)
    RCC_AHB2PeriphResetCmd                   0x08002fdd   Thumb Code    34  stm32f4xx_rcc.o(.text)
    RCC_AHB3PeriphResetCmd                   0x08002fff   Thumb Code    34  stm32f4xx_rcc.o(.text)
    RCC_APB1PeriphResetCmd                   0x08003021   Thumb Code    34  stm32f4xx_rcc.o(.text)
    RCC_APB2PeriphResetCmd                   0x08003043   Thumb Code    34  stm32f4xx_rcc.o(.text)
    RCC_AHB1PeriphClockLPModeCmd             0x08003065   Thumb Code    34  stm32f4xx_rcc.o(.text)
    RCC_AHB2PeriphClockLPModeCmd             0x08003087   Thumb Code    34  stm32f4xx_rcc.o(.text)
    RCC_AHB3PeriphClockLPModeCmd             0x080030a9   Thumb Code    34  stm32f4xx_rcc.o(.text)
    RCC_APB1PeriphClockLPModeCmd             0x080030cb   Thumb Code    34  stm32f4xx_rcc.o(.text)
    RCC_APB2PeriphClockLPModeCmd             0x080030ed   Thumb Code    34  stm32f4xx_rcc.o(.text)
    RCC_LSEModeConfig                        0x0800310f   Thumb Code    40  stm32f4xx_rcc.o(.text)
    RCC_ITConfig                             0x08003137   Thumb Code    34  stm32f4xx_rcc.o(.text)
    RCC_ClearFlag                            0x08003159   Thumb Code    18  stm32f4xx_rcc.o(.text)
    RCC_GetITStatus                          0x0800316b   Thumb Code    22  stm32f4xx_rcc.o(.text)
    RCC_ClearITPendingBit                    0x08003181   Thumb Code     8  stm32f4xx_rcc.o(.text)
    TIM_DeInit                               0x0800318d   Thumb Code   346  stm32f4xx_tim.o(.text)
    TIM_TimeBaseInit                         0x080032e7   Thumb Code   104  stm32f4xx_tim.o(.text)
    TIM_TimeBaseStructInit                   0x0800334f   Thumb Code    18  stm32f4xx_tim.o(.text)
    TIM_PrescalerConfig                      0x08003361   Thumb Code     6  stm32f4xx_tim.o(.text)
    TIM_CounterModeConfig                    0x08003367   Thumb Code    18  stm32f4xx_tim.o(.text)
    TIM_SetCounter                           0x08003379   Thumb Code     4  stm32f4xx_tim.o(.text)
    TIM_SetAutoreload                        0x0800337d   Thumb Code     4  stm32f4xx_tim.o(.text)
    TIM_GetCounter                           0x08003381   Thumb Code     6  stm32f4xx_tim.o(.text)
    TIM_GetPrescaler                         0x08003387   Thumb Code     6  stm32f4xx_tim.o(.text)
    TIM_UpdateDisableConfig                  0x0800338d   Thumb Code    24  stm32f4xx_tim.o(.text)
    TIM_UpdateRequestConfig                  0x080033a5   Thumb Code    24  stm32f4xx_tim.o(.text)
    TIM_ARRPreloadConfig                     0x080033bd   Thumb Code    24  stm32f4xx_tim.o(.text)
    TIM_SelectOnePulseMode                   0x080033d5   Thumb Code    18  stm32f4xx_tim.o(.text)
    TIM_SetClockDivision                     0x080033e7   Thumb Code    18  stm32f4xx_tim.o(.text)
    TIM_Cmd                                  0x080033f9   Thumb Code    24  stm32f4xx_tim.o(.text)
    TIM_OC1Init                              0x08003411   Thumb Code   114  stm32f4xx_tim.o(.text)
    TIM_OC2Init                              0x08003483   Thumb Code   154  stm32f4xx_tim.o(.text)
    TIM_OC3Init                              0x0800351d   Thumb Code   204  stm32f4xx_tim.o(.text)
    TIM_OC4Init                              0x080035e9   Thumb Code   112  stm32f4xx_tim.o(.text)
    TIM_OCStructInit                         0x08003659   Thumb Code    20  stm32f4xx_tim.o(.text)
    TIM_SelectOCxM                           0x0800366d   Thumb Code    86  stm32f4xx_tim.o(.text)
    TIM_SetCompare1                          0x080036c3   Thumb Code     4  stm32f4xx_tim.o(.text)
    TIM_SetCompare2                          0x080036c7   Thumb Code     4  stm32f4xx_tim.o(.text)
    TIM_SetCompare3                          0x080036cb   Thumb Code     4  stm32f4xx_tim.o(.text)
    TIM_SetCompare4                          0x080036cf   Thumb Code     4  stm32f4xx_tim.o(.text)
    TIM_ForcedOC1Config                      0x080036d3   Thumb Code    18  stm32f4xx_tim.o(.text)
    TIM_ForcedOC2Config                      0x080036e5   Thumb Code    26  stm32f4xx_tim.o(.text)
    TIM_ForcedOC3Config                      0x080036ff   Thumb Code    18  stm32f4xx_tim.o(.text)
    TIM_ForcedOC4Config                      0x08003711   Thumb Code    26  stm32f4xx_tim.o(.text)
    TIM_OC1PreloadConfig                     0x0800372b   Thumb Code    18  stm32f4xx_tim.o(.text)
    TIM_OC2PreloadConfig                     0x0800373d   Thumb Code    26  stm32f4xx_tim.o(.text)
    TIM_OC3PreloadConfig                     0x08003757   Thumb Code    18  stm32f4xx_tim.o(.text)
    TIM_OC4PreloadConfig                     0x08003769   Thumb Code    26  stm32f4xx_tim.o(.text)
    TIM_OC1FastConfig                        0x08003783   Thumb Code    18  stm32f4xx_tim.o(.text)
    TIM_OC2FastConfig                        0x08003795   Thumb Code    26  stm32f4xx_tim.o(.text)
    TIM_OC3FastConfig                        0x080037af   Thumb Code    18  stm32f4xx_tim.o(.text)
    TIM_OC4FastConfig                        0x080037c1   Thumb Code    26  stm32f4xx_tim.o(.text)
    TIM_ClearOC1Ref                          0x080037db   Thumb Code    18  stm32f4xx_tim.o(.text)
    TIM_ClearOC2Ref                          0x080037ed   Thumb Code    24  stm32f4xx_tim.o(.text)
    TIM_ClearOC3Ref                          0x08003805   Thumb Code    18  stm32f4xx_tim.o(.text)
    TIM_ClearOC4Ref                          0x08003817   Thumb Code    24  stm32f4xx_tim.o(.text)
    TIM_OC1PolarityConfig                    0x0800382f   Thumb Code    18  stm32f4xx_tim.o(.text)
    TIM_OC1NPolarityConfig                   0x08003841   Thumb Code    18  stm32f4xx_tim.o(.text)
    TIM_OC2PolarityConfig                    0x08003853   Thumb Code    26  stm32f4xx_tim.o(.text)
    TIM_OC2NPolarityConfig                   0x0800386d   Thumb Code    26  stm32f4xx_tim.o(.text)
    TIM_OC3PolarityConfig                    0x08003887   Thumb Code    26  stm32f4xx_tim.o(.text)
    TIM_OC3NPolarityConfig                   0x080038a1   Thumb Code    26  stm32f4xx_tim.o(.text)
    TIM_OC4PolarityConfig                    0x080038bb   Thumb Code    26  stm32f4xx_tim.o(.text)
    TIM_CCxCmd                               0x080038d5   Thumb Code    30  stm32f4xx_tim.o(.text)
    TIM_CCxNCmd                              0x080038f3   Thumb Code    30  stm32f4xx_tim.o(.text)
    TIM_SetIC4Prescaler                      0x08003911   Thumb Code    26  stm32f4xx_tim.o(.text)
    TIM_SetIC3Prescaler                      0x0800397b   Thumb Code    18  stm32f4xx_tim.o(.text)
    TIM_SetIC2Prescaler                      0x080039d5   Thumb Code    26  stm32f4xx_tim.o(.text)
    TIM_SetIC1Prescaler                      0x08003a49   Thumb Code    18  stm32f4xx_tim.o(.text)
    TIM_ICInit                               0x08003a95   Thumb Code   110  stm32f4xx_tim.o(.text)
    TIM_ICStructInit                         0x08003b03   Thumb Code    18  stm32f4xx_tim.o(.text)
    TIM_PWMIConfig                           0x08003b15   Thumb Code   124  stm32f4xx_tim.o(.text)
    TIM_GetCapture1                          0x08003b91   Thumb Code     6  stm32f4xx_tim.o(.text)
    TIM_GetCapture2                          0x08003b97   Thumb Code     6  stm32f4xx_tim.o(.text)
    TIM_GetCapture3                          0x08003b9d   Thumb Code     6  stm32f4xx_tim.o(.text)
    TIM_GetCapture4                          0x08003ba3   Thumb Code     6  stm32f4xx_tim.o(.text)
    TIM_BDTRConfig                           0x08003ba9   Thumb Code    32  stm32f4xx_tim.o(.text)
    TIM_BDTRStructInit                       0x08003bc9   Thumb Code    18  stm32f4xx_tim.o(.text)
    TIM_CtrlPWMOutputs                       0x08003bdb   Thumb Code    30  stm32f4xx_tim.o(.text)
    TIM_SelectCOM                            0x08003bf9   Thumb Code    24  stm32f4xx_tim.o(.text)
    TIM_CCPreloadControl                     0x08003c11   Thumb Code    24  stm32f4xx_tim.o(.text)
    TIM_ITConfig                             0x08003c29   Thumb Code    18  stm32f4xx_tim.o(.text)
    TIM_GenerateEvent                        0x08003c3b   Thumb Code     4  stm32f4xx_tim.o(.text)
    TIM_GetFlagStatus                        0x08003c3f   Thumb Code    18  stm32f4xx_tim.o(.text)
    TIM_ClearFlag                            0x08003c51   Thumb Code     6  stm32f4xx_tim.o(.text)
    TIM_GetITStatus                          0x08003c57   Thumb Code    34  stm32f4xx_tim.o(.text)
    TIM_ClearITPendingBit                    0x08003c79   Thumb Code     6  stm32f4xx_tim.o(.text)
    TIM_DMAConfig                            0x08003c7f   Thumb Code    10  stm32f4xx_tim.o(.text)
    TIM_DMACmd                               0x08003c89   Thumb Code    18  stm32f4xx_tim.o(.text)
    TIM_SelectCCDMA                          0x08003c9b   Thumb Code    24  stm32f4xx_tim.o(.text)
    TIM_InternalClockConfig                  0x08003cb3   Thumb Code    12  stm32f4xx_tim.o(.text)
    TIM_SelectInputTrigger                   0x08003cbf   Thumb Code    18  stm32f4xx_tim.o(.text)
    TIM_ITRxExternalClockConfig              0x08003cd1   Thumb Code    24  stm32f4xx_tim.o(.text)
    TIM_TIxExternalClockConfig               0x08003ce9   Thumb Code    62  stm32f4xx_tim.o(.text)
    TIM_ETRConfig                            0x08003d27   Thumb Code    28  stm32f4xx_tim.o(.text)
    TIM_ETRClockMode1Config                  0x08003d43   Thumb Code    54  stm32f4xx_tim.o(.text)
    TIM_ETRClockMode2Config                  0x08003d79   Thumb Code    32  stm32f4xx_tim.o(.text)
    TIM_SelectOutputTrigger                  0x08003d99   Thumb Code    18  stm32f4xx_tim.o(.text)
    TIM_SelectSlaveMode                      0x08003dab   Thumb Code    18  stm32f4xx_tim.o(.text)
    TIM_SelectMasterSlaveMode                0x08003dbd   Thumb Code    18  stm32f4xx_tim.o(.text)
    TIM_EncoderInterfaceConfig               0x08003dcf   Thumb Code    66  stm32f4xx_tim.o(.text)
    TIM_SelectHallSensor                     0x08003e11   Thumb Code    24  stm32f4xx_tim.o(.text)
    TIM_RemapConfig                          0x08003e29   Thumb Code     6  stm32f4xx_tim.o(.text)
    USART_DeInit                             0x08003e31   Thumb Code   206  stm32f4xx_usart.o(.text)
    USART_Init                               0x08003eff   Thumb Code   204  stm32f4xx_usart.o(.text)
    USART_StructInit                         0x08003fcb   Thumb Code    24  stm32f4xx_usart.o(.text)
    USART_ClockInit                          0x08003fe3   Thumb Code    32  stm32f4xx_usart.o(.text)
    USART_ClockStructInit                    0x08004003   Thumb Code    12  stm32f4xx_usart.o(.text)
    USART_Cmd                                0x0800400f   Thumb Code    24  stm32f4xx_usart.o(.text)
    USART_SetPrescaler                       0x08004027   Thumb Code    16  stm32f4xx_usart.o(.text)
    USART_OverSampling8Cmd                   0x08004037   Thumb Code    22  stm32f4xx_usart.o(.text)
    USART_OneBitMethodCmd                    0x0800404d   Thumb Code    24  stm32f4xx_usart.o(.text)
    USART_SendData                           0x08004065   Thumb Code     8  stm32f4xx_usart.o(.text)
    USART_ReceiveData                        0x0800406d   Thumb Code    10  stm32f4xx_usart.o(.text)
    USART_SetAddress                         0x08004077   Thumb Code    18  stm32f4xx_usart.o(.text)
    USART_ReceiverWakeUpCmd                  0x08004089   Thumb Code    24  stm32f4xx_usart.o(.text)
    USART_WakeUpConfig                       0x080040a1   Thumb Code    18  stm32f4xx_usart.o(.text)
    USART_LINBreakDetectLengthConfig         0x080040b3   Thumb Code    18  stm32f4xx_usart.o(.text)
    USART_LINCmd                             0x080040c5   Thumb Code    24  stm32f4xx_usart.o(.text)
    USART_SendBreak                          0x080040dd   Thumb Code    10  stm32f4xx_usart.o(.text)
    USART_HalfDuplexCmd                      0x080040e7   Thumb Code    24  stm32f4xx_usart.o(.text)
    USART_SetGuardTime                       0x080040ff   Thumb Code    16  stm32f4xx_usart.o(.text)
    USART_SmartCardCmd                       0x0800410f   Thumb Code    24  stm32f4xx_usart.o(.text)
    USART_SmartCardNACKCmd                   0x08004127   Thumb Code    24  stm32f4xx_usart.o(.text)
    USART_IrDAConfig                         0x0800413f   Thumb Code    18  stm32f4xx_usart.o(.text)
    USART_IrDACmd                            0x08004151   Thumb Code    24  stm32f4xx_usart.o(.text)
    USART_DMACmd                             0x08004169   Thumb Code    18  stm32f4xx_usart.o(.text)
    USART_ITConfig                           0x0800417b   Thumb Code    74  stm32f4xx_usart.o(.text)
    USART_GetFlagStatus                      0x080041c5   Thumb Code    26  stm32f4xx_usart.o(.text)
    USART_ClearFlag                          0x080041df   Thumb Code    18  stm32f4xx_usart.o(.text)
    USART_GetITStatus                        0x080041f1   Thumb Code   118  stm32f4xx_usart.o(.text)
    USART_ClearITPendingBit                  0x08004267   Thumb Code    30  stm32f4xx_usart.o(.text)
    delay_init                               0x08004285   Thumb Code    52  delay.o(.text)
    delay_us                                 0x080042b9   Thumb Code    72  delay.o(.text)
    delay_xms                                0x08004301   Thumb Code    72  delay.o(.text)
    delay_ms                                 0x08004349   Thumb Code    56  delay.o(.text)
    _sys_exit                                0x08004389   Thumb Code     4  usart.o(.text)
    fputc                                    0x0800438d   Thumb Code    22  usart.o(.text)
    uart_init                                0x080043a3   Thumb Code   164  usart.o(.text)
    USART1_IRQHandler                        0x08004447   Thumb Code   122  usart.o(.text)
    KEY_Init                                 0x080044d1   Thumb Code    56  key.o(.text)
    BOMA_Init                                0x08004509   Thumb Code    64  key.o(.text)
    KEY_Scan                                 0x08004549   Thumb Code   190  key.o(.text)
    Mode_Switch                              0x08004607   Thumb Code   132  key.o(.text)
    OLED_WR_Byte                             0x080046a5   Thumb Code   108  oled.o(.text)
    OLED_Set_Pos                             0x08004711   Thumb Code    46  oled.o(.text)
    OLED_Display_On                          0x0800473f   Thumb Code    28  oled.o(.text)
    OLED_Display_Off                         0x0800475b   Thumb Code    28  oled.o(.text)
    OLED_Clear                               0x08004777   Thumb Code    64  oled.o(.text)
    OLED_ShowChar                            0x080047b7   Thumb Code   106  oled.o(.text)
    oled_pow                                 0x08004821   Thumb Code    22  oled.o(.text)
    OLED_ShowNum                             0x08004837   Thumb Code   132  oled.o(.text)
    OLED_ShowString                          0x080048bb   Thumb Code    54  oled.o(.text)
    OLED_ShowCHinese                         0x080048f1   Thumb Code    98  oled.o(.text)
    OLED_DrawBMP                             0x08004953   Thumb Code   118  oled.o(.text)
    OLED_Init                                0x080049c9   Thumb Code   394  oled.o(.text)
    ADC3_Init                                0x08004b55   Thumb Code   124  adc.o(.text)
    Get_Adc                                  0x08004bd1   Thumb Code    44  adc.o(.text)
    Get_Adc_Average                          0x08004bfd   Thumb Code    40  adc.o(.text)
    Read_ADC_Datas                           0x08004c25   Thumb Code   516  adc.o(.text)
    ADC_Datas_Display                        0x08004e29   Thumb Code   284  adc.o(.text)
    Get_Freq_Datas                           0x08004f45   Thumb Code   920  adc.o(.text)
    Get_Heights                              0x080052dd   Thumb Code   200  adc.o(.text)
    BorD                                     0x080053a5   Thumb Code   284  adc.o(.text)
    CorE                                     0x080054c1   Thumb Code    58  adc.o(.text)
    TIM5_CH1_Cap_Init                        0x08005525   Thumb Code   170  timer.o(.text)
    TIM5_IRQHandler                          0x080055cf   Thumb Code   194  timer.o(.text)
    Display_T                                0x08005691   Thumb Code    66  timer.o(.text)
    TIM3_Timer_Init                          0x080056d3   Thumb Code    88  timer.o(.text)
    TIM3_IRQHandler                          0x0800572b   Thumb Code    36  timer.o(.text)
    __use_no_semihosting                     0x08005771   Thumb Code     2  use_no_semi_2.o(.text)
    __2printf                                0x08005775   Thumb Code    20  noretval__2printf.o(.text)
    __2sprintf                               0x0800578d   Thumb Code    34  noretval__2sprintf.o(.text)
    _printf_int_dec                          0x080057b5   Thumb Code   104  _printf_dec.o(.text)
    __printf                                 0x0800582d   Thumb Code   270  __printf_wp.o(.text)
    __use_two_region_memory                  0x0800593b   Thumb Code     2  heapauxi.o(.text)
    __rt_heap_escrow$2region                 0x0800593d   Thumb Code     2  heapauxi.o(.text)
    __rt_heap_expand$2region                 0x0800593f   Thumb Code     2  heapauxi.o(.text)
    __I$use$semihosting                      0x08005941   Thumb Code     0  use_no_semi.o(.text)
    __use_no_semihosting_swi                 0x08005941   Thumb Code     2  use_no_semi.o(.text)
    _printf_int_common                       0x08005943   Thumb Code   178  _printf_intcommon.o(.text)
    __lib_sel_fp_printf                      0x080059f5   Thumb Code     2  _printf_fp_dec.o(.text)
    _printf_fp_dec_real                      0x08005ba3   Thumb Code   620  _printf_fp_dec.o(.text)
    _printf_char_common                      0x08005e1b   Thumb Code    32  _printf_char_common.o(.text)
    _sputc                                   0x08005e41   Thumb Code    10  _sputc.o(.text)
    _printf_char_file                        0x08005e4d   Thumb Code    32  _printf_char_file.o(.text)
    __rt_locale                              0x08005e71   Thumb Code     8  rt_locale_intlibspace.o(.text)
    _ll_udiv10                               0x08005e79   Thumb Code   138  lludiv10.o(.text)
    _printf_fp_infnan                        0x08005f05   Thumb Code   112  _printf_fp_infnan.o(.text)
    _btod_etento                             0x08005f85   Thumb Code   216  bigflt0.o(.text)
    ferror                                   0x08006061   Thumb Code     8  ferror.o(.text)
    __user_libspace                          0x08006069   Thumb Code     8  libspace.o(.text)
    __user_perproc_libspace                  0x08006069   Thumb Code     0  libspace.o(.text)
    __user_perthread_libspace                0x08006069   Thumb Code     0  libspace.o(.text)
    __user_setup_stackheap                   0x08006071   Thumb Code    74  sys_stackheap_outer.o(.text)
    exit                                     0x080060bb   Thumb Code    18  exit.o(.text)
    strcmp                                   0x080060cd   Thumb Code   128  strcmpv7m.o(.text)
    _btod_d2e                                0x0800614d   Thumb Code    62  btod.o(CL$$btod_d2e)
    _d2e_denorm_low                          0x0800618b   Thumb Code    70  btod.o(CL$$btod_d2e_denorm_low)
    _d2e_norm_op1                            0x080061d1   Thumb Code    96  btod.o(CL$$btod_d2e_norm_op1)
    __btod_div_common                        0x08006231   Thumb Code   696  btod.o(CL$$btod_div_common)
    _e2e                                     0x08006569   Thumb Code   198  btod.o(CL$$btod_e2e)
    _btod_ediv                               0x0800662f   Thumb Code    40  btod.o(CL$$btod_ediv)
    _btod_emul                               0x08006657   Thumb Code    40  btod.o(CL$$btod_emul)
    __btod_mult_common                       0x0800667f   Thumb Code   580  btod.o(CL$$btod_mult_common)
    __ARM_fpclassify                         0x080068c3   Thumb Code    48  fpclassify.o(i.__ARM_fpclassify)
    _is_digit                                0x080068f3   Thumb Code    14  __printf_wp.o(i._is_digit)
    _get_lc_numeric                          0x08006901   Thumb Code    44  lc_numeric_c.o(locale$$code)
    __aeabi_d2f                              0x0800692d   Thumb Code     0  d2f.o(x$fpl$d2f)
    _d2f                                     0x0800692d   Thumb Code    98  d2f.o(x$fpl$d2f)
    __aeabi_dmul                             0x08006991   Thumb Code     0  dmul.o(x$fpl$dmul)
    _dmul                                    0x08006991   Thumb Code   332  dmul.o(x$fpl$dmul)
    __fpl_dnaninf                            0x08006ae5   Thumb Code   156  dnaninf.o(x$fpl$dnaninf)
    __fpl_dretinf                            0x08006b81   Thumb Code    12  dretinf.o(x$fpl$dretinf)
    __aeabi_f2d                              0x08006b8d   Thumb Code     0  f2d.o(x$fpl$f2d)
    _f2d                                     0x08006b8d   Thumb Code    86  f2d.o(x$fpl$f2d)
    __fpl_fnaninf                            0x08006be3   Thumb Code   140  fnaninf.o(x$fpl$fnaninf)
    _fp_init                                 0x08006c6f   Thumb Code    10  fpinit.o(x$fpl$fpinit)
    __fplib_config_fpu_vfp                   0x08006c77   Thumb Code     0  fpinit.o(x$fpl$fpinit)
    __fplib_config_pureend_doubles           0x08006c77   Thumb Code     0  fpinit.o(x$fpl$fpinit)
    __fpl_fretinf                            0x08006c79   Thumb Code    10  fretinf.o(x$fpl$fretinf)
    _printf_fp_dec                           0x08006c83   Thumb Code     4  printf1.o(x$fpl$printf1)
    F6x8                                     0x08006c86   Data         552  oled.o(.constdata)
    __I$use$fp                               0x08006c86   Number         0  usenofp.o(x$fpl$usenofp)
    F8X16                                    0x08006eae   Data        1520  oled.o(.constdata)
    Region$$Table$$Base                      0x08007534   Number         0  anon$$obj.o(Region$$Table)
    Region$$Table$$Limit                     0x08007554   Number         0  anon$$obj.o(Region$$Table)
    a                                        0x20000000   Data           4  main.o(.data)
    SystemCoreClock                          0x20000004   Data           4  system_stm32f4xx.o(.data)
    AHBPrescTable                            0x20000008   Data          16  system_stm32f4xx.o(.data)
    differ_min                               0x20000018   Data           4  coor.o(.data)
    differ_min2                              0x2000001c   Data           4  coor.o(.data)
    x                                        0x20000020   Data           4  coor.o(.data)
    y                                        0x20000024   Data           4  coor.o(.data)
    m                                        0x20000028   Data           4  coor.o(.data)
    n                                        0x2000002c   Data           4  coor.o(.data)
    __stdout                                 0x20000044   Data           4  usart.o(.data)
    USART_RX_STA                             0x20000048   Data           2  usart.o(.data)
    Hzk                                      0x2000004b   Data         128  oled.o(.data)
    HeightA_avg                              0x200000cc   Data           4  adc.o(.data)
    HeightB_avg                              0x200000d0   Data           4  adc.o(.data)
    HeightC_avg                              0x200000d4   Data           4  adc.o(.data)
    adcx0                                    0x200000d8   Data           4  adc.o(.data)
    adcx1                                    0x200000dc   Data           4  adc.o(.data)
    adcx2                                    0x200000e0   Data           4  adc.o(.data)
    adcx3                                    0x200000e4   Data           4  adc.o(.data)
    adcx4                                    0x200000e8   Data           4  adc.o(.data)
    adcx5                                    0x200000ec   Data           4  adc.o(.data)
    adcx6                                    0x200000f0   Data           4  adc.o(.data)
    adcx7                                    0x200000f4   Data           4  adc.o(.data)
    adcx8                                    0x200000f8   Data           4  adc.o(.data)
    flag                                     0x200000fc   Data           4  adc.o(.data)
    i                                        0x20000100   Data           4  adc.o(.data)
    A                                        0x20000104   Data           4  adc.o(.data)
    B                                        0x20000108   Data           4  adc.o(.data)
    C                                        0x2000010c   Data           4  adc.o(.data)
    TIM5CH1_CAPTURE_STA                      0x20000110   Data           1  timer.o(.data)
    TIM5CH1_CAPTURE_VAL                      0x20000114   Data           4  timer.o(.data)
    A11                                      0x20000118   Data          20  coor.o(.bss)
    A12                                      0x2000012c   Data          20  coor.o(.bss)
    A13                                      0x20000140   Data          20  coor.o(.bss)
    A14                                      0x20000154   Data          20  coor.o(.bss)
    A15                                      0x20000168   Data          20  coor.o(.bss)
    A16                                      0x2000017c   Data          20  coor.o(.bss)
    A17                                      0x20000190   Data          20  coor.o(.bss)
    A21                                      0x200001a4   Data          20  coor.o(.bss)
    A22                                      0x200001b8   Data          20  coor.o(.bss)
    A23                                      0x200001cc   Data          20  coor.o(.bss)
    A24                                      0x200001e0   Data          20  coor.o(.bss)
    A25                                      0x200001f4   Data          20  coor.o(.bss)
    A26                                      0x20000208   Data          20  coor.o(.bss)
    A27                                      0x2000021c   Data          20  coor.o(.bss)
    A31                                      0x20000230   Data          20  coor.o(.bss)
    A32                                      0x20000244   Data          20  coor.o(.bss)
    A33                                      0x20000258   Data          20  coor.o(.bss)
    A34                                      0x2000026c   Data          20  coor.o(.bss)
    A35                                      0x20000280   Data          20  coor.o(.bss)
    A36                                      0x20000294   Data          20  coor.o(.bss)
    A37                                      0x200002a8   Data          20  coor.o(.bss)
    A41                                      0x200002bc   Data          20  coor.o(.bss)
    A42                                      0x200002d0   Data          20  coor.o(.bss)
    A43                                      0x200002e4   Data          20  coor.o(.bss)
    A44                                      0x200002f8   Data          20  coor.o(.bss)
    A45                                      0x2000030c   Data          20  coor.o(.bss)
    A46                                      0x20000320   Data          20  coor.o(.bss)
    A47                                      0x20000334   Data          20  coor.o(.bss)
    A51                                      0x20000348   Data          20  coor.o(.bss)
    A52                                      0x2000035c   Data          20  coor.o(.bss)
    A53                                      0x20000370   Data          20  coor.o(.bss)
    A54                                      0x20000384   Data          20  coor.o(.bss)
    A55                                      0x20000398   Data          20  coor.o(.bss)
    A56                                      0x200003ac   Data          20  coor.o(.bss)
    A57                                      0x200003c0   Data          20  coor.o(.bss)
    A61                                      0x200003d4   Data          20  coor.o(.bss)
    A62                                      0x200003e8   Data          20  coor.o(.bss)
    A63                                      0x200003fc   Data          20  coor.o(.bss)
    A64                                      0x20000410   Data          20  coor.o(.bss)
    A65                                      0x20000424   Data          20  coor.o(.bss)
    A66                                      0x20000438   Data          20  coor.o(.bss)
    A67                                      0x2000044c   Data          20  coor.o(.bss)
    A71                                      0x20000460   Data          20  coor.o(.bss)
    A72                                      0x20000474   Data          20  coor.o(.bss)
    A73                                      0x20000488   Data          20  coor.o(.bss)
    A74                                      0x2000049c   Data          20  coor.o(.bss)
    A75                                      0x200004b0   Data          20  coor.o(.bss)
    A76                                      0x200004c4   Data          20  coor.o(.bss)
    A77                                      0x200004d8   Data          20  coor.o(.bss)
    differ                                   0x200004ec   Data         196  coor.o(.bss)
    USART_RX_BUF                             0x200005b0   Data         200  usart.o(.bss)
    Height_A                                 0x20000678   Data         400  adc.o(.bss)
    Height_B                                 0x20000808   Data         400  adc.o(.bss)
    Height_C                                 0x20000998   Data         400  adc.o(.bss)
    adcx0_buff                               0x20000b28   Data          20  adc.o(.bss)
    adcx1_buff                               0x20000b3c   Data          20  adc.o(.bss)
    adcx2_buff                               0x20000b50   Data          20  adc.o(.bss)
    adcx3_buff                               0x20000b64   Data          20  adc.o(.bss)
    adcx4_buff                               0x20000b78   Data          20  adc.o(.bss)
    adcx5_buff                               0x20000b8c   Data          20  adc.o(.bss)
    adcx6_buff                               0x20000ba0   Data          20  adc.o(.bss)
    adcx7_buff                               0x20000bb4   Data          20  adc.o(.bss)
    adcx8_buff                               0x20000bc8   Data          20  adc.o(.bss)
    TIM5_ICInitStructure                     0x20000bdc   Data          10  timer.o(.bss)
    __libspace_start                         0x20000be8   Data          96  libspace.o(.bss)
    __temporary_stack_top$libspace           0x20000c48   Data           0  libspace.o(.bss)



==============================================================================

Memory Map of the image

  Image Entry point : 0x08000189

  Load Region LR_IROM1 (Base: 0x08000000, Size: 0x00007688, Max: 0x00100000, ABSOLUTE)

    Execution Region ER_IROM1 (Base: 0x08000000, Size: 0x00007570, Max: 0x00100000, ABSOLUTE)

    Base Addr    Size         Type   Attr      Idx    E Section Name        Object

    0x08000000   0x00000188   Data   RO          307    RESET               startup_stm32f40_41xxx.o
    0x08000188   0x00000008   Code   RO         1375  * !!!main             c_w.l(__main.o)
    0x08000190   0x00000034   Code   RO         1611    !!!scatter          c_w.l(__scatter.o)
    0x080001c4   0x0000001a   Code   RO         1613    !!handler_copy      c_w.l(__scatter_copy.o)
    0x080001de   0x00000002   PAD
    0x080001e0   0x0000001c   Code   RO         1615    !!handler_zi        c_w.l(__scatter_zi.o)
    0x080001fc   0x00000000   Code   RO         1372    .ARM.Collect$$_printf_percent$$00000000  c_w.l(_printf_percent.o)
    0x080001fc   0x00000006   Code   RO         1371    .ARM.Collect$$_printf_percent$$00000003  c_w.l(_printf_f.o)
    0x08000202   0x00000006   Code   RO         1370    .ARM.Collect$$_printf_percent$$00000009  c_w.l(_printf_d.o)
    0x08000208   0x00000004   Code   RO         1402    .ARM.Collect$$_printf_percent$$00000017  c_w.l(_printf_percent_end.o)
    0x0800020c   0x00000002   Code   RO         1488    .ARM.Collect$$libinit$$00000000  c_w.l(libinit.o)
    0x0800020e   0x00000004   Code   RO         1489    .ARM.Collect$$libinit$$00000001  c_w.l(libinit2.o)
    0x08000212   0x00000000   Code   RO         1492    .ARM.Collect$$libinit$$00000004  c_w.l(libinit2.o)
    0x08000212   0x00000000   Code   RO         1495    .ARM.Collect$$libinit$$0000000A  c_w.l(libinit2.o)
    0x08000212   0x00000000   Code   RO         1497    .ARM.Collect$$libinit$$0000000C  c_w.l(libinit2.o)
    0x08000212   0x00000000   Code   RO         1499    .ARM.Collect$$libinit$$0000000E  c_w.l(libinit2.o)
    0x08000212   0x00000006   Code   RO         1500    .ARM.Collect$$libinit$$0000000F  c_w.l(libinit2.o)
    0x08000218   0x00000000   Code   RO         1502    .ARM.Collect$$libinit$$00000011  c_w.l(libinit2.o)
    0x08000218   0x00000000   Code   RO         1504    .ARM.Collect$$libinit$$00000013  c_w.l(libinit2.o)
    0x08000218   0x00000000   Code   RO         1506    .ARM.Collect$$libinit$$00000015  c_w.l(libinit2.o)
    0x08000218   0x0000000a   Code   RO         1507    .ARM.Collect$$libinit$$00000016  c_w.l(libinit2.o)
    0x08000222   0x00000000   Code   RO         1508    .ARM.Collect$$libinit$$00000017  c_w.l(libinit2.o)
    0x08000222   0x00000000   Code   RO         1510    .ARM.Collect$$libinit$$00000019  c_w.l(libinit2.o)
    0x08000222   0x00000000   Code   RO         1512    .ARM.Collect$$libinit$$0000001B  c_w.l(libinit2.o)
    0x08000222   0x00000000   Code   RO         1514    .ARM.Collect$$libinit$$0000001D  c_w.l(libinit2.o)
    0x08000222   0x00000000   Code   RO         1516    .ARM.Collect$$libinit$$0000001F  c_w.l(libinit2.o)
    0x08000222   0x00000000   Code   RO         1518    .ARM.Collect$$libinit$$00000021  c_w.l(libinit2.o)
    0x08000222   0x00000000   Code   RO         1520    .ARM.Collect$$libinit$$00000023  c_w.l(libinit2.o)
    0x08000222   0x00000000   Code   RO         1522    .ARM.Collect$$libinit$$00000025  c_w.l(libinit2.o)
    0x08000222   0x00000000   Code   RO         1526    .ARM.Collect$$libinit$$0000002C  c_w.l(libinit2.o)
    0x08000222   0x00000000   Code   RO         1528    .ARM.Collect$$libinit$$0000002E  c_w.l(libinit2.o)
    0x08000222   0x00000000   Code   RO         1530    .ARM.Collect$$libinit$$00000030  c_w.l(libinit2.o)
    0x08000222   0x00000000   Code   RO         1532    .ARM.Collect$$libinit$$00000032  c_w.l(libinit2.o)
    0x08000222   0x00000002   Code   RO         1533    .ARM.Collect$$libinit$$00000033  c_w.l(libinit2.o)
    0x08000224   0x00000002   Code   RO         1561    .ARM.Collect$$libshutdown$$00000000  c_w.l(libshutdown.o)
    0x08000226   0x00000000   Code   RO         1570    .ARM.Collect$$libshutdown$$00000002  c_w.l(libshutdown2.o)
    0x08000226   0x00000000   Code   RO         1572    .ARM.Collect$$libshutdown$$00000004  c_w.l(libshutdown2.o)
    0x08000226   0x00000000   Code   RO         1575    .ARM.Collect$$libshutdown$$00000007  c_w.l(libshutdown2.o)
    0x08000226   0x00000000   Code   RO         1578    .ARM.Collect$$libshutdown$$0000000A  c_w.l(libshutdown2.o)
    0x08000226   0x00000000   Code   RO         1580    .ARM.Collect$$libshutdown$$0000000C  c_w.l(libshutdown2.o)
    0x08000226   0x00000000   Code   RO         1583    .ARM.Collect$$libshutdown$$0000000F  c_w.l(libshutdown2.o)
    0x08000226   0x00000002   Code   RO         1584    .ARM.Collect$$libshutdown$$00000010  c_w.l(libshutdown2.o)
    0x08000228   0x00000000   Code   RO         1391    .ARM.Collect$$rtentry$$00000000  c_w.l(__rtentry.o)
    0x08000228   0x00000000   Code   RO         1413    .ARM.Collect$$rtentry$$00000002  c_w.l(__rtentry2.o)
    0x08000228   0x00000006   Code   RO         1425    .ARM.Collect$$rtentry$$00000004  c_w.l(__rtentry4.o)
    0x0800022e   0x00000000   Code   RO         1415    .ARM.Collect$$rtentry$$00000009  c_w.l(__rtentry2.o)
    0x0800022e   0x00000004   Code   RO         1416    .ARM.Collect$$rtentry$$0000000A  c_w.l(__rtentry2.o)
    0x08000232   0x00000000   Code   RO         1418    .ARM.Collect$$rtentry$$0000000C  c_w.l(__rtentry2.o)
    0x08000232   0x00000008   Code   RO         1419    .ARM.Collect$$rtentry$$0000000D  c_w.l(__rtentry2.o)
    0x0800023a   0x00000002   Code   RO         1534    .ARM.Collect$$rtexit$$00000000  c_w.l(rtexit.o)
    0x0800023c   0x00000000   Code   RO         1541    .ARM.Collect$$rtexit$$00000002  c_w.l(rtexit2.o)
    0x0800023c   0x00000004   Code   RO         1542    .ARM.Collect$$rtexit$$00000003  c_w.l(rtexit2.o)
    0x08000240   0x00000006   Code   RO         1543    .ARM.Collect$$rtexit$$00000004  c_w.l(rtexit2.o)
    0x08000246   0x00000002   PAD
    0x08000248   0x00000050   Code   RO            3    .text               main.o
    0x08000298   0x0000001a   Code   RO          183    .text               stm32f4xx_it.o
    0x080002b2   0x00000002   PAD
    0x080002b4   0x00000210   Code   RO          206    .text               system_stm32f4xx.o
    0x080004c4   0x00001e54   Code   RO          275    .text               coor.o
    0x08002318   0x00000040   Code   RO          308    .text               startup_stm32f40_41xxx.o
    0x08002358   0x000000e0   Code   RO          314    .text               misc.o
    0x08002438   0x00000464   Code   RO          360    .text               stm32f4xx_adc.o
    0x0800289c   0x00000294   Code   RO          689    .text               stm32f4xx_gpio.o
    0x08002b30   0x0000065c   Code   RO          852    .text               stm32f4xx_rcc.o
    0x0800318c   0x00000ca2   Code   RO          997    .text               stm32f4xx_tim.o
    0x08003e2e   0x00000002   PAD
    0x08003e30   0x00000454   Code   RO         1017    .text               stm32f4xx_usart.o
    0x08004284   0x00000104   Code   RO         1057    .text               delay.o
    0x08004388   0x00000148   Code   RO         1097    .text               usart.o
    0x080044d0   0x000001d4   Code   RO         1148    .text               key.o
    0x080046a4   0x000004ae   Code   RO         1192    .text               oled.o
    0x08004b52   0x00000002   PAD
    0x08004b54   0x000009d0   Code   RO         1242    .text               adc.o
    0x08005524   0x0000024c   Code   RO         1267    .text               timer.o
    0x08005770   0x00000002   Code   RO         1336    .text               c_w.l(use_no_semi_2.o)
    0x08005772   0x00000002   PAD
    0x08005774   0x00000018   Code   RO         1342    .text               c_w.l(noretval__2printf.o)
    0x0800578c   0x00000028   Code   RO         1344    .text               c_w.l(noretval__2sprintf.o)
    0x080057b4   0x00000078   Code   RO         1348    .text               c_w.l(_printf_dec.o)
    0x0800582c   0x0000010e   Code   RO         1358    .text               c_w.l(__printf_wp.o)
    0x0800593a   0x00000006   Code   RO         1373    .text               c_w.l(heapauxi.o)
    0x08005940   0x00000002   Code   RO         1389    .text               c_w.l(use_no_semi.o)
    0x08005942   0x000000b2   Code   RO         1392    .text               c_w.l(_printf_intcommon.o)
    0x080059f4   0x0000041a   Code   RO         1394    .text               c_w.l(_printf_fp_dec.o)
    0x08005e0e   0x00000002   PAD
    0x08005e10   0x00000030   Code   RO         1396    .text               c_w.l(_printf_char_common.o)
    0x08005e40   0x0000000a   Code   RO         1398    .text               c_w.l(_sputc.o)
    0x08005e4a   0x00000002   PAD
    0x08005e4c   0x00000024   Code   RO         1400    .text               c_w.l(_printf_char_file.o)
    0x08005e70   0x00000008   Code   RO         1430    .text               c_w.l(rt_locale_intlibspace.o)
    0x08005e78   0x0000008a   Code   RO         1432    .text               c_w.l(lludiv10.o)
    0x08005f02   0x00000002   PAD
    0x08005f04   0x00000080   Code   RO         1434    .text               c_w.l(_printf_fp_infnan.o)
    0x08005f84   0x000000dc   Code   RO         1438    .text               c_w.l(bigflt0.o)
    0x08006060   0x00000008   Code   RO         1463    .text               c_w.l(ferror.o)
    0x08006068   0x00000008   Code   RO         1474    .text               c_w.l(libspace.o)
    0x08006070   0x0000004a   Code   RO         1477    .text               c_w.l(sys_stackheap_outer.o)
    0x080060ba   0x00000012   Code   RO         1479    .text               c_w.l(exit.o)
    0x080060cc   0x00000080   Code   RO         1481    .text               c_w.l(strcmpv7m.o)
    0x0800614c   0x0000003e   Code   RO         1441    CL$$btod_d2e        c_w.l(btod.o)
    0x0800618a   0x00000046   Code   RO         1443    CL$$btod_d2e_denorm_low  c_w.l(btod.o)
    0x080061d0   0x00000060   Code   RO         1442    CL$$btod_d2e_norm_op1  c_w.l(btod.o)
    0x08006230   0x00000338   Code   RO         1451    CL$$btod_div_common  c_w.l(btod.o)
    0x08006568   0x000000c6   Code   RO         1448    CL$$btod_e2e        c_w.l(btod.o)
    0x0800662e   0x00000028   Code   RO         1445    CL$$btod_ediv       c_w.l(btod.o)
    0x08006656   0x00000028   Code   RO         1444    CL$$btod_emul       c_w.l(btod.o)
    0x0800667e   0x00000244   Code   RO         1450    CL$$btod_mult_common  c_w.l(btod.o)
    0x080068c2   0x00000030   Code   RO         1472    i.__ARM_fpclassify  m_wm.l(fpclassify.o)
    0x080068f2   0x0000000e   Code   RO         1360    i._is_digit         c_w.l(__printf_wp.o)
    0x08006900   0x0000002c   Code   RO         1468    locale$$code        c_w.l(lc_numeric_c.o)
    0x0800692c   0x00000062   Code   RO         1377    x$fpl$d2f           fz_wm.l(d2f.o)
    0x0800698e   0x00000002   PAD
    0x08006990   0x00000154   Code   RO         1383    x$fpl$dmul          fz_wm.l(dmul.o)
    0x08006ae4   0x0000009c   Code   RO         1403    x$fpl$dnaninf       fz_wm.l(dnaninf.o)
    0x08006b80   0x0000000c   Code   RO         1405    x$fpl$dretinf       fz_wm.l(dretinf.o)
    0x08006b8c   0x00000056   Code   RO         1385    x$fpl$f2d           fz_wm.l(f2d.o)
    0x08006be2   0x0000008c   Code   RO         1407    x$fpl$fnaninf       fz_wm.l(fnaninf.o)
    0x08006c6e   0x0000000a   Code   RO         1538    x$fpl$fpinit        fz_wm.l(fpinit.o)
    0x08006c78   0x0000000a   Code   RO         1409    x$fpl$fretinf       fz_wm.l(fretinf.o)
    0x08006c82   0x00000004   Code   RO         1387    x$fpl$printf1       fz_wm.l(printf1.o)
    0x08006c86   0x00000000   Code   RO         1411    x$fpl$usenofp       fz_wm.l(usenofp.o)
    0x08006c86   0x00000818   Data   RO         1193    .constdata          oled.o
    0x0800749e   0x00000002   PAD
    0x080074a0   0x00000094   Data   RO         1439    .constdata          c_w.l(bigflt0.o)
    0x08007534   0x00000020   Data   RO         1609    Region$$Table       anon$$obj.o
    0x08007554   0x0000001c   Data   RO         1467    locale$$data        c_w.l(lc_numeric_c.o)


    Execution Region RW_IRAM1 (Base: 0x20000000, Size: 0x00001248, Max: 0x00020000, ABSOLUTE)

    Base Addr    Size         Type   Attr      Idx    E Section Name        Object

    0x20000000   0x00000004   Data   RW            4    .data               main.o
    0x20000004   0x00000014   Data   RW          207    .data               system_stm32f4xx.o
    0x20000018   0x00000018   Data   RW          277    .data               coor.o
    0x20000030   0x00000010   Data   RW          853    .data               stm32f4xx_rcc.o
    0x20000040   0x00000004   Data   RW         1058    .data               delay.o
    0x20000044   0x00000006   Data   RW         1099    .data               usart.o
    0x2000004a   0x00000001   Data   RW         1149    .data               key.o
    0x2000004b   0x00000080   Data   RW         1194    .data               oled.o
    0x200000cb   0x00000001   PAD
    0x200000cc   0x00000044   Data   RW         1244    .data               adc.o
    0x20000110   0x00000008   Data   RW         1269    .data               timer.o
    0x20000118   0x00000498   Zero   RW          276    .bss                coor.o
    0x200005b0   0x000000c8   Zero   RW         1098    .bss                usart.o
    0x20000678   0x00000564   Zero   RW         1243    .bss                adc.o
    0x20000bdc   0x0000000a   Zero   RW         1268    .bss                timer.o
    0x20000be6   0x00000002   PAD
    0x20000be8   0x00000060   Zero   RW         1475    .bss                c_w.l(libspace.o)
    0x20000c48   0x00000200   Zero   RW          306    HEAP                startup_stm32f40_41xxx.o
    0x20000e48   0x00000400   Zero   RW          305    STACK               startup_stm32f40_41xxx.o


==============================================================================

Image component sizes


      Code (inc. data)   RO Data    RW Data    ZI Data      Debug   Object Name

      2512        352          0         68       1380       4709   adc.o
      7764        894          0         24       1176       5879   coor.o
       260          8          0          4          0       1453   delay.o
       468         26          0          1          0       1246   key.o
        80         16          0          4          0      53023   main.o
       224         20          0          0          0     244745   misc.o
      1198         16       2072        128          0       4925   oled.o
        64         26        392          0       1536        824   startup_stm32f40_41xxx.o
      1124         24          0          0          0      10662   stm32f4xx_adc.o
       660         44          0          0          0       4129   stm32f4xx_gpio.o
        26          0          0          0          0       1210   stm32f4xx_it.o
      1628         52          0         16          0      12992   stm32f4xx_rcc.o
      3234         60          0          0          0      22988   stm32f4xx_tim.o
      1108         34          0          0          0       7856   stm32f4xx_usart.o
       528         46          0         20          0       1735   system_stm32f4xx.o
       588         34          0          8         10       1997   timer.o
       328         16          0          6        200       3302   usart.o

    ----------------------------------------------------------------------
     21800       1668       2498        280       4304     383675   Object Totals
         0          0         32          0          0          0   (incl. Generated)
         6          0          2          1          2          0   (incl. Padding)

    ----------------------------------------------------------------------

      Code (inc. data)   RO Data    RW Data    ZI Data      Debug   Library Member Name

         8          0          0          0          0         68   __main.o
       284          0          0          0          0        156   __printf_wp.o
         0          0          0          0          0          0   __rtentry.o
        12          0          0          0          0          0   __rtentry2.o
         6          0          0          0          0          0   __rtentry4.o
        52          8          0          0          0          0   __scatter.o
        26          0          0          0          0          0   __scatter_copy.o
        28          0          0          0          0          0   __scatter_zi.o
        48          6          0          0          0         96   _printf_char_common.o
        36          4          0          0          0         80   _printf_char_file.o
         6          0          0          0          0          0   _printf_d.o
       120         16          0          0          0         92   _printf_dec.o
         6          0          0          0          0          0   _printf_f.o
      1050          0          0          0          0        216   _printf_fp_dec.o
       128         16          0          0          0         84   _printf_fp_infnan.o
       178          0          0          0          0         88   _printf_intcommon.o
         0          0          0          0          0          0   _printf_percent.o
         4          0          0          0          0          0   _printf_percent_end.o
        10          0          0          0          0         68   _sputc.o
       220          4        148          0          0         96   bigflt0.o
      1910        128          0          0          0        672   btod.o
        18          0          0          0          0         80   exit.o
         8          0          0          0          0         68   ferror.o
         6          0          0          0          0        152   heapauxi.o
        44         10         28          0          0         76   lc_numeric_c.o
         2          0          0          0          0          0   libinit.o
        22          0          0          0          0          0   libinit2.o
         2          0          0          0          0          0   libshutdown.o
         2          0          0          0          0          0   libshutdown2.o
         8          4          0          0         96         68   libspace.o
       138          0          0          0          0         80   lludiv10.o
        24          4          0          0          0         84   noretval__2printf.o
        40          6          0          0          0         84   noretval__2sprintf.o
         8          4          0          0          0         68   rt_locale_intlibspace.o
         2          0          0          0          0          0   rtexit.o
        10          0          0          0          0          0   rtexit2.o
       128          0          0          0          0         68   strcmpv7m.o
        74          0          0          0          0         80   sys_stackheap_outer.o
         2          0          0          0          0         68   use_no_semi.o
         2          0          0          0          0         68   use_no_semi_2.o
        98          4          0          0          0        140   d2f.o
       340         12          0          0          0        152   dmul.o
       156          4          0          0          0        140   dnaninf.o
        12          0          0          0          0        116   dretinf.o
        86          4          0          0          0        132   f2d.o
       140          4          0          0          0        132   fnaninf.o
        10          0          0          0          0        116   fpinit.o
        10          0          0          0          0        116   fretinf.o
         4          0          0          0          0        116   printf1.o
         0          0          0          0          0          0   usenofp.o
        48          0          0          0          0        124   fpclassify.o

    ----------------------------------------------------------------------
      5590        238        176          0         96       4044   Library Totals
        14          0          0          0          0          0   (incl. Padding)

    ----------------------------------------------------------------------

      Code (inc. data)   RO Data    RW Data    ZI Data      Debug   Library Name

      4672        210        176          0         96       2760   c_w.l
       856         28          0          0          0       1160   fz_wm.l
        48          0          0          0          0        124   m_wm.l

    ----------------------------------------------------------------------
      5590        238        176          0         96       4044   Library Totals

    ----------------------------------------------------------------------

==============================================================================


      Code (inc. data)   RO Data    RW Data    ZI Data      Debug   

     27390       1906       2674        280       4400     381911   Grand Totals
     27390       1906       2674        280       4400     381911   ELF Image Totals
     27390       1906       2674        280          0          0   ROM Totals

==============================================================================

    Total RO  Size (Code + RO Data)                30064 (  29.36kB)
    Total RW  Size (RW Data + ZI Data)              4680 (   4.57kB)
    Total ROM Size (Code + RO Data + RW Data)      30344 (  29.63kB)

==============================================================================

